Component: ARM Compiler 5.05 update 1 (build 106) Tool: armlink [4d0efa]

==============================================================================

Section Cross References

    main.o(i.get_heart) refers to max30102.o(i.max30102_FIFO_ReadBytes) for max30102_FIFO_ReadBytes
    main.o(i.get_heart) refers to algorithm.o(i.maxim_heart_rate_and_oxygen_saturation) for maxim_heart_rate_and_oxygen_saturation
    main.o(i.get_heart) refers to fflt_clz.o(x$fpl$ffltu) for __aeabi_ui2f
    main.o(i.get_heart) refers to fdiv.o(x$fpl$fdiv) for __aeabi_fdiv
    main.o(i.get_heart) refers to fmul.o(x$fpl$fmul) for __aeabi_fmul
    main.o(i.get_heart) refers to ffix.o(x$fpl$ffix) for __aeabi_f2iz
    main.o(i.get_heart) refers to main.o(.data) for un_min
    main.o(i.get_heart) refers to main.o(.bss) for aun_red_buffer
    main.o(i.get_op) refers to usart.o(.data) for USART_RX_STA
    main.o(i.get_op) refers to usart.o(.bss) for USART_RX_BUF
    main.o(i.get_op) refers to main.o(.data) for j
    main.o(i.get_tem) refers to ds18b20.o(i.DS18B20_Get_Temp) for DS18B20_Get_Temp
    main.o(i.main) refers to delay.o(i.delay_init) for delay_init
    main.o(i.main) refers to misc.o(i.NVIC_PriorityGroupConfig) for NVIC_PriorityGroupConfig
    main.o(i.main) refers to usart.o(i.uart_init) for uart_init
    main.o(i.main) refers to usart.o(i.uart3_init) for uart3_init
    main.o(i.main) refers to __2printf.o(.text) for __2printf
    main.o(i.main) refers to fmq.o(i.mfq_Init) for mfq_Init
    main.o(i.main) refers to max30102.o(i.max30102_init) for max30102_init
    main.o(i.main) refers to max30102_iic.o(i.IIC_Init) for IIC_Init
    main.o(i.main) refers to oled.o(i.OLED_Init) for OLED_Init
    main.o(i.main) refers to ds18b20.o(i.DS18B20_Init) for DS18B20_Init
    main.o(i.main) refers to oled.o(i.OLED_ShowString) for OLED_ShowString
    main.o(i.main) refers to led.o(i.LED_Init) for LED_Init
    main.o(i.main) refers to delay.o(i.delay_ms) for delay_ms
    main.o(i.main) refers to main.o(i.show_all) for show_all
    main.o(i.main) refers to oled.o(i.OLED_ShowNum) for OLED_ShowNum
    main.o(i.main) refers to oled.o(i.OLED_ShowChar) for OLED_ShowChar
    main.o(i.main) refers to dht11.o(.bss) for rec_data
    main.o(i.show_all) refers to oled.o(i.OLED_ShowString) for OLED_ShowString
    main.o(i.show_all) refers to main.o(i.get_tem) for get_tem
    main.o(i.show_all) refers to dht11.o(i.DHT11_REC_Data) for DHT11_REC_Data
    main.o(i.show_all) refers to oled.o(i.OLED_ShowNum) for OLED_ShowNum
    main.o(i.show_all) refers to main.o(i.get_heart) for get_heart
    main.o(i.show_all) refers to stm32f10x_gpio.o(i.GPIO_SetBits) for GPIO_SetBits
    main.o(i.show_all) refers to delay.o(i.delay_ms) for delay_ms
    main.o(i.show_all) refers to stm32f10x_gpio.o(i.GPIO_ResetBits) for GPIO_ResetBits
    main.o(i.show_all) refers to usart.o(i.send) for send
    main.o(i.show_all) refers to oled.o(i.OLED_ShowChar) for OLED_ShowChar
    main.o(i.show_all) refers to main.o(.data) for tiwen
    main.o(i.show_all) refers to dht11.o(.bss) for rec_data
    main.o(.data) refers to main.o(.conststring) for .conststring
    system_stm32f10x.o(i.SetSysClock) refers to system_stm32f10x.o(i.SetSysClockTo72) for SetSysClockTo72
    system_stm32f10x.o(i.SystemCoreClockUpdate) refers to system_stm32f10x.o(.data) for SystemCoreClock
    system_stm32f10x.o(i.SystemInit) refers to system_stm32f10x.o(i.SetSysClock) for SetSysClock
    delay.o(i.delay_init) refers to misc.o(i.SysTick_CLKSourceConfig) for SysTick_CLKSourceConfig
    delay.o(i.delay_init) refers to system_stm32f10x.o(.data) for SystemCoreClock
    delay.o(i.delay_init) refers to delay.o(.data) for fac_us
    delay.o(i.delay_ms) refers to delay.o(.data) for fac_ms
    delay.o(i.delay_us) refers to delay.o(.data) for fac_us
    startup_stm32f10x_hd.o(STACK) refers (Special) to heapauxi.o(.text) for __use_two_region_memory
    startup_stm32f10x_hd.o(HEAP) refers (Special) to heapauxi.o(.text) for __use_two_region_memory
    startup_stm32f10x_hd.o(RESET) refers (Special) to heapauxi.o(.text) for __use_two_region_memory
    startup_stm32f10x_hd.o(RESET) refers to startup_stm32f10x_hd.o(STACK) for __initial_sp
    startup_stm32f10x_hd.o(RESET) refers to startup_stm32f10x_hd.o(.text) for Reset_Handler
    startup_stm32f10x_hd.o(RESET) refers to stm32f10x_it.o(i.NMI_Handler) for NMI_Handler
    startup_stm32f10x_hd.o(RESET) refers to stm32f10x_it.o(i.HardFault_Handler) for HardFault_Handler
    startup_stm32f10x_hd.o(RESET) refers to stm32f10x_it.o(i.MemManage_Handler) for MemManage_Handler
    startup_stm32f10x_hd.o(RESET) refers to stm32f10x_it.o(i.BusFault_Handler) for BusFault_Handler
    startup_stm32f10x_hd.o(RESET) refers to stm32f10x_it.o(i.UsageFault_Handler) for UsageFault_Handler
    startup_stm32f10x_hd.o(RESET) refers to stm32f10x_it.o(i.SVC_Handler) for SVC_Handler
    startup_stm32f10x_hd.o(RESET) refers to stm32f10x_it.o(i.DebugMon_Handler) for DebugMon_Handler
[...]
    i.__ARM_fpclassify                       0x08002f1a   Section        0  fpclassify.o(i.__ARM_fpclassify)
    i._is_digit                              0x08002f42   Section        0  __printf_wp.o(i._is_digit)
    i._sys_exit                              0x08002f50   Section        0  usart.o(i._sys_exit)
    i.delay_init                             0x08002f54   Section        0  delay.o(i.delay_init)
    i.delay_ms                               0x08002f98   Section        0  delay.o(i.delay_ms)
    i.delay_us                               0x08002fe4   Section        0  delay.o(i.delay_us)
    i.fputc                                  0x08003030   Section        0  usart.o(i.fputc)
    i.get_heart                              0x0800304c   Section        0  main.o(i.get_heart)
    i.get_tem                                0x080033c4   Section        0  main.o(i.get_tem)
    i.main                                   0x080033d8   Section        0  main.o(i.main)
    i.max30102_Bus_Read                      0x080034a4   Section        0  max30102.o(i.max30102_Bus_Read)
    i.max30102_Bus_Write                     0x080034f6   Section        0  max30102.o(i.max30102_Bus_Write)
    i.max30102_FIFO_ReadBytes                0x0800353a   Section        0  max30102.o(i.max30102_FIFO_ReadBytes)
    i.max30102_init                          0x080035bc   Section        0  max30102.o(i.max30102_init)
    i.max30102_reset                         0x08003644   Section        0  max30102.o(i.max30102_reset)
    i.maxim_find_peaks                       0x08003658   Section        0  algorithm.o(i.maxim_find_peaks)
    i.maxim_heart_rate_and_oxygen_saturation 0x0800369c   Section        0  algorithm.o(i.maxim_heart_rate_and_oxygen_saturation)
    i.maxim_peaks_above_min_height           0x08003b9c   Section        0  algorithm.o(i.maxim_peaks_above_min_height)
    i.maxim_remove_close_peaks               0x08003c16   Section        0  algorithm.o(i.maxim_remove_close_peaks)
    i.maxim_sort_ascend                      0x08003c88   Section        0  algorithm.o(i.maxim_sort_ascend)
    i.maxim_sort_indices_descend             0x08003cbe   Section        0  algorithm.o(i.maxim_sort_indices_descend)
    i.mfq_Init                               0x08003d00   Section        0  fmq.o(i.mfq_Init)
    i.send                                   0x08003d2c   Section        0  usart.o(i.send)
    i.show_all                               0x08003d58   Section        0  main.o(i.show_all)
    i.u2_printf                              0x08003e94   Section        0  usart2.o(i.u2_printf)
    i.uart3_init                             0x08003ef0   Section        0  usart.o(i.uart3_init)
    i.uart_init                              0x08003f9c   Section        0  usart.o(i.uart_init)
    i.wifi_check_cmd                         0x08004048   Section        0  wifi.o(i.wifi_check_cmd)
    i.wifi_send_cmd                          0x0800407c   Section        0  wifi.o(i.wifi_send_cmd)
    locale$$code                             0x080040dc   Section       44  lc_numeric_c.o(locale$$code)
    locale$$code                             0x08004108   Section       44  lc_ctype_c.o(locale$$code)
    x$fpl$dfix                               0x08004134   Section       94  dfix.o(x$fpl$dfix)
    x$fpl$dmul                               0x08004194   Section      340  dmul.o(x$fpl$dmul)
    x$fpl$dnaninf                            0x080042e8   Section      156  dnaninf.o(x$fpl$dnaninf)
    x$fpl$dretinf                            0x08004384   Section       12  dretinf.o(x$fpl$dretinf)
    x$fpl$f2d                                0x08004390   Section       86  f2d.o(x$fpl$f2d)
    x$fpl$fdiv                               0x080043e8   Section      388  fdiv.o(x$fpl$fdiv)
    _fdiv1                                   0x080043e9   Thumb Code     0  fdiv.o(x$fpl$fdiv)
    x$fpl$ffix                               0x0800456c   Section       54  ffix.o(x$fpl$ffix)
    x$fpl$fflt                               0x080045a4   Section       48  fflt_clz.o(x$fpl$fflt)
    x$fpl$ffltu                              0x080045d4   Section       38  fflt_clz.o(x$fpl$ffltu)
    x$fpl$fmul                               0x080045fc   Section      258  fmul.o(x$fpl$fmul)
    x$fpl$fnaninf                            0x080046fe   Section      140  fnaninf.o(x$fpl$fnaninf)
    x$fpl$fretinf                            0x0800478a   Section       10  fretinf.o(x$fpl$fretinf)
    x$fpl$printf1                            0x08004794   Section        4  printf1.o(x$fpl$printf1)
    x$fpl$printf2                            0x08004798   Section        4  printf2.o(x$fpl$printf2)
    .constdata                               0x0800479c   Section      246  algorithm.o(.constdata)
    x$fpl$usenofp                            0x0800479c   Section        0  usenofp.o(x$fpl$usenofp)
    .constdata                               0x08004892   Section     1520  oled.o(.constdata)
    .constdata                               0x08004e82   Section       17  __printf_flags_ss_wp.o(.constdata)
    maptable                                 0x08004e82   Data          17  __printf_flags_ss_wp.o(.constdata)
    .constdata                               0x08004e94   Section        8  _printf_wctomb.o(.constdata)
    initial_mbstate                          0x08004e94   Data           8  _printf_wctomb.o(.constdata)
    .constdata                               0x08004e9c   Section       40  _printf_hex_int_ll_ptr.o(.constdata)
    uc_hextab                                0x08004e9c   Data          20  _printf_hex_int_ll_ptr.o(.constdata)
    lc_hextab                                0x08004eb0   Data          20  _printf_hex_int_ll_ptr.o(.constdata)
    .constdata                               0x08004ec4   Section       38  _printf_fp_hex.o(.constdata)
    lc_hextab                                0x08004ec4   Data          19  _printf_fp_hex.o(.constdata)
    uc_hextab                                0x08004ed7   Data          19  _printf_fp_hex.o(.constdata)
    .constdata                               0x08004eec   Section      148  bigflt0.o(.constdata)
    tenpwrs_x                                0x08004eec   Data          60  bigflt0.o(.constdata)
    tenpwrs_i                                0x08004f28   Data          64  bigflt0.o(.constdata)
    .conststring                             0x08004f80   Section       70  main.o(.conststring)
    .conststring                             0x08004fc8   Section       79  timer.o(.conststring)
    locale$$data                             0x08005038   Section       28  lc_numeric_c.o(locale$$data)
    __lcnum_c_name                           0x0800503c   Data           2  lc_numeric_c.o(locale$$data)
    __lcnum_c_start                          0x08005044   Data           0  lc_numeric_c.o(locale$$data)
    __lcnum_c_point                          0x08005050   Data           0  lc_numeric_c.o(locale$$data)
    __lcnum_c_thousands                      0x08005052   Data           0  lc_numeric_c.o(locale$$data)
    __lcnum_c_grouping                       0x08005053   Data           0  lc_numeric_c.o(locale$$data)
    locale$$data                             0x08005054   Section      272  lc_ctype_c.o(locale$$data)
    __lcnum_c_end                            0x08005054   Data           0  lc_numeric_c.o(locale$$data)
    __lcctype_c_name                         0x08005058   Data           2  lc_ctype_c.o(locale$$data)
    __lcctype_c_start                        0x08005060   Data           0  lc_ctype_c.o(locale$$data)
    __lcctype_c_end                          0x08005164   Data           0  lc_ctype_c.o(locale$$data)
    .data                                    0x20000000   Section       76  main.o(.data)
    .data                                    0x2000004c   Section       20  system_stm32f10x.o(.data)
    .data                                    0x20000060   Section        4  delay.o(.data)
    fac_us                                   0x20000060   Data           1  delay.o(.data)
    fac_ms                                   0x20000062   Data           2  delay.o(.data)
    .data                                    0x20000064   Section       20  stm32f10x_rcc.o(.data)
    APBAHBPrescTable                         0x20000064   Data          16  stm32f10x_rcc.o(.data)
    ADCPrescTable                            0x20000074   Data           4  stm32f10x_rcc.o(.data)
    .data                                    0x20000078   Section        8  usart.o(.data)
    .data                                    0x20000080   Section        2  usart2.o(.data)
    .bss                                     0x20000084   Section     4200  main.o(.bss)
    .bss                                     0x200010ec   Section      800  usart.o(.bss)
    .bss                                     0x2000140c   Section     5984  algorithm.o(.bss)
    an_dx                                    0x2000140c   Data        1984  algorithm.o(.bss)
    an_x                                     0x20001bcc   Data        2000  algorithm.o(.bss)
    an_y                                     0x2000239c   Data        2000  algorithm.o(.bss)
    .bss                                     0x20002b6c   Section       16  dht11.o(.bss)
    .bss                                     0x20002b7c   Section       50  timer.o(.bss)
    .bss                                     0x20002bb0   Section     2048  usart2.o(.bss)
    .bss                                     0x200033b0   Section       96  libspace.o(.bss)
    HEAP                                     0x20003410   Section      512  startup_stm32f10x_hd.o(HEAP)
    Heap_Mem                                 0x20003410   Data         512  startup_stm32f10x_hd.o(HEAP)
    STACK                                    0x20003610   Section     1024  startup_stm32f10x_hd.o(STACK)
    Stack_Mem                                0x20003610   Data        1024  startup_stm32f10x_hd.o(STACK)
    __initial_sp                             0x20003a10   Data           0  startup_stm32f10x_hd.o(STACK)

    Global Symbols

    Symbol Name                              Value     Ov Type        Size  Object(Section)

    BuildAttributes$$THM_ISAv4$P$D$K$B$S$PE$A:L22UL41UL21$X:L11$S22US41US21$IEEE1$IW$USESV6$~STKCKD$USESV7$~SHL$OTIME$ROPI$IEEEJ$EBA8$UX$STANDARDLIB$REQ8$PRES8$EABIv2 0x00000000   Number         0  anon$$obj.o ABSOLUTE
    __ARM_use_no_argv                        0x00000000   Number         0  main.o ABSOLUTE
    _printf_flags                            0x00000000   Number         0  printf_stubs.o ABSOLUTE
    _printf_return_value                     0x00000000   Number         0  printf_stubs.o ABSOLUTE
    _printf_sizespec                         0x00000000   Number         0  printf_stubs.o ABSOLUTE
    _printf_widthprec                        0x00000000   Number         0  printf_stubs.o ABSOLUTE
    __ARM_exceptions_init                     - Undefined Weak Reference
    __alloca_initialize                       - Undefined Weak Reference
    __arm_preinit_                            - Undefined Weak Reference
    __cpp_initialize__aeabi_                  - Undefined Weak Reference
    __cxa_finalize                            - Undefined Weak Reference
    __sigvec_lookup                           - Undefined Weak Reference
    _atexit_init                              - Undefined Weak Reference
    _call_atexit_fns                          - Undefined Weak Reference
    _clock_init                               - Undefined Weak Reference
    _fp_trap_init                             - Undefined Weak Reference
    _fp_trap_shutdown                         - Undefined Weak Reference
    _get_lc_collate                           - Undefined Weak Reference
    _get_lc_monetary                          - Undefined Weak Reference
    _get_lc_time                              - Undefined Weak Reference
    _getenv_init                              - Undefined Weak Reference
    _handle_redirection                       - Undefined Weak Reference
    _init_alloc                               - Undefined Weak Reference
    _init_user_alloc                          - Undefined Weak Reference
    _initio                                   - Undefined Weak Reference
    _mutex_acquire                            - Undefined Weak Reference
    _mutex_release                            - Undefined Weak Reference
    _printf_mbtowc                            - Undefined Weak Reference
    _printf_wc                                - Undefined Weak Reference
    _rand_init                                - Undefined Weak Reference
    _signal_finish                            - Undefined Weak Reference
    _signal_init                              - Undefined Weak Reference
    _terminate_alloc                          - Undefined Weak Reference
    _terminate_user_alloc                     - Undefined Weak Reference
    _terminateio                              - Undefined Weak Reference
    __Vectors_Size                           0x00000130   Number         0  startup_stm32f10x_hd.o ABSOLUTE
    __Vectors                                0x08000000   Data           4  startup_stm32f10x_hd.o(RESET)
    __Vectors_End                            0x08000130   Data           0  startup_stm32f10x_hd.o(RESET)
    __main                                   0x08000131   Thumb Code     8  __main.o(!!!main)
    __scatterload                            0x08000139   Thumb Code     0  __scatter.o(!!!scatter)
    __scatterload_rt2                        0x08000139   Thumb Code    44  __scatter.o(!!!scatter)
    __scatterload_rt2_thumb_only             0x08000139   Thumb Code     0  __scatter.o(!!!scatter)
    __scatterload_null                       0x08000147   Thumb Code     0  __scatter.o(!!!scatter)
    __scatterload_copy                       0x0800016d   Thumb Code    26  __scatter_copy.o(!!handler_copy)
    __scatterload_zeroinit                   0x08000189   Thumb Code    28  __scatter_zi.o(!!handler_zi)
    _printf_n                                0x080001a5   Thumb Code     0  _printf_n.o(.ARM.Collect$$_printf_percent$$00000001)
    _printf_percent                          0x080001a5   Thumb Code     0  _printf_percent.o(.ARM.Collect$$_printf_percent$$00000000)
    _printf_p                                0x080001ab   Thumb Code     0  _printf_p.o(.ARM.Collect$$_printf_percent$$00000002)
    _printf_f                                0x080001b1   Thumb Code     0  _printf_f.o(.ARM.Collect$$_printf_percent$$00000003)
    _printf_e                                0x080001b7   Thumb Code     0  _printf_e.o(.ARM.Collect$$_printf_percent$$00000004)
    _printf_g                                0x080001bd   Thumb Code     0  _printf_g.o(.ARM.Collect$$_printf_percent$$00000005)
    _printf_a                                0x080001c3   Thumb Code     0  _printf_a.o(.ARM.Collect$$_printf_percent$$00000006)
    _printf_ll                               0x080001c9   Thumb Code     0  _printf_ll.o(.ARM.Collect$$_printf_percent$$00000007)
    _printf_i                                0x080001d3   Thumb Code     0  _printf_i.o(.ARM.Collect$$_printf_percent$$00000008)
    _printf_d                                0x080001d9   Thumb Code     0  _printf_d.o(.ARM.Collect$$_printf_percent$$00000009)
    _printf_u                                0x080001df   Thumb Code     0  _printf_u.o(.ARM.Collect$$_printf_percent$$0000000A)
    _printf_o                                0x080001e5   Thumb Code     0  _printf_o.o(.ARM.Collect$$_printf_percent$$0000000B)
    _printf_x                                0x080001eb   Thumb Code     0  _printf_x.o(.ARM.Collect$$_printf_percent$$0000000C)
    _printf_lli                              0x080001f1   Thumb Code     0  _printf_lli.o(.ARM.Collect$$_printf_percent$$0000000D)
    _printf_lld                              0x080001f7   Thumb Code     0  _printf_lld.o(.ARM.Collect$$_printf_percent$$0000000E)
    _printf_llu                              0x080001fd   Thumb Code     0  _printf_llu.o(.ARM.Collect$$_printf_percent$$0000000F)
    _printf_llo                              0x08000203   Thumb Code     0  _printf_llo.o(.ARM.Collect$$_printf_percent$$00000010)
    _printf_llx                              0x08000209   Thumb Code     0  _printf_llx.o(.ARM.Collect$$_printf_percent$$00000011)
    _printf_l                                0x0800020f   Thumb Code     0  _printf_l.o(.ARM.Collect$$_printf_percent$$00000012)
    _printf_c                                0x08000219   Thumb Code     0  _printf_c.o(.ARM.Collect$$_printf_percent$$00000013)
    _printf_s                                0x0800021f   Thumb Code     0  _printf_s.o(.ARM.Collect$$_printf_percent$$00000014)
    _printf_lc                               0x08000225   Thumb Code     0  _printf_lc.o(.ARM.Collect$$_printf_percent$$00000015)
    _printf_ls                               0x0800022b   Thumb Code     0  _printf_ls.o(.ARM.Collect$$_printf_percent$$00000016)
    _printf_percent_end                      0x08000231   Thumb Code     0  _printf_percent_end.o(.ARM.Collect$$_printf_percent$$00000017)
    __rt_lib_init                            0x08000235   Thumb Code     0  libinit.o(.ARM.Collect$$libinit$$00000000)
    __rt_lib_init_fp_1                       0x08000237   Thumb Code     0  libinit2.o(.ARM.Collect$$libinit$$00000002)
    __rt_lib_init_heap_1                     0x08000237   Thumb Code     0  libinit2.o(.ARM.Collect$$libinit$$0000000A)
    __rt_lib_init_lc_common                  0x08000237   Thumb Code     0  libinit2.o(.ARM.Collect$$libinit$$0000000F)
    __rt_lib_init_preinit_1                  0x08000237   Thumb Code     0  libinit2.o(.ARM.Collect$$libinit$$00000004)
    __rt_lib_init_rand_1                     0x08000237   Thumb Code     0  libinit2.o(.ARM.Collect$$libinit$$0000000E)
    __rt_lib_init_user_alloc_1               0x08000237   Thumb Code     0  libinit2.o(.ARM.Collect$$libinit$$0000000C)
    __rt_lib_init_lc_collate_1               0x0800023d   Thumb Code     0  libinit2.o(.ARM.Collect$$libinit$$00000011)
    __rt_lib_init_lc_ctype_2                 0x0800023d   Thumb Code     0  libinit2.o(.ARM.Collect$$libinit$$00000012)
    __rt_lib_init_lc_ctype_1                 0x08000249   Thumb Code     0  libinit2.o(.ARM.Collect$$libinit$$00000013)
    __rt_lib_init_lc_monetary_1              0x08000249   Thumb Code     0  libinit2.o(.ARM.Collect$$libinit$$00000015)
    __rt_lib_init_lc_numeric_2               0x08000249   Thumb Code     0  libinit2.o(.ARM.Collect$$libinit$$00000016)
    __rt_lib_init_alloca_1                   0x08000253   Thumb Code     0  libinit2.o(.ARM.Collect$$libinit$$0000002E)
    __rt_lib_init_argv_1                     0x08000253   Thumb Code     0  libinit2.o(.ARM.Collect$$libinit$$0000002C)
    __rt_lib_init_atexit_1                   0x08000253   Thumb Code     0  libinit2.o(.ARM.Collect$$libinit$$0000001B)
    __rt_lib_init_clock_1                    0x08000253   Thumb Code     0  libinit2.o(.ARM.Collect$$libinit$$00000021)
    __rt_lib_init_cpp_1                      0x08000253   Thumb Code     0  libinit2.o(.ARM.Collect$$libinit$$00000032)
    __rt_lib_init_exceptions_1               0x08000253   Thumb Code     0  libinit2.o(.ARM.Collect$$libinit$$00000030)
    __rt_lib_init_fp_trap_1                  0x08000253   Thumb Code     0  libinit2.o(.ARM.Collect$$libinit$$0000001F)
    __rt_lib_init_getenv_1                   0x08000253   Thumb Code     0  libinit2.o(.ARM.Collect$$libinit$$00000023)
    __rt_lib_init_lc_numeric_1               0x08000253   Thumb Code     0  libinit2.o(.ARM.Collect$$libinit$$00000017)
    __rt_lib_init_lc_time_1                  0x08000253   Thumb Code     0  libinit2.o(.ARM.Collect$$libinit$$00000019)
    __rt_lib_init_return                     0x08000253   Thumb Code     0  libinit2.o(.ARM.Collect$$libinit$$00000033)
    __rt_lib_init_signal_1                   0x08000253   Thumb Code     0  libinit2.o(.ARM.Collect$$libinit$$0000001D)
    __rt_lib_init_stdio_1                    0x08000253   Thumb Code     0  libinit2.o(.ARM.Collect$$libinit$$00000025)
    __rt_lib_shutdown                        0x08000255   Thumb Code     0  libshutdown.o(.ARM.Collect$$libshutdown$$00000000)
    __rt_lib_shutdown_fp_trap_1              0x08000257   Thumb Code     0  libshutdown2.o(.ARM.Collect$$libshutdown$$00000006)
    __rt_lib_shutdown_heap_1                 0x08000257   Thumb Code     0  libshutdown2.o(.ARM.Collect$$libshutdown$$0000000E)
    __rt_lib_shutdown_return                 0x08000257   Thumb Code     0  libshutdown2.o(.ARM.Collect$$libshutdown$$0000000F)
    __rt_lib_shutdown_signal_1               0x08000257   Thumb Code     0  libshutdown2.o(.ARM.Collect$$libshutdown$$00000009)
    __rt_lib_shutdown_stdio_1                0x08000257   Thumb Code     0  libshutdown2.o(.ARM.Collect$$libshutdown$$00000003)
    __rt_lib_shutdown_user_alloc_1           0x08000257   Thumb Code     0  libshutdown2.o(.ARM.Collect$$libshutdown$$0000000B)
    __rt_entry                               0x08000259   Thumb Code     0  __rtentry.o(.ARM.Collect$$rtentry$$00000000)
    __rt_entry_presh_1                       0x08000259   Thumb Code     0  __rtentry2.o(.ARM.Collect$$rtentry$$00000002)
    __rt_entry_sh                            0x08000259   Thumb Code     0  __rtentry4.o(.ARM.Collect$$rtentry$$00000004)
    __rt_entry_li                            0x0800025f   Thumb Code     0  __rtentry2.o(.ARM.Collect$$rtentry$$0000000A)
    __rt_entry_postsh_1                      0x0800025f   Thumb Code     0  __rtentry2.o(.ARM.Collect$$rtentry$$00000009)
    __rt_entry_main                          0x08000263   Thumb Code     0  __rtentry2.o(.ARM.Collect$$rtentry$$0000000D)
    __rt_entry_postli_1                      0x08000263   Thumb Code     0  __rtentry2.o(.ARM.Collect$$rtentry$$0000000C)
    __rt_exit                                0x0800026b   Thumb Code     0  rtexit.o(.ARM.Collect$$rtexit$$00000000)
    __rt_exit_ls                             0x0800026d   Thumb Code     0  rtexit2.o(.ARM.Collect$$rtexit$$00000003)
    __rt_exit_prels_1                        0x0800026d   Thumb Code     0  rtexit2.o(.ARM.Collect$$rtexit$$00000002)
    __rt_exit_exit                           0x08000271   Thumb Code     0  rtexit2.o(.ARM.Collect$$rtexit$$00000004)
    Reset_Handler                            0x08000279   Thumb Code     8  startup_stm32f10x_hd.o(.text)
    ADC1_2_IRQHandler                        0x08000293   Thumb Code     0  startup_stm32f10x_hd.o(.text)
    ADC3_IRQHandler                          0x08000293   Thumb Code     0  startup_stm32f10x_hd.o(.text)
    CAN1_RX1_IRQHandler                      0x08000293   Thumb Code     0  startup_stm32f10x_hd.o(.text)
    CAN1_SCE_IRQHandler                      0x08000293   Thumb Code     0  startup_stm32f10x_hd.o(.text)
    DMA1_Channel1_IRQHandler                 0x08000293   Thumb Code     0  startup_stm32f10x_hd.o(.text)
    DMA1_Channel2_IRQHandler                 0x08000293   Thumb Code     0  startup_stm32f10x_hd.o(.text)
    DMA1_Channel3_IRQHandler                 0x08000293   Thumb Code     0  startup_stm32f10x_hd.o(.text)
    DMA1_Channel4_IRQHandler                 0x08000293   Thumb Code     0  startup_stm32f10x_hd.o(.text)
    DMA1_Channel5_IRQHandler                 0x08000293   Thumb Code     0  startup_stm32f10x_hd.o(.text)
    DMA1_Channel6_IRQHandler                 0x08000293   Thumb Code     0  startup_stm32f10x_hd.o(.text)
    DMA1_Channel7_IRQHandler                 0x08000293   Thumb Code     0  startup_stm32f10x_hd.o(.text)
    DMA2_Channel1_IRQHandler                 0x08000293   Thumb Code     0  startup_stm32f10x_hd.o(.text)
    DMA2_Channel2_IRQHandler                 0x08000293   Thumb Code     0  startup_stm32f10x_hd.o(.text)
    DMA2_Channel3_IRQHandler                 0x08000293   Thumb Code     0  startup_stm32f10x_hd.o(.text)
    DMA2_Channel4_5_IRQHandler               0x08000293   Thumb Code     0  startup_stm32f10x_hd.o(.text)
    EXTI0_IRQHandler                         0x08000293   Thumb Code     0  startup_stm32f10x_hd.o(.text)
    EXTI15_10_IRQHandler                     0x08000293   Thumb Code     0  startup_stm32f10x_hd.o(.text)
    EXTI1_IRQHandler                         0x08000293   Thumb Code     0  startup_stm32f10x_hd.o(.text)
    EXTI2_IRQHandler                         0x08000293   Thumb Code     0  startup_stm32f10x_hd.o(.text)
    EXTI3_IRQHandler                         0x08000293   Thumb Code     0  startup_stm32f10x_hd.o(.text)
    EXTI4_IRQHandler                         0x08000293   Thumb Code     0  startup_stm32f10x_hd.o(.text)
    EXTI9_5_IRQHandler                       0x08000293   Thumb Code     0  startup_stm32f10x_hd.o(.text)
    FLASH_IRQHandler                         0x08000293   Thumb Code     0  startup_stm32f10x_hd.o(.text)
    FSMC_IRQHandler                          0x08000293   Thumb Code     0  startup_stm32f10x_hd.o(.text)
    I2C1_ER_IRQHandler                       0x08000293   Thumb Code     0  startup_stm32f10x_hd.o(.text)
    I2C1_EV_IRQHandler                       0x08000293   Thumb Code     0  startup_stm32f10x_hd.o(.text)
    I2C2_ER_IRQHandler                       0x08000293   Thumb Code     0  startup_stm32f10x_hd.o(.text)
    I2C2_EV_IRQHandler                       0x08000293   Thumb Code     0  startup_stm32f10x_hd.o(.text)
    PVD_IRQHandler                           0x08000293   Thumb Code     0  startup_stm32f10x_hd.o(.text)
    RCC_IRQHandler                           0x08000293   Thumb Code     0  startup_stm32f10x_hd.o(.text)
    RTCAlarm_IRQHandler                      0x08000293   Thumb Code     0  startup_stm32f10x_hd.o(.text)
    RTC_IRQHandler                           0x08000293   Thumb Code     0  startup_stm32f10x_hd.o(.text)
    SDIO_IRQHandler                          0x08000293   Thumb Code     0  startup_stm32f10x_hd.o(.text)
    SPI1_IRQHandler                          0x08000293   Thumb Code     0  startup_stm32f10x_hd.o(.text)
    SPI2_IRQHandler                          0x08000293   Thumb Code     0  startup_stm32f10x_hd.o(.text)
    SPI3_IRQHandler                          0x08000293   Thumb Code     0  startup_stm32f10x_hd.o(.text)
    TAMPER_IRQHandler                        0x08000293   Thumb Code     0  startup_stm32f10x_hd.o(.text)
    TIM1_BRK_IRQHandler                      0x08000293   Thumb Code     0  startup_stm32f10x_hd.o(.text)
    TIM1_CC_IRQHandler                       0x08000293   Thumb Code     0  startup_stm32f10x_hd.o(.text)
    TIM1_TRG_COM_IRQHandler                  0x08000293   Thumb Code     0  startup_stm32f10x_hd.o(.text)
    TIM1_UP_IRQHandler                       0x08000293   Thumb Code     0  startup_stm32f10x_hd.o(.text)
    TIM2_IRQHandler                          0x08000293   Thumb Code     0  startup_stm32f10x_hd.o(.text)
    TIM5_IRQHandler                          0x08000293   Thumb Code     0  startup_stm32f10x_hd.o(.text)
    TIM6_IRQHandler                          0x08000293   Thumb Code     0  startup_stm32f10x_hd.o(.text)
    TIM7_IRQHandler                          0x08000293   Thumb Code     0  startup_stm32f10x_hd.o(.text)
    TIM8_BRK_IRQHandler                      0x08000293   Thumb Code     0  startup_stm32f10x_hd.o(.text)
    TIM8_CC_IRQHandler                       0x08000293   Thumb Code     0  startup_stm32f10x_hd.o(.text)
    TIM8_TRG_COM_IRQHandler                  0x08000293   Thumb Code     0  startup_stm32f10x_hd.o(.text)
    TIM8_UP_IRQHandler                       0x08000293   Thumb Code     0  startup_stm32f10x_hd.o(.text)
    UART4_IRQHandler                         0x08000293   Thumb Code     0  startup_stm32f10x_hd.o(.text)
    UART5_IRQHandler                         0x08000293   Thumb Code     0  startup_stm32f10x_hd.o(.text)
    USBWakeUp_IRQHandler                     0x08000293   Thumb Code     0  startup_stm32f10x_hd.o(.text)
    USB_HP_CAN1_TX_IRQHandler                0x08000293   Thumb Code     0  startup_stm32f10x_hd.o(.text)
    USB_LP_CAN1_RX0_IRQHandler               0x08000293   Thumb Code     0  startup_stm32f10x_hd.o(.text)
    WWDG_IRQHandler                          0x08000293   Thumb Code     0  startup_stm32f10x_hd.o(.text)
    __user_initial_stackheap                 0x08000295   Thumb Code     0  startup_stm32f10x_hd.o(.text)
    __use_no_semihosting                     0x080002b9   Thumb Code     2  use_no_semi_2.o(.text)
    vsprintf                                 0x080002bd   Thumb Code    32  vsprintf.o(.text)
    __2printf                                0x080002e1   Thumb Code    20  __2printf.o(.text)
    __2sprintf                               0x080002f9   Thumb Code    38  __2sprintf.o(.text)
    _printf_str                              0x08000325   Thumb Code    82  _printf_str.o(.text)
    _printf_int_dec                          0x08000379   Thumb Code   104  _printf_dec.o(.text)
    __printf                                 0x080003f1   Thumb Code   388  __printf_flags_ss_wp.o(.text)
    strstr                                   0x08000579   Thumb Code    36  strstr.o(.text)
    strlen                                   0x0800059d   Thumb Code    62  strlen.o(.text)
    __use_two_region_memory                  0x080005db   Thumb Code     2  heapauxi.o(.text)
    __rt_heap_escrow$2region                 0x080005dd   Thumb Code     2  heapauxi.o(.text)
    __rt_heap_expand$2region                 0x080005df   Thumb Code     2  heapauxi.o(.text)
    __I$use$semihosting                      0x080005e1   Thumb Code     0  use_no_semi.o(.text)
    __use_no_semihosting_swi                 0x080005e1   Thumb Code     2  use_no_semi.o(.text)
    _printf_pre_padding                      0x080005e3   Thumb Code    44  _printf_pad.o(.text)
    _printf_post_padding                     0x0800060f   Thumb Code    34  _printf_pad.o(.text)
    _printf_truncate_signed                  0x08000631   Thumb Code    18  _printf_truncate.o(.text)
    _printf_truncate_unsigned                0x08000643   Thumb Code    18  _printf_truncate.o(.text)
    _printf_int_common                       0x08000655   Thumb Code   178  _printf_intcommon.o(.text)
    _printf_charcount                        0x08000707   Thumb Code    40  _printf_charcount.o(.text)
    _printf_char_common                      0x0800073b   Thumb Code    32  _printf_char_common.o(.text)
    _sputc                                   0x08000761   Thumb Code    10  _sputc.o(.text)
    _printf_cs_common                        0x0800076b   Thumb Code    20  _printf_char.o(.text)
    _printf_char                             0x0800077f   Thumb Code    16  _printf_char.o(.text)
    _printf_string                           0x0800078f   Thumb Code     8  _printf_char.o(.text)
    _printf_char_file                        0x08000799   Thumb Code    32  _printf_char_file.o(.text)
    _printf_wctomb                           0x080007bd   Thumb Code   182  _printf_wctomb.o(.text)
    _printf_longlong_dec                     0x08000879   Thumb Code   108  _printf_longlong_dec.o(.text)
    _printf_longlong_oct                     0x080008f5   Thumb Code    68  _printf_oct_int_ll.o(.text)
    _printf_int_oct                          0x08000939   Thumb Code    24  _printf_oct_int_ll.o(.text)
    _printf_ll_oct                           0x08000951   Thumb Code    12  _printf_oct_int_ll.o(.text)
    _printf_longlong_hex                     0x08000965   Thumb Code    86  _printf_hex_int_ll_ptr.o(.text)
    _printf_int_hex                          0x080009bb   Thumb Code    28  _printf_hex_int_ll_ptr.o(.text)
    _printf_ll_hex                           0x080009d7   Thumb Code    12  _printf_hex_int_ll_ptr.o(.text)
    _printf_hex_ptr                          0x080009e3   Thumb Code    18  _printf_hex_int_ll_ptr.o(.text)
    _ll_udiv10                               0x080009f9   Thumb Code   138  lludiv10.o(.text)
    __lib_sel_fp_printf                      0x08000a83   Thumb Code     2  _printf_fp_dec.o(.text)
    _printf_fp_dec_real                      0x08000c31   Thumb Code   620  _printf_fp_dec.o(.text)
    _printf_fp_hex_real                      0x08000e9d   Thumb Code   754  _printf_fp_hex.o(.text)
    _printf_lcs_common                       0x08001199   Thumb Code    20  _printf_wchar.o(.text)
    _printf_wchar                            0x080011ad   Thumb Code    16  _printf_wchar.o(.text)
    _printf_wstring                          0x080011bd   Thumb Code     8  _printf_wchar.o(.text)
    ferror                                   0x080011c5   Thumb Code     8  ferror.o(.text)
    _wcrtomb                                 0x080011cd   Thumb Code    64  _wcrtomb.o(.text)
    __user_setup_stackheap                   0x0800120d   Thumb Code    74  sys_stackheap_outer.o(.text)
    __rt_ctype_table                         0x08001259   Thumb Code    16  rt_ctype_table.o(.text)
    __rt_locale                              0x08001269   Thumb Code     8  rt_locale_intlibspace.o(.text)
    _printf_fp_infnan                        0x08001271   Thumb Code   112  _printf_fp_infnan.o(.text)
    _btod_etento                             0x080012f1   Thumb Code   216  bigflt0.o(.text)
    exit                                     0x080013cd   Thumb Code    12  exit.o(.text)
    __user_libspace                          0x080013d9   Thumb Code     8  libspace.o(.text)
    __user_perproc_libspace                  0x080013d9   Thumb Code     0  libspace.o(.text)
    __user_perthread_libspace                0x080013d9   Thumb Code     0  libspace.o(.text)
    strcmp                                   0x080013e1   Thumb Code   128  strcmpv7m.o(.text)
    _btod_d2e                                0x08001461   Thumb Code    62  btod.o(CL$$btod_d2e)
    _d2e_denorm_low                          0x0800149f   Thumb Code    70  btod.o(CL$$btod_d2e_denorm_low)
    _d2e_norm_op1                            0x080014e5   Thumb Code    96  btod.o(CL$$btod_d2e_norm_op1)
    __btod_div_common                        0x08001545   Thumb Code   696  btod.o(CL$$btod_div_common)
    _e2e                                     0x0800187d   Thumb Code   198  btod.o(CL$$btod_e2e)
    _btod_ediv                               0x08001943   Thumb Code    40  btod.o(CL$$btod_ediv)
    _btod_emul                               0x0800196b   Thumb Code    40  btod.o(CL$$btod_emul)
    __btod_mult_common                       0x08001993   Thumb Code   580  btod.o(CL$$btod_mult_common)
    BusFault_Handler                         0x08001bd7   Thumb Code     4  stm32f10x_it.o(i.BusFault_Handler)
    DH11_GPIO_Init_IN                        0x08001bdd   Thumb Code    38  dht11.o(i.DH11_GPIO_Init_IN)
    DH11_GPIO_Init_OUT                       0x08001c09   Thumb Code    38  dht11.o(i.DH11_GPIO_Init_OUT)
    DHT11_REC_Data                           0x08001c35   Thumb Code   168  dht11.o(i.DHT11_REC_Data)
    DHT11_Rec_Byte                           0x08001ce5   Thumb Code    80  dht11.o(i.DHT11_Rec_Byte)
    DHT11_Start                              0x08001d39   Thumb Code    60  dht11.o(i.DHT11_Start)
    DS18B20_Check                            0x08001d79   Thumb Code    92  ds18b20.o(i.DS18B20_Check)
    DS18B20_Get_Temp                         0x08001ddd   Thumb Code   136  ds18b20.o(i.DS18B20_Get_Temp)
    DS18B20_Init                             0x08001e69   Thumb Code    58  ds18b20.o(i.DS18B20_Init)
    DS18B20_Read_Bit                         0x08001ea9   Thumb Code    96  ds18b20.o(i.DS18B20_Read_Bit)
    DS18B20_Read_Byte                        0x08001f15   Thumb Code    34  ds18b20.o(i.DS18B20_Read_Byte)
    DS18B20_Rst                              0x08001f39   Thumb Code    54  ds18b20.o(i.DS18B20_Rst)
    DS18B20_Start                            0x08001f7d   Thumb Code    24  ds18b20.o(i.DS18B20_Start)
    DS18B20_Write_Byte                       0x08001f95   Thumb Code   102  ds18b20.o(i.DS18B20_Write_Byte)
    DebugMon_Handler                         0x08002009   Thumb Code     2  stm32f10x_it.o(i.DebugMon_Handler)
    GPIO_Init                                0x0800200b   Thumb Code   278  stm32f10x_gpio.o(i.GPIO_Init)
    GPIO_ReadInputDataBit                    0x08002121   Thumb Code    18  stm32f10x_gpio.o(i.GPIO_ReadInputDataBit)
    GPIO_ResetBits                           0x08002133   Thumb Code     4  stm32f10x_gpio.o(i.GPIO_ResetBits)
    GPIO_SetBits                             0x08002137   Thumb Code     4  stm32f10x_gpio.o(i.GPIO_SetBits)
    GPIO_WriteBit                            0x0800213b   Thumb Code    10  stm32f10x_gpio.o(i.GPIO_WriteBit)
    HardFault_Handler                        0x08002145   Thumb Code     4  stm32f10x_it.o(i.HardFault_Handler)
    IIC_Ack                                  0x08002149   Thumb Code    66  max30102_iic.o(i.IIC_Ack)
    IIC_Init                                 0x08002199   Thumb Code    52  max30102_iic.o(i.IIC_Init)
    IIC_NAck                                 0x080021d9   Thumb Code    66  max30102_iic.o(i.IIC_NAck)
    IIC_Read_Byte                            0x08002229   Thumb Code    98  max30102_iic.o(i.IIC_Read_Byte)
    IIC_Send_Byte                            0x08002299   Thumb Code    90  max30102_iic.o(i.IIC_Send_Byte)
    IIC_Start                                0x08002301   Thumb Code    64  max30102_iic.o(i.IIC_Start)
    IIC_Stop                                 0x0800234d   Thumb Code    62  max30102_iic.o(i.IIC_Stop)
    IIC_Wait_Ack                             0x08002399   Thumb Code    86  max30102_iic.o(i.IIC_Wait_Ack)
    LED_Init                                 0x080023fd   Thumb Code    98  led.o(i.LED_Init)
    MemManage_Handler                        0x08002469   Thumb Code     4  stm32f10x_it.o(i.MemManage_Handler)
    NMI_Handler                              0x0800246d   Thumb Code     2  stm32f10x_it.o(i.NMI_Handler)
    NVIC_Init                                0x08002471   Thumb Code   100  misc.o(i.NVIC_Init)
    NVIC_PriorityGroupConfig                 0x080024e1   Thumb Code    10  misc.o(i.NVIC_PriorityGroupConfig)
    OLED_Clear                               0x080024f5   Thumb Code    42  oled.o(i.OLED_Clear)
    OLED_I2C_Init                            0x08002521   Thumb Code    72  oled.o(i.OLED_I2C_Init)
    OLED_I2C_SendByte                        0x0800256d   Thumb Code    74  oled.o(i.OLED_I2C_SendByte)
    OLED_I2C_Start                           0x080025bd   Thumb Code    44  oled.o(i.OLED_I2C_Start)
    OLED_I2C_Stop                            0x080025ed   Thumb Code    34  oled.o(i.OLED_I2C_Stop)
    OLED_Init                                0x08002615   Thumb Code   174  oled.o(i.OLED_Init)
    OLED_Pow                                 0x080026c3   Thumb Code    20  oled.o(i.OLED_Pow)
    OLED_SetCursor                           0x080026d7   Thumb Code    34  oled.o(i.OLED_SetCursor)
    OLED_ShowChar                            0x080026f9   Thumb Code   110  oled.o(i.OLED_ShowChar)
    OLED_ShowNum                             0x0800276d   Thumb Code    68  oled.o(i.OLED_ShowNum)
    OLED_ShowString                          0x080027b1   Thumb Code    40  oled.o(i.OLED_ShowString)
    OLED_WriteCommand                        0x080027d9   Thumb Code    32  oled.o(i.OLED_WriteCommand)
    OLED_WriteData                           0x080027f9   Thumb Code    32  oled.o(i.OLED_WriteData)
    PendSV_Handler                           0x08002819   Thumb Code     2  stm32f10x_it.o(i.PendSV_Handler)
    RCC_APB1PeriphClockCmd                   0x0800281d   Thumb Code    26  stm32f10x_rcc.o(i.RCC_APB1PeriphClockCmd)
    RCC_APB2PeriphClockCmd                   0x0800283d   Thumb Code    26  stm32f10x_rcc.o(i.RCC_APB2PeriphClockCmd)
    RCC_GetClocksFreq                        0x0800285d   Thumb Code   192  stm32f10x_rcc.o(i.RCC_GetClocksFreq)
    SVC_Handler                              0x08002931   Thumb Code     2  stm32f10x_it.o(i.SVC_Handler)
    SysTick_CLKSourceConfig                  0x08002a1d   Thumb Code    40  misc.o(i.SysTick_CLKSourceConfig)
    SysTick_Handler                          0x08002a45   Thumb Code     2  stm32f10x_it.o(i.SysTick_Handler)
    SystemInit                               0x08002a49   Thumb Code    78  system_stm32f10x.o(i.SystemInit)
    TIM3_IRQHandler                          0x08002aa9   Thumb Code   120  timer.o(i.TIM3_IRQHandler)
    TIM4_IRQHandler                          0x08002b4d   Thumb Code    40  usart2.o(i.TIM4_IRQHandler)
    TIM4_Set                                 0x08002b7d   Thumb Code    34  usart2.o(i.TIM4_Set)
    TIM_ClearITPendingBit                    0x08002ba5   Thumb Code     6  stm32f10x_tim.o(i.TIM_ClearITPendingBit)
    TIM_Cmd                                  0x08002bab   Thumb Code    24  stm32f10x_tim.o(i.TIM_Cmd)
    TIM_GetITStatus                          0x08002bc3   Thumb Code    34  stm32f10x_tim.o(i.TIM_GetITStatus)
    TIM_SetCounter                           0x08002be5   Thumb Code     4  stm32f10x_tim.o(i.TIM_SetCounter)
    USART1_IRQHandler                        0x08002be9   Thumb Code   124  usart.o(i.USART1_IRQHandler)
    USART2_IRQHandler                        0x08002c71   Thumb Code    84  usart2.o(i.USART2_IRQHandler)
    USART3_IRQHandler                        0x08002cd5   Thumb Code   124  usart.o(i.USART3_IRQHandler)
    USART_Cmd                                0x08002d5d   Thumb Code    24  stm32f10x_usart.o(i.USART_Cmd)
    USART_GetFlagStatus                      0x08002d75   Thumb Code    26  stm32f10x_usart.o(i.USART_GetFlagStatus)
    USART_GetITStatus                        0x08002d8f   Thumb Code    84  stm32f10x_usart.o(i.USART_GetITStatus)
    USART_ITConfig                           0x08002de3   Thumb Code    74  stm32f10x_usart.o(i.USART_ITConfig)
    USART_Init                               0x08002e2d   Thumb Code   210  stm32f10x_usart.o(i.USART_Init)
    USART_ReceiveData                        0x08002f05   Thumb Code    10  stm32f10x_usart.o(i.USART_ReceiveData)
    USART_SendData                           0x08002f0f   Thumb Code     8  stm32f10x_usart.o(i.USART_SendData)
    UsageFault_Handler                       0x08002f17   Thumb Code     4  stm32f10x_it.o(i.UsageFault_Handler)
    __ARM_fpclassify                         0x08002f1b   Thumb Code    40  fpclassify.o(i.__ARM_fpclassify)
    _is_digit                                0x08002f43   Thumb Code    14  __printf_wp.o(i._is_digit)
    _sys_exit                                0x08002f51   Thumb Code     4  usart.o(i._sys_exit)
    delay_init                               0x08002f55   Thumb Code    50  delay.o(i.delay_init)
    delay_ms                                 0x08002f99   Thumb Code    72  delay.o(i.delay_ms)
    delay_us                                 0x08002fe5   Thumb Code    72  delay.o(i.delay_us)
    fputc                                    0x08003031   Thumb Code    24  usart.o(i.fputc)
    get_heart                                0x0800304d   Thumb Code   806  main.o(i.get_heart)
    get_tem                                  0x080033c5   Thumb Code    20  main.o(i.get_tem)
    main                                     0x080033d9   Thumb Code   174  main.o(i.main)
    max30102_Bus_Read                        0x080034a5   Thumb Code    82  max30102.o(i.max30102_Bus_Read)
    max30102_Bus_Write                       0x080034f7   Thumb Code    68  max30102.o(i.max30102_Bus_Write)
    max30102_FIFO_ReadBytes                  0x0800353b   Thumb Code   128  max30102.o(i.max30102_FIFO_ReadBytes)
    max30102_init                            0x080035bd   Thumb Code   130  max30102.o(i.max30102_init)
    max30102_reset                           0x08003645   Thumb Code    20  max30102.o(i.max30102_reset)
    maxim_find_peaks                         0x08003659   Thumb Code    66  algorithm.o(i.maxim_find_peaks)
    maxim_heart_rate_and_oxygen_saturation   0x0800369d   Thumb Code  1272  algorithm.o(i.maxim_heart_rate_and_oxygen_saturation)
    maxim_peaks_above_min_height             0x08003b9d   Thumb Code   122  algorithm.o(i.maxim_peaks_above_min_height)
    maxim_remove_close_peaks                 0x08003c17   Thumb Code   114  algorithm.o(i.maxim_remove_close_peaks)
    maxim_sort_ascend                        0x08003c89   Thumb Code    54  algorithm.o(i.maxim_sort_ascend)
    maxim_sort_indices_descend               0x08003cbf   Thumb Code    64  algorithm.o(i.maxim_sort_indices_descend)
    mfq_Init                                 0x08003d01   Thumb Code    38  fmq.o(i.mfq_Init)
    send                                     0x08003d2d   Thumb Code    34  usart.o(i.send)
    show_all                                 0x08003d59   Thumb Code   280  main.o(i.show_all)
    u2_printf                                0x08003e95   Thumb Code    84  usart2.o(i.u2_printf)
    uart3_init                               0x08003ef1   Thumb Code   162  usart.o(i.uart3_init)
    uart_init                                0x08003f9d   Thumb Code   162  usart.o(i.uart_init)
    wifi_check_cmd                           0x08004049   Thumb Code    44  wifi.o(i.wifi_check_cmd)
    wifi_send_cmd                            0x0800407d   Thumb Code    82  wifi.o(i.wifi_send_cmd)
    _get_lc_numeric                          0x080040dd   Thumb Code    44  lc_numeric_c.o(locale$$code)
    _get_lc_ctype                            0x08004109   Thumb Code    44  lc_ctype_c.o(locale$$code)
    __aeabi_d2iz                             0x08004135   Thumb Code     0  dfix.o(x$fpl$dfix)
    _dfix                                    0x08004135   Thumb Code    94  dfix.o(x$fpl$dfix)
    __aeabi_dmul                             0x08004195   Thumb Code     0  dmul.o(x$fpl$dmul)
    _dmul                                    0x08004195   Thumb Code   332  dmul.o(x$fpl$dmul)
    __fpl_dnaninf                            0x080042e9   Thumb Code   156  dnaninf.o(x$fpl$dnaninf)
    __fpl_dretinf                            0x08004385   Thumb Code    12  dretinf.o(x$fpl$dretinf)
    __aeabi_f2d                              0x08004391   Thumb Code     0  f2d.o(x$fpl$f2d)
    _f2d                                     0x08004391   Thumb Code    86  f2d.o(x$fpl$f2d)
    __aeabi_fdiv                             0x080043e9   Thumb Code     0  fdiv.o(x$fpl$fdiv)
    _fdiv                                    0x080043e9   Thumb Code   384  fdiv.o(x$fpl$fdiv)
    __aeabi_f2iz                             0x0800456d   Thumb Code     0  ffix.o(x$fpl$ffix)
    _ffix                                    0x0800456d   Thumb Code    54  ffix.o(x$fpl$ffix)
    __aeabi_i2f                              0x080045a5   Thumb Code     0  fflt_clz.o(x$fpl$fflt)
    _fflt                                    0x080045a5   Thumb Code    48  fflt_clz.o(x$fpl$fflt)
    __aeabi_ui2f                             0x080045d5   Thumb Code     0  fflt_clz.o(x$fpl$ffltu)
    _ffltu                                   0x080045d5   Thumb Code    38  fflt_clz.o(x$fpl$ffltu)
    __aeabi_fmul                             0x080045fd   Thumb Code     0  fmul.o(x$fpl$fmul)
    _fmul                                    0x080045fd   Thumb Code   258  fmul.o(x$fpl$fmul)
    __fpl_fnaninf                            0x080046ff   Thumb Code   140  fnaninf.o(x$fpl$fnaninf)
    __fpl_fretinf                            0x0800478b   Thumb Code    10  fretinf.o(x$fpl$fretinf)
    _printf_fp_dec                           0x08004795   Thumb Code     4  printf1.o(x$fpl$printf1)
    _printf_fp_hex                           0x08004799   Thumb Code     4  printf2.o(x$fpl$printf2)
    __I$use$fp                               0x0800479c   Number         0  usenofp.o(x$fpl$usenofp)
    auw_hamm                                 0x0800479c   Data          62  algorithm.o(.constdata)
    uch_spo2_table                           0x080047da   Data         184  algorithm.o(.constdata)
    OLED_F8x16                               0x08004892   Data        1520  oled.o(.constdata)
    Region$$Table$$Base                      0x08005018   Number         0  anon$$obj.o(Region$$Table)
    Region$$Table$$Limit                     0x08005038   Number         0  anon$$obj.o(Region$$Table)
    __ctype                                  0x08005061   Data           0  lc_ctype_c.o(locale$$data)
    cmdLEDON                                 0x20000000   Data           4  main.o(.data)
    cmdLEDOFF                                0x20000004   Data           4  main.o(.data)
    op                                       0x20000008   Data           2  main.o(.data)
    len                                      0x2000000a   Data           2  main.o(.data)
    j                                        0x2000000c   Data           2  main.o(.data)
    value                                    0x2000000e   Data           3  main.o(.data)
    n_ir_buffer_length                       0x20000014   Data           4  main.o(.data)
    n_sp02                                   0x20000018   Data           4  main.o(.data)
    ch_spo2_valid                            0x2000001c   Data           1  main.o(.data)
    n_heart_rate                             0x20000020   Data           4  main.o(.data)
    ch_hr_valid                              0x20000024   Data           1  main.o(.data)
    Temp                                     0x20000025   Data           1  main.o(.data)
    un_min                                   0x20000028   Data           4  main.o(.data)
    un_max                                   0x2000002c   Data           4  main.o(.data)
    un_prev_data                             0x20000030   Data           4  main.o(.data)
    i                                        0x20000034   Data           4  main.o(.data)
    n_brightness                             0x20000038   Data           4  main.o(.data)
    f_temp                                   0x2000003c   Data           4  main.o(.data)
    temp                                     0x20000040   Data           6  main.o(.data)
    dis_hr                                   0x20000046   Data           1  main.o(.data)
    dis_spo2                                 0x20000047   Data           1  main.o(.data)
    tiwen                                    0x20000048   Data           4  main.o(.data)
    SystemCoreClock                          0x2000004c   Data           4  system_stm32f10x.o(.data)
    AHBPrescTable                            0x20000050   Data          16  system_stm32f10x.o(.data)
    __stdout                                 0x20000078   Data           4  usart.o(.data)
    USART_RX_STA                             0x2000007c   Data           2  usart.o(.data)
    USART_RX_STA3                            0x2000007e   Data           2  usart.o(.data)
    USART2_RX_STA                            0x20000080   Data           2  usart2.o(.data)
    buf1                                     0x20000084   Data         100  main.o(.bss)
    aun_ir_buffer                            0x200000e8   Data        2000  main.o(.bss)
    aun_red_buffer                           0x200008b8   Data        2000  main.o(.bss)
    str                                      0x20001088   Data         100  main.o(.bss)
    USART_RX_BUF                             0x200010ec   Data         400  usart.o(.bss)
    USART_RX_BUF3                            0x2000127c   Data         400  usart.o(.bss)
    rec_data                                 0x20002b6c   Data          16  dht11.o(.bss)
    buf2                                     0x20002b7c   Data          50  timer.o(.bss)
    USART2_TX_BUF                            0x20002bb0   Data        1024  usart2.o(.bss)
    USART2_RX_BUF                            0x20002fb0   Data        1024  usart2.o(.bss)
    __libspace_start                         0x200033b0   Data          96  libspace.o(.bss)
    __temporary_stack_top$libspace           0x20003410   Data           0  libspace.o(.bss)



==============================================================================

Memory Map of the image

  Image Entry point : 0x08000279

  Load Region LR_1 (Base: 0x08000000, Size: 0x000051e8, Max: 0xffffffff, ABSOLUTE)

    Execution Region ER_RO (Exec base: 0x08000000, Load base: 0x08000000, Size: 0x00005164, Max: 0xffffffff, ABSOLUTE)

    Exec Addr    Load Addr    Size         Type   Attr      Idx    E Section Name        Object

    0x08000000   0x08000000   0x00000130   Data   RO          461    RESET               startup_stm32f10x_hd.o
    0x08000130   0x08000130   0x00000008   Code   RO         4130  * !!!main             c_w.l(__main.o)
    0x08000138   0x08000138   0x00000034   Code   RO         4461    !!!scatter          c_w.l(__scatter.o)
    0x0800016c   0x0800016c   0x0000001a   Code   RO         4463    !!handler_copy      c_w.l(__scatter_copy.o)
    0x08000186   0x08000186   0x00000002   PAD
    0x08000188   0x08000188   0x0000001c   Code   RO         4465    !!handler_zi        c_w.l(__scatter_zi.o)
    0x080001a4   0x080001a4   0x00000000   Code   RO         4123    .ARM.Collect$$_printf_percent$$00000000  c_w.l(_printf_percent.o)
    0x080001a4   0x080001a4   0x00000006   Code   RO         4210    .ARM.Collect$$_printf_percent$$00000001  c_w.l(_printf_n.o)
    0x080001aa   0x080001aa   0x00000006   Code   RO         4212    .ARM.Collect$$_printf_percent$$00000002  c_w.l(_printf_p.o)
    0x080001b0   0x080001b0   0x00000006   Code   RO         4216    .ARM.Collect$$_printf_percent$$00000003  c_w.l(_printf_f.o)
    0x080001b6   0x080001b6   0x00000006   Code   RO         4217    .ARM.Collect$$_printf_percent$$00000004  c_w.l(_printf_e.o)
    0x080001bc   0x080001bc   0x00000006   Code   RO         4218    .ARM.Collect$$_printf_percent$$00000005  c_w.l(_printf_g.o)
    0x080001c2   0x080001c2   0x00000006   Code   RO         4219    .ARM.Collect$$_printf_percent$$00000006  c_w.l(_printf_a.o)
    0x080001c8   0x080001c8   0x0000000a   Code   RO         4224    .ARM.Collect$$_printf_percent$$00000007  c_w.l(_printf_ll.o)
    0x080001d2   0x080001d2   0x00000006   Code   RO         4214    .ARM.Collect$$_printf_percent$$00000008  c_w.l(_printf_i.o)
    0x080001d8   0x080001d8   0x00000006   Code   RO         4122    .ARM.Collect$$_printf_percent$$00000009  c_w.l(_printf_d.o)
    0x080001de   0x080001de   0x00000006   Code   RO         4215    .ARM.Collect$$_printf_percent$$0000000A  c_w.l(_printf_u.o)
    0x080001e4   0x080001e4   0x00000006   Code   RO         4213    .ARM.Collect$$_printf_percent$$0000000B  c_w.l(_printf_o.o)
    0x080001ea   0x080001ea   0x00000006   Code   RO         4211    .ARM.Collect$$_printf_percent$$0000000C  c_w.l(_printf_x.o)
    0x080001f0   0x080001f0   0x00000006   Code   RO         4221    .ARM.Collect$$_printf_percent$$0000000D  c_w.l(_printf_lli.o)
    0x080001f6   0x080001f6   0x00000006   Code   RO         4222    .ARM.Collect$$_printf_percent$$0000000E  c_w.l(_printf_lld.o)
    0x080001fc   0x080001fc   0x00000006   Code   RO         4223    .ARM.Collect$$_printf_percent$$0000000F  c_w.l(_printf_llu.o)
    0x08000202   0x08000202   0x00000006   Code   RO         4228    .ARM.Collect$$_printf_percent$$00000010  c_w.l(_printf_llo.o)
    0x08000208   0x08000208   0x00000006   Code   RO         4229    .ARM.Collect$$_printf_percent$$00000011  c_w.l(_printf_llx.o)
    0x0800020e   0x0800020e   0x0000000a   Code   RO         4225    .ARM.Collect$$_printf_percent$$00000012  c_w.l(_printf_l.o)
    0x08000218   0x08000218   0x00000006   Code   RO         4209    .ARM.Collect$$_printf_percent$$00000013  c_w.l(_printf_c.o)
    0x0800021e   0x0800021e   0x00000006   Code   RO         4121    .ARM.Collect$$_printf_percent$$00000014  c_w.l(_printf_s.o)
    0x08000224   0x08000224   0x00000006   Code   RO         4226    .ARM.Collect$$_printf_percent$$00000015  c_w.l(_printf_lc.o)
    0x0800022a   0x0800022a   0x00000006   Code   RO         4227    .ARM.Collect$$_printf_percent$$00000016  c_w.l(_printf_ls.o)
    0x08000230   0x08000230   0x00000004   Code   RO         4220    .ARM.Collect$$_printf_percent$$00000017  c_w.l(_printf_percent_end.o)
    0x08000234   0x08000234   0x00000002   Code   RO         4327    .ARM.Collect$$libinit$$00000000  c_w.l(libinit.o)
    0x08000236   0x08000236   0x00000000   Code   RO         4343    .ARM.Collect$$libinit$$00000002  c_w.l(libinit2.o)
    0x08000236   0x08000236   0x00000000   Code   RO         4345    .ARM.Collect$$libinit$$00000004  c_w.l(libinit2.o)
    0x08000236   0x08000236   0x00000000   Code   RO         4348    .ARM.Collect$$libinit$$0000000A  c_w.l(libinit2.o)
    0x08000236   0x08000236   0x00000000   Code   RO         4350    .ARM.Collect$$libinit$$0000000C  c_w.l(libinit2.o)
    0x08000236   0x08000236   0x00000000   Code   RO         4352    .ARM.Collect$$libinit$$0000000E  c_w.l(libinit2.o)
    0x08000236   0x08000236   0x00000006   Code   RO         4353    .ARM.Collect$$libinit$$0000000F  c_w.l(libinit2.o)
    0x0800023c   0x0800023c   0x00000000   Code   RO         4355    .ARM.Collect$$libinit$$00000011  c_w.l(libinit2.o)
    0x0800023c   0x0800023c   0x0000000c   Code   RO         4356    .ARM.Collect$$libinit$$00000012  c_w.l(libinit2.o)
    0x08000248   0x08000248   0x00000000   Code   RO         4357    .ARM.Collect$$libinit$$00000013  c_w.l(libinit2.o)
    0x08000248   0x08000248   0x00000000   Code   RO         4359    .ARM.Collect$$libinit$$00000015  c_w.l(libinit2.o)
    0x08000248   0x08000248   0x0000000a   Code   RO         4360    .ARM.Collect$$libinit$$00000016  c_w.l(libinit2.o)
    0x08000252   0x08000252   0x00000000   Code   RO         4361    .ARM.Collect$$libinit$$00000017  c_w.l(libinit2.o)
    0x08000252   0x08000252   0x00000000   Code   RO         4363    .ARM.Collect$$libinit$$00000019  c_w.l(libinit2.o)
    0x08000252   0x08000252   0x00000000   Code   RO         4365    .ARM.Collect$$libinit$$0000001B  c_w.l(libinit2.o)
    0x08000252   0x08000252   0x00000000   Code   RO         4367    .ARM.Collect$$libinit$$0000001D  c_w.l(libinit2.o)
    0x08000252   0x08000252   0x00000000   Code   RO         4369    .ARM.Collect$$libinit$$0000001F  c_w.l(libinit2.o)
    0x08000252   0x08000252   0x00000000   Code   RO         4371    .ARM.Collect$$libinit$$00000021  c_w.l(libinit2.o)
    0x08000252   0x08000252   0x00000000   Code   RO         4373    .ARM.Collect$$libinit$$00000023  c_w.l(libinit2.o)
    0x08000252   0x08000252   0x00000000   Code   RO         4375    .ARM.Collect$$libinit$$00000025  c_w.l(libinit2.o)
    0x08000252   0x08000252   0x00000000   Code   RO         4379    .ARM.Collect$$libinit$$0000002C  c_w.l(libinit2.o)
    0x08000252   0x08000252   0x00000000   Code   RO         4381    .ARM.Collect$$libinit$$0000002E  c_w.l(libinit2.o)
    0x08000252   0x08000252   0x00000000   Code   RO         4383    .ARM.Collect$$libinit$$00000030  c_w.l(libinit2.o)
    0x08000252   0x08000252   0x00000000   Code   RO         4385    .ARM.Collect$$libinit$$00000032  c_w.l(libinit2.o)
    0x08000252   0x08000252   0x00000002   Code   RO         4386    .ARM.Collect$$libinit$$00000033  c_w.l(libinit2.o)
    0x08000254   0x08000254   0x00000002   Code   RO         4404    .ARM.Collect$$libshutdown$$00000000  c_w.l(libshutdown.o)
    0x08000256   0x08000256   0x00000000   Code   RO         4415    .ARM.Collect$$libshutdown$$00000003  c_w.l(libshutdown2.o)
    0x08000256   0x08000256   0x00000000   Code   RO         4418    .ARM.Collect$$libshutdown$$00000006  c_w.l(libshutdown2.o)
    0x08000256   0x08000256   0x00000000   Code   RO         4421    .ARM.Collect$$libshutdown$$00000009  c_w.l(libshutdown2.o)
    0x08000256   0x08000256   0x00000000   Code   RO         4423    .ARM.Collect$$libshutdown$$0000000B  c_w.l(libshutdown2.o)
    0x08000256   0x08000256   0x00000000   Code   RO         4426    .ARM.Collect$$libshutdown$$0000000E  c_w.l(libshutdown2.o)
    0x08000256   0x08000256   0x00000002   Code   RO         4427    .ARM.Collect$$libshutdown$$0000000F  c_w.l(libshutdown2.o)
    0x08000258   0x08000258   0x00000000   Code   RO         4160    .ARM.Collect$$rtentry$$00000000  c_w.l(__rtentry.o)
    0x08000258   0x08000258   0x00000000   Code   RO         4250    .ARM.Collect$$rtentry$$00000002  c_w.l(__rtentry2.o)
    0x08000258   0x08000258   0x00000006   Code   RO         4262    .ARM.Collect$$rtentry$$00000004  c_w.l(__rtentry4.o)
    0x0800025e   0x0800025e   0x00000000   Code   RO         4252    .ARM.Collect$$rtentry$$00000009  c_w.l(__rtentry2.o)
    0x0800025e   0x0800025e   0x00000004   Code   RO         4253    .ARM.Collect$$rtentry$$0000000A  c_w.l(__rtentry2.o)
    0x08000262   0x08000262   0x00000000   Code   RO         4255    .ARM.Collect$$rtentry$$0000000C  c_w.l(__rtentry2.o)
    0x08000262   0x08000262   0x00000008   Code   RO         4256    .ARM.Collect$$rtentry$$0000000D  c_w.l(__rtentry2.o)
    0x0800026a   0x0800026a   0x00000002   Code   RO         4335    .ARM.Collect$$rtexit$$00000000  c_w.l(rtexit.o)
    0x0800026c   0x0800026c   0x00000000   Code   RO         4388    .ARM.Collect$$rtexit$$00000002  c_w.l(rtexit2.o)
    0x0800026c   0x0800026c   0x00000004   Code   RO         4389    .ARM.Collect$$rtexit$$00000003  c_w.l(rtexit2.o)
    0x08000270   0x08000270   0x00000006   Code   RO         4390    .ARM.Collect$$rtexit$$00000004  c_w.l(rtexit2.o)
    0x08000276   0x08000276   0x00000002   PAD
    0x08000278   0x08000278   0x00000040   Code   RO          462  * .text               startup_stm32f10x_hd.o
    0x080002b8   0x080002b8   0x00000002   Code   RO         4083    .text               c_w.l(use_no_semi_2.o)
    0x080002ba   0x080002ba   0x00000002   PAD
    0x080002bc   0x080002bc   0x00000024   Code   RO         4085    .text               c_w.l(vsprintf.o)
    0x080002e0   0x080002e0   0x00000018   Code   RO         4087    .text               c_w.l(__2printf.o)
    0x080002f8   0x080002f8   0x0000002c   Code   RO         4089    .text               c_w.l(__2sprintf.o)
    0x08000324   0x08000324   0x00000052   Code   RO         4097    .text               c_w.l(_printf_str.o)
    0x08000376   0x08000376   0x00000002   PAD
    0x08000378   0x08000378   0x00000078   Code   RO         4099    .text               c_w.l(_printf_dec.o)
    0x080003f0   0x080003f0   0x00000188   Code   RO         4118    .text               c_w.l(__printf_flags_ss_wp.o)
    0x08000578   0x08000578   0x00000024   Code   RO         4124    .text               c_w.l(strstr.o)
    0x0800059c   0x0800059c   0x0000003e   Code   RO         4126    .text               c_w.l(strlen.o)
    0x080005da   0x080005da   0x00000006   Code   RO         4128    .text               c_w.l(heapauxi.o)
    0x080005e0   0x080005e0   0x00000002   Code   RO         4158    .text               c_w.l(use_no_semi.o)
    0x080005e2   0x080005e2   0x0000004e   Code   RO         4161    .text               c_w.l(_printf_pad.o)
    0x08000630   0x08000630   0x00000024   Code   RO         4163    .text               c_w.l(_printf_truncate.o)
    0x08000654   0x08000654   0x000000b2   Code   RO         4165    .text               c_w.l(_printf_intcommon.o)
    0x08000706   0x08000706   0x00000028   Code   RO         4167    .text               c_w.l(_printf_charcount.o)
    0x0800072e   0x0800072e   0x00000002   PAD
    0x08000730   0x08000730   0x00000030   Code   RO         4169    .text               c_w.l(_printf_char_common.o)
    0x08000760   0x08000760   0x0000000a   Code   RO         4171    .text               c_w.l(_sputc.o)
    0x0800076a   0x0800076a   0x0000002c   Code   RO         4173    .text               c_w.l(_printf_char.o)
    0x08000796   0x08000796   0x00000002   PAD
    0x08000798   0x08000798   0x00000024   Code   RO         4175    .text               c_w.l(_printf_char_file.o)
    0x080007bc   0x080007bc   0x000000bc   Code   RO         4177    .text               c_w.l(_printf_wctomb.o)
    0x08000878   0x08000878   0x0000007c   Code   RO         4180    .text               c_w.l(_printf_longlong_dec.o)
    0x080008f4   0x080008f4   0x00000070   Code   RO         4186    .text               c_w.l(_printf_oct_int_ll.o)
    0x08000964   0x08000964   0x00000094   Code   RO         4206    .text               c_w.l(_printf_hex_int_ll_ptr.o)
    0x080009f8   0x080009f8   0x0000008a   Code   RO         4264    .text               c_w.l(lludiv10.o)
    0x08000a82   0x08000a82   0x0000041a   Code   RO         4266    .text               c_w.l(_printf_fp_dec.o)
    0x08000e9c   0x08000e9c   0x000002fc   Code   RO         4268    .text               c_w.l(_printf_fp_hex.o)
    0x08001198   0x08001198   0x0000002c   Code   RO         4273    .text               c_w.l(_printf_wchar.o)
    0x080011c4   0x080011c4   0x00000008   Code   RO         4275    .text               c_w.l(ferror.o)
    0x080011cc   0x080011cc   0x00000040   Code   RO         4279    .text               c_w.l(_wcrtomb.o)
    0x0800120c   0x0800120c   0x0000004a   Code   RO         4281    .text               c_w.l(sys_stackheap_outer.o)
    0x08001256   0x08001256   0x00000002   PAD
    0x08001258   0x08001258   0x00000010   Code   RO         4283    .text               c_w.l(rt_ctype_table.o)
    0x08001268   0x08001268   0x00000008   Code   RO         4288    .text               c_w.l(rt_locale_intlibspace.o)
    0x08001270   0x08001270   0x00000080   Code   RO         4290    .text               c_w.l(_printf_fp_infnan.o)
    0x080012f0   0x080012f0   0x000000dc   Code   RO         4292    .text               c_w.l(bigflt0.o)
    0x080013cc   0x080013cc   0x0000000c   Code   RO         4320    .text               c_w.l(exit.o)
    0x080013d8   0x080013d8   0x00000008   Code   RO         4332    .text               c_w.l(libspace.o)
    0x080013e0   0x080013e0   0x00000080   Code   RO         4340    .text               c_w.l(strcmpv7m.o)
    0x08001460   0x08001460   0x0000003e   Code   RO         4295    CL$$btod_d2e        c_w.l(btod.o)
    0x0800149e   0x0800149e   0x00000046   Code   RO         4297    CL$$btod_d2e_denorm_low  c_w.l(btod.o)
    0x080014e4   0x080014e4   0x00000060   Code   RO         4296    CL$$btod_d2e_norm_op1  c_w.l(btod.o)
    0x08001544   0x08001544   0x00000338   Code   RO         4305    CL$$btod_div_common  c_w.l(btod.o)
    0x0800187c   0x0800187c   0x000000c6   Code   RO         4302    CL$$btod_e2e        c_w.l(btod.o)
    0x08001942   0x08001942   0x00000028   Code   RO         4299    CL$$btod_ediv       c_w.l(btod.o)
    0x0800196a   0x0800196a   0x00000028   Code   RO         4298    CL$$btod_emul       c_w.l(btod.o)
    0x08001992   0x08001992   0x00000244   Code   RO         4304    CL$$btod_mult_common  c_w.l(btod.o)
    0x08001bd6   0x08001bd6   0x00000004   Code   RO          182    i.BusFault_Handler  stm32f10x_it.o
    0x08001bda   0x08001bda   0x00000002   PAD
    0x08001bdc   0x08001bdc   0x0000002c   Code   RO         3912    i.DH11_GPIO_Init_IN  dht11.o
    0x08001c08   0x08001c08   0x0000002c   Code   RO         3913    i.DH11_GPIO_Init_OUT  dht11.o
    0x08001c34   0x08001c34   0x000000b0   Code   RO         3914    i.DHT11_REC_Data    dht11.o
    0x08001ce4   0x08001ce4   0x00000054   Code   RO         3915    i.DHT11_Rec_Byte    dht11.o
    0x08001d38   0x08001d38   0x00000040   Code   RO         3916    i.DHT11_Start       dht11.o
    0x08001d78   0x08001d78   0x00000064   Code   RO         3536    i.DS18B20_Check     ds18b20.o
    0x08001ddc   0x08001ddc   0x0000008c   Code   RO         3537    i.DS18B20_Get_Temp  ds18b20.o
    0x08001e68   0x08001e68   0x00000040   Code   RO         3538    i.DS18B20_Init      ds18b20.o
    0x08001ea8   0x08001ea8   0x0000006c   Code   RO         3539    i.DS18B20_Read_Bit  ds18b20.o
    0x08001f14   0x08001f14   0x00000022   Code   RO         3540    i.DS18B20_Read_Byte  ds18b20.o
    0x08001f36   0x08001f36   0x00000002   PAD
    0x08001f38   0x08001f38   0x00000044   Code   RO         3541    i.DS18B20_Rst       ds18b20.o
    0x08001f7c   0x08001f7c   0x00000018   Code   RO         3542    i.DS18B20_Start     ds18b20.o
    0x08001f94   0x08001f94   0x00000074   Code   RO         3543    i.DS18B20_Write_Byte  ds18b20.o
    0x08002008   0x08002008   0x00000002   Code   RO          183    i.DebugMon_Handler  stm32f10x_it.o
    0x0800200a   0x0800200a   0x00000116   Code   RO         1617    i.GPIO_Init         stm32f10x_gpio.o
    0x08002120   0x08002120   0x00000012   Code   RO         1621    i.GPIO_ReadInputDataBit  stm32f10x_gpio.o
    0x08002132   0x08002132   0x00000004   Code   RO         1624    i.GPIO_ResetBits    stm32f10x_gpio.o
    0x08002136   0x08002136   0x00000004   Code   RO         1625    i.GPIO_SetBits      stm32f10x_gpio.o
    0x0800213a   0x0800213a   0x0000000a   Code   RO         1628    i.GPIO_WriteBit     stm32f10x_gpio.o
    0x08002144   0x08002144   0x00000004   Code   RO          184    i.HardFault_Handler  stm32f10x_it.o
    0x08002148   0x08002148   0x00000050   Code   RO         3677    i.IIC_Ack           max30102_iic.o
    0x08002198   0x08002198   0x00000040   Code   RO         3678    i.IIC_Init          max30102_iic.o
    0x080021d8   0x080021d8   0x00000050   Code   RO         3679    i.IIC_NAck          max30102_iic.o
    0x08002228   0x08002228   0x00000070   Code   RO         3681    i.IIC_Read_Byte     max30102_iic.o
    0x08002298   0x08002298   0x00000068   Code   RO         3683    i.IIC_Send_Byte     max30102_iic.o
    0x08002300   0x08002300   0x0000004c   Code   RO         3684    i.IIC_Start         max30102_iic.o
    0x0800234c   0x0800234c   0x0000004c   Code   RO         3685    i.IIC_Stop          max30102_iic.o
    0x08002398   0x08002398   0x00000064   Code   RO         3686    i.IIC_Wait_Ack      max30102_iic.o
    0x080023fc   0x080023fc   0x0000006c   Code   RO         3433    i.LED_Init          led.o
    0x08002468   0x08002468   0x00000004   Code   RO          185    i.MemManage_Handler  stm32f10x_it.o
    0x0800246c   0x0800246c   0x00000002   Code   RO          186    i.NMI_Handler       stm32f10x_it.o
    0x0800246e   0x0800246e   0x00000002   PAD
    0x08002470   0x08002470   0x00000070   Code   RO          466    i.NVIC_Init         misc.o
    0x080024e0   0x080024e0   0x00000014   Code   RO          467    i.NVIC_PriorityGroupConfig  misc.o
    0x080024f4   0x080024f4   0x0000002a   Code   RO         3804    i.OLED_Clear        oled.o
    0x0800251e   0x0800251e   0x00000002   PAD
    0x08002520   0x08002520   0x0000004c   Code   RO         3805    i.OLED_I2C_Init     oled.o
    0x0800256c   0x0800256c   0x00000050   Code   RO         3806    i.OLED_I2C_SendByte  oled.o
    0x080025bc   0x080025bc   0x00000030   Code   RO         3807    i.OLED_I2C_Start    oled.o
    0x080025ec   0x080025ec   0x00000028   Code   RO         3808    i.OLED_I2C_Stop     oled.o
    0x08002614   0x08002614   0x000000ae   Code   RO         3809    i.OLED_Init         oled.o
    0x080026c2   0x080026c2   0x00000014   Code   RO         3810    i.OLED_Pow          oled.o
    0x080026d6   0x080026d6   0x00000022   Code   RO         3811    i.OLED_SetCursor    oled.o
    0x080026f8   0x080026f8   0x00000074   Code   RO         3813    i.OLED_ShowChar     oled.o
    0x0800276c   0x0800276c   0x00000044   Code   RO         3815    i.OLED_ShowNum      oled.o
    0x080027b0   0x080027b0   0x00000028   Code   RO         3817    i.OLED_ShowString   oled.o
    0x080027d8   0x080027d8   0x00000020   Code   RO         3818    i.OLED_WriteCommand  oled.o
    0x080027f8   0x080027f8   0x00000020   Code   RO         3819    i.OLED_WriteData    oled.o
    0x08002818   0x08002818   0x00000002   Code   RO          187    i.PendSV_Handler    stm32f10x_it.o
    0x0800281a   0x0800281a   0x00000002   PAD
    0x0800281c   0x0800281c   0x00000020   Code   RO         2033    i.RCC_APB1PeriphClockCmd  stm32f10x_rcc.o
    0x0800283c   0x0800283c   0x00000020   Code   RO         2035    i.RCC_APB2PeriphClockCmd  stm32f10x_rcc.o
    0x0800285c   0x0800285c   0x000000d4   Code   RO         2043    i.RCC_GetClocksFreq  stm32f10x_rcc.o
    0x08002930   0x08002930   0x00000002   Code   RO          188    i.SVC_Handler       stm32f10x_it.o
    0x08002932   0x08002932   0x00000008   Code   RO          328    i.SetSysClock       system_stm32f10x.o
    0x0800293a   0x0800293a   0x00000002   PAD
    0x0800293c   0x0800293c   0x000000e0   Code   RO          329    i.SetSysClockTo72   system_stm32f10x.o
    0x08002a1c   0x08002a1c   0x00000028   Code   RO          470    i.SysTick_CLKSourceConfig  misc.o
    0x08002a44   0x08002a44   0x00000002   Code   RO          189    i.SysTick_Handler   stm32f10x_it.o
    0x08002a46   0x08002a46   0x00000002   PAD
    0x08002a48   0x08002a48   0x00000060   Code   RO          331    i.SystemInit        system_stm32f10x.o
    0x08002aa8   0x08002aa8   0x000000a4   Code   RO         3951    i.TIM3_IRQHandler   timer.o
    0x08002b4c   0x08002b4c   0x00000030   Code   RO         4025    i.TIM4_IRQHandler   usart2.o
    0x08002b7c   0x08002b7c   0x00000028   Code   RO         4027    i.TIM4_Set          usart2.o
    0x08002ba4   0x08002ba4   0x00000006   Code   RO         2662    i.TIM_ClearITPendingBit  stm32f10x_tim.o
    0x08002baa   0x08002baa   0x00000018   Code   RO         2667    i.TIM_Cmd           stm32f10x_tim.o
    0x08002bc2   0x08002bc2   0x00000022   Code   RO         2688    i.TIM_GetITStatus   stm32f10x_tim.o
    0x08002be4   0x08002be4   0x00000004   Code   RO         2732    i.TIM_SetCounter    stm32f10x_tim.o
    0x08002be8   0x08002be8   0x00000088   Code   RO         3471    i.USART1_IRQHandler  usart.o
    0x08002c70   0x08002c70   0x00000064   Code   RO         4028    i.USART2_IRQHandler  usart2.o
    0x08002cd4   0x08002cd4   0x00000088   Code   RO         3472    i.USART3_IRQHandler  usart.o
    0x08002d5c   0x08002d5c   0x00000018   Code   RO         3203    i.USART_Cmd         stm32f10x_usart.o
    0x08002d74   0x08002d74   0x0000001a   Code   RO         3206    i.USART_GetFlagStatus  stm32f10x_usart.o
    0x08002d8e   0x08002d8e   0x00000054   Code   RO         3207    i.USART_GetITStatus  stm32f10x_usart.o
    0x08002de2   0x08002de2   0x0000004a   Code   RO         3209    i.USART_ITConfig    stm32f10x_usart.o
    0x08002e2c   0x08002e2c   0x000000d8   Code   RO         3210    i.USART_Init        stm32f10x_usart.o
    0x08002f04   0x08002f04   0x0000000a   Code   RO         3217    i.USART_ReceiveData  stm32f10x_usart.o
    0x08002f0e   0x08002f0e   0x00000008   Code   RO         3220    i.USART_SendData    stm32f10x_usart.o
    0x08002f16   0x08002f16   0x00000004   Code   RO          190    i.UsageFault_Handler  stm32f10x_it.o
    0x08002f1a   0x08002f1a   0x00000028   Code   RO         4330    i.__ARM_fpclassify  m_ws.l(fpclassify.o)
    0x08002f42   0x08002f42   0x0000000e   Code   RO         4111    i._is_digit         c_w.l(__printf_wp.o)
    0x08002f50   0x08002f50   0x00000004   Code   RO         3473    i._sys_exit         usart.o
    0x08002f54   0x08002f54   0x00000044   Code   RO          362    i.delay_init        delay.o
    0x08002f98   0x08002f98   0x0000004c   Code   RO          363    i.delay_ms          delay.o
    0x08002fe4   0x08002fe4   0x0000004c   Code   RO          364    i.delay_us          delay.o
    0x08003030   0x08003030   0x0000001c   Code   RO         3474    i.fputc             usart.o
    0x0800304c   0x0800304c   0x00000378   Code   RO            1    i.get_heart         main.o
    0x080033c4   0x080033c4   0x00000014   Code   RO            3    i.get_tem           main.o
    0x080033d8   0x080033d8   0x000000cc   Code   RO            4    i.main              main.o
    0x080034a4   0x080034a4   0x00000052   Code   RO         3590    i.max30102_Bus_Read  max30102.o
    0x080034f6   0x080034f6   0x00000044   Code   RO         3591    i.max30102_Bus_Write  max30102.o
    0x0800353a   0x0800353a   0x00000080   Code   RO         3592    i.max30102_FIFO_ReadBytes  max30102.o
    0x080035ba   0x080035ba   0x00000002   PAD
    0x080035bc   0x080035bc   0x00000088   Code   RO         3594    i.max30102_init     max30102.o
    0x08003644   0x08003644   0x00000014   Code   RO         3595    i.max30102_reset    max30102.o
    0x08003658   0x08003658   0x00000042   Code   RO         3755    i.maxim_find_peaks  algorithm.o
    0x0800369a   0x0800369a   0x00000002   PAD
    0x0800369c   0x0800369c   0x00000500   Code   RO         3756    i.maxim_heart_rate_and_oxygen_saturation  algorithm.o
    0x08003b9c   0x08003b9c   0x0000007a   Code   RO         3757    i.maxim_peaks_above_min_height  algorithm.o
    0x08003c16   0x08003c16   0x00000072   Code   RO         3758    i.maxim_remove_close_peaks  algorithm.o
    0x08003c88   0x08003c88   0x00000036   Code   RO         3759    i.maxim_sort_ascend  algorithm.o
    0x08003cbe   0x08003cbe   0x00000040   Code   RO         3760    i.maxim_sort_indices_descend  algorithm.o
    0x08003cfe   0x08003cfe   0x00000002   PAD
    0x08003d00   0x08003d00   0x0000002c   Code   RO         3657    i.mfq_Init          fmq.o
    0x08003d2c   0x08003d2c   0x0000002c   Code   RO         3475    i.send              usart.o
    0x08003d58   0x08003d58   0x0000013c   Code   RO            5    i.show_all          main.o
    0x08003e94   0x08003e94   0x0000005c   Code   RO         4030    i.u2_printf         usart2.o
    0x08003ef0   0x08003ef0   0x000000ac   Code   RO         3477    i.uart3_init        usart.o
    0x08003f9c   0x08003f9c   0x000000ac   Code   RO         3478    i.uart_init         usart.o
    0x08004048   0x08004048   0x00000034   Code   RO         3988    i.wifi_check_cmd    wifi.o
    0x0800407c   0x0800407c   0x00000060   Code   RO         3989    i.wifi_send_cmd     wifi.o
    0x080040dc   0x080040dc   0x0000002c   Code   RO         4318    locale$$code        c_w.l(lc_numeric_c.o)
    0x08004108   0x08004108   0x0000002c   Code   RO         4338    locale$$code        c_w.l(lc_ctype_c.o)
    0x08004134   0x08004134   0x0000005e   Code   RO         4132    x$fpl$dfix          fz_ws.l(dfix.o)
    0x08004192   0x08004192   0x00000002   PAD
    0x08004194   0x08004194   0x00000154   Code   RO         4136    x$fpl$dmul          fz_ws.l(dmul.o)
    0x080042e8   0x080042e8   0x0000009c   Code   RO         4230    x$fpl$dnaninf       fz_ws.l(dnaninf.o)
    0x08004384   0x08004384   0x0000000c   Code   RO         4232    x$fpl$dretinf       fz_ws.l(dretinf.o)
    0x08004390   0x08004390   0x00000056   Code   RO         4138    x$fpl$f2d           fz_ws.l(f2d.o)
    0x080043e6   0x080043e6   0x00000002   PAD
    0x080043e8   0x080043e8   0x00000184   Code   RO         4141    x$fpl$fdiv          fz_ws.l(fdiv.o)
    0x0800456c   0x0800456c   0x00000036   Code   RO         4144    x$fpl$ffix          fz_ws.l(ffix.o)
    0x080045a2   0x080045a2   0x00000002   PAD
    0x080045a4   0x080045a4   0x00000030   Code   RO         4149    x$fpl$fflt          fz_ws.l(fflt_clz.o)
    0x080045d4   0x080045d4   0x00000026   Code   RO         4148    x$fpl$ffltu         fz_ws.l(fflt_clz.o)
    0x080045fa   0x080045fa   0x00000002   PAD
    0x080045fc   0x080045fc   0x00000102   Code   RO         4156    x$fpl$fmul          fz_ws.l(fmul.o)
    0x080046fe   0x080046fe   0x0000008c   Code   RO         4236    x$fpl$fnaninf       fz_ws.l(fnaninf.o)
    0x0800478a   0x0800478a   0x0000000a   Code   RO         4238    x$fpl$fretinf       fz_ws.l(fretinf.o)
    0x08004794   0x08004794   0x00000004   Code   RO         4240    x$fpl$printf1       fz_ws.l(printf1.o)
    0x08004798   0x08004798   0x00000004   Code   RO         4242    x$fpl$printf2       fz_ws.l(printf2.o)
    0x0800479c   0x0800479c   0x00000000   Code   RO         4248    x$fpl$usenofp       fz_ws.l(usenofp.o)
    0x0800479c   0x0800479c   0x000000f6   Data   RO         3762    .constdata          algorithm.o
    0x08004892   0x08004892   0x000005f0   Data   RO         3820    .constdata          oled.o
    0x08004e82   0x08004e82   0x00000011   Data   RO         4119    .constdata          c_w.l(__printf_flags_ss_wp.o)
    0x08004e93   0x08004e93   0x00000001   PAD
    0x08004e94   0x08004e94   0x00000008   Data   RO         4178    .constdata          c_w.l(_printf_wctomb.o)
    0x08004e9c   0x08004e9c   0x00000028   Data   RO         4207    .constdata          c_w.l(_printf_hex_int_ll_ptr.o)
    0x08004ec4   0x08004ec4   0x00000026   Data   RO         4269    .constdata          c_w.l(_printf_fp_hex.o)
    0x08004eea   0x08004eea   0x00000002   PAD
    0x08004eec   0x08004eec   0x00000094   Data   RO         4293    .constdata          c_w.l(bigflt0.o)
    0x08004f80   0x08004f80   0x00000046   Data   RO            7    .conststring        main.o
    0x08004fc6   0x08004fc6   0x00000002   PAD
    0x08004fc8   0x08004fc8   0x0000004f   Data   RO         3954    .conststring        timer.o
    0x08005017   0x08005017   0x00000001   PAD
    0x08005018   0x08005018   0x00000020   Data   RO         4459    Region$$Table       anon$$obj.o
    0x08005038   0x08005038   0x0000001c   Data   RO         4317    locale$$data        c_w.l(lc_numeric_c.o)
    0x08005054   0x08005054   0x00000110   Data   RO         4337    locale$$data        c_w.l(lc_ctype_c.o)


    Execution Region ER_RW (Exec base: 0x20000000, Load base: 0x08005164, Size: 0x00000084, Max: 0xffffffff, ABSOLUTE)

    Exec Addr    Load Addr    Size         Type   Attr      Idx    E Section Name        Object

    0x20000000   0x08005164   0x0000004c   Data   RW            8    .data               main.o
    0x2000004c   0x080051b0   0x00000014   Data   RW          332    .data               system_stm32f10x.o
    0x20000060   0x080051c4   0x00000004   Data   RW          365    .data               delay.o
    0x20000064   0x080051c8   0x00000014   Data   RW         2063    .data               stm32f10x_rcc.o
    0x20000078   0x080051dc   0x00000008   Data   RW         3480    .data               usart.o
    0x20000080   0x080051e4   0x00000002   Data   RW         4032    .data               usart2.o


    Execution Region ER_ZI (Exec base: 0x20000084, Load base: 0x080051e8, Size: 0x0000398c, Max: 0xffffffff, ABSOLUTE)

    Exec Addr    Load Addr    Size         Type   Attr      Idx    E Section Name        Object

    0x20000084        -       0x00001068   Zero   RW            6    .bss                main.o
    0x200010ec        -       0x00000320   Zero   RW         3479    .bss                usart.o
    0x2000140c        -       0x00001760   Zero   RW         3761    .bss                algorithm.o
    0x20002b6c        -       0x00000010   Zero   RW         3917    .bss                dht11.o
    0x20002b7c        -       0x00000032   Zero   RW         3953    .bss                timer.o
    0x20002bae   0x080051e8   0x00000002   PAD
    0x20002bb0        -       0x00000800   Zero   RW         4031    .bss                usart2.o
    0x200033b0        -       0x00000060   Zero   RW         4333    .bss                c_w.l(libspace.o)
    0x20003410        -       0x00000200   Zero   RW          460    HEAP                startup_stm32f10x_hd.o
    0x20003610        -       0x00000400   Zero   RW          459    STACK               startup_stm32f10x_hd.o


==============================================================================

Image component sizes


      Code (inc. data)   RO Data    RW Data    ZI Data      Debug   Object Name

      1700         30        246          0       5984       7097   algorithm.o
       220         26          0          4          0     206327   delay.o
       412         28          0          0         16       3452   dht11.o
       654         58          0          0          0       4448   ds18b20.o
        44          6          0          0          0        467   fmq.o
       108         10          0          0          0     205203   led.o
      1428        148         70         76       4200     225923   main.o
       434          6          0          0          0       3336   max30102.o
       692        108          0          0          0       4202   max30102_iic.o
       172         22          0          0          0       1953   misc.o
       802         26       1520          0          0       7197   oled.o
        64         26        304          0       1536        772   startup_stm32f10x_hd.o
       314          0          0          0          0       4068   stm32f10x_gpio.o
        26          0          0          0          0      46898   stm32f10x_it.o
       276         32          0         20          0       4310   stm32f10x_rcc.o
        68          0          0          0          0       2681   stm32f10x_tim.o
       442          6          0          0          0       5913   stm32f10x_usart.o
         0          0          0          0          0         32   sys.o
       328         28          0         20          0       1957   system_stm32f10x.o
       164         44         79          0         50       1315   timer.o
       692         58          0          8        800       5716   usart.o
       280         38          0          2       2048       3473   usart2.o
       148         22          0          0          0       1661   wifi.o

    ----------------------------------------------------------------------
      9488        722       2254        132      14636     748401   Object Totals
         0          0         32          0          0          0   (incl. Generated)
        20          0          3          2          2          0   (incl. Padding)

    ----------------------------------------------------------------------

      Code (inc. data)   RO Data    RW Data    ZI Data      Debug   Library Member Name

        24          4          0          0          0         84   __2printf.o
        44          6          0          0          0         84   __2sprintf.o
         8          0          0          0          0         68   __main.o
       392          4         17          0          0         92   __printf_flags_ss_wp.o
        14          0          0          0          0         68   __printf_wp.o
         0          0          0          0          0          0   __rtentry.o
        12          0          0          0          0          0   __rtentry2.o
         6          0          0          0          0          0   __rtentry4.o
        52          8          0          0          0          0   __scatter.o
        26          0          0          0          0          0   __scatter_copy.o
        28          0          0          0          0          0   __scatter_zi.o
         6          0          0          0          0          0   _printf_a.o
         6          0          0          0          0          0   _printf_c.o
        44          0          0          0          0        108   _printf_char.o
        48          6          0          0          0         96   _printf_char_common.o
        36          4          0          0          0         80   _printf_char_file.o
        40          0          0          0          0         68   _printf_charcount.o
         6          0          0          0          0          0   _printf_d.o
       120         16          0          0          0         92   _printf_dec.o
         6          0          0          0          0          0   _printf_e.o
         6          0          0          0          0          0   _printf_f.o
      1050          0          0          0          0        216   _printf_fp_dec.o
       764         10         38          0          0        100   _printf_fp_hex.o
       128         16          0          0          0         84   _printf_fp_infnan.o
         6          0          0          0          0          0   _printf_g.o
       148          4         40          0          0        160   _printf_hex_int_ll_ptr.o
         6          0          0          0          0          0   _printf_i.o
       178          0          0          0          0         88   _printf_intcommon.o
        10          0          0          0          0          0   _printf_l.o
         6          0          0          0          0          0   _printf_lc.o
        10          0          0          0          0          0   _printf_ll.o
         6          0          0          0          0          0   _printf_lld.o
         6          0          0          0          0          0   _printf_lli.o
         6          0          0          0          0          0   _printf_llo.o
         6          0          0          0          0          0   _printf_llu.o
         6          0          0          0          0          0   _printf_llx.o
       124         16          0          0          0         92   _printf_longlong_dec.o
         6          0          0          0          0          0   _printf_ls.o
         6          0          0          0          0          0   _printf_n.o
         6          0          0          0          0          0   _printf_o.o
       112          8          0          0          0        124   _printf_oct_int_ll.o
         6          0          0          0          0          0   _printf_p.o
        78          0          0          0          0        108   _printf_pad.o
         0          0          0          0          0          0   _printf_percent.o
         4          0          0          0          0          0   _printf_percent_end.o
         6          0          0          0          0          0   _printf_s.o
        82          0          0          0          0         80   _printf_str.o
        36          0          0          0          0         84   _printf_truncate.o
         6          0          0          0          0          0   _printf_u.o
        44          0          0          0          0        108   _printf_wchar.o
       188          6          8          0          0         92   _printf_wctomb.o
         6          0          0          0          0          0   _printf_x.o
        10          0          0          0          0         68   _sputc.o
        64          0          0          0          0         92   _wcrtomb.o
       220          4        148          0          0         96   bigflt0.o
      1910        128          0          0          0        672   btod.o
        12          0          0          0          0         72   exit.o
         8          0          0          0          0         68   ferror.o
         6          0          0          0          0        152   heapauxi.o
        44         10        272          0          0         76   lc_ctype_c.o
        44         10         28          0          0         76   lc_numeric_c.o
         2          0          0          0          0          0   libinit.o
        30          0          0          0          0          0   libinit2.o
         2          0          0          0          0          0   libshutdown.o
         2          0          0          0          0          0   libshutdown2.o
         8          4          0          0         96         68   libspace.o
       138          0          0          0          0         80   lludiv10.o
        16          4          0          0          0         76   rt_ctype_table.o
         8          4          0          0          0         68   rt_locale_intlibspace.o
         2          0          0          0          0          0   rtexit.o
        10          0          0          0          0          0   rtexit2.o
       128          0          0          0          0         68   strcmpv7m.o
        62          0          0          0          0         76   strlen.o
        36          0          0          0          0         80   strstr.o
        74          0          0          0          0         80   sys_stackheap_outer.o
         2          0          0          0          0         68   use_no_semi.o
         2          0          0          0          0         68   use_no_semi_2.o
        36          4          0          0          0         76   vsprintf.o
        94          4          0          0          0         92   dfix.o
       340         12          0          0          0        104   dmul.o
       156          4          0          0          0         92   dnaninf.o
        12          0          0          0          0         68   dretinf.o
        86          4          0          0          0         84   f2d.o
       388         76          0          0          0         96   fdiv.o
        54          4          0          0          0         84   ffix.o
        86          0          0          0          0        136   fflt_clz.o
       258          4          0          0          0         84   fmul.o
       140          4          0          0          0         84   fnaninf.o
        10          0          0          0          0         68   fretinf.o
         4          0          0          0          0         68   printf1.o
         4          0          0          0          0         68   printf2.o
         0          0          0          0          0          0   usenofp.o
        40          0          0          0          0         68   fpclassify.o

    ----------------------------------------------------------------------
      8540        388        554          0         96       5552   Library Totals
        22          0          3          0          0          0   (incl. Padding)

    ----------------------------------------------------------------------

      Code (inc. data)   RO Data    RW Data    ZI Data      Debug   Library Name

      6846        276        551          0         96       4356   c_w.l
      1632        112          0          0          0       1128   fz_ws.l
        40          0          0          0          0         68   m_ws.l

    ----------------------------------------------------------------------
      8540        388        554          0         96       5552   Library Totals

    ----------------------------------------------------------------------

==============================================================================


      Code (inc. data)   RO Data    RW Data    ZI Data      Debug   

     18028       1110       2808        132      14732     745733   Grand Totals
     18028       1110       2808        132      14732     745733   ELF Image Totals
     18028       1110       2808        132          0          0   ROM Totals

==============================================================================

    Total RO  Size (Code + RO Data)                20836 (  20.35kB)
    Total RW  Size (RW Data + ZI Data)             14864 (  14.52kB)
    Total ROM Size (Code + RO Data + RW Data)      20968 (  20.48kB)

==============================================================================

