<html>
<body>
<pre>
<h1>礦ision Build Log</h1>
<h2>Tool Versions:</h2>
IDE-Version: μVision V5.37.0.0
Copyright (C) 2022 ARM Ltd and ARM Germany GmbH. All rights reserved.
License Information: 1 Garfield, 1, LIC=BUURY-IHAFP-NNJAF-6IY03-4MU3K-UF9BY
 
Tool Versions:
Toolchain:       MDK-ARM Plus  Version: 5.37.0.0
Toolchain Path:  D:\Keil\ARM\ARMCC\Bin
C Compiler:      Armcc.exe V5.05 update 1 (build 106)
Assembler:       Armasm.exe V5.05 update 1 (build 106)
Linker/Locator:  ArmLink.exe V5.05 update 1 (build 106)
Library Manager: ArmAr.exe V5.05 update 1 (build 106)
Hex Converter:   FromElf.exe V5.05 update 1 (build 106)
CPU DLL:         SARMCM3.DLL V5.37.0.0
Dialog DLL:      DCM.DLL V1.17.5.0
Target DLL:      STLink\ST-LINKIII-KEIL_SWO.dll V3.0.9.0
Dialog DLL:      TCM.DLL V1.56.1.0
 
<h2>Project:</h2>
D:\Embedded system\实验5 串口通信实验\USER\Template.uvprojx
Project File Date:  04/23/2023

<h2>Output:</h2>
*** Using Compiler 'V5.05 update 1 (build 106)', folder: 'D:\Keil\ARM\ARMCC\Bin'
Build target 'Template'
compiling usart.c...
compiling main.c...
main.c(12): warning:  #223-D: function "usart_init" declared implicitly
  	usart_init(115200);
main.c: 1 warning, 0 errors
linking...
Program Size: Code=2844 RO-data=336 RW-data=52 ZI-data=1836  
FromELF: creating hex file...
"..\OBJ\Template.axf" - 0 Error(s), 1 Warning(s).

<h2>Software Packages used:</h2>

Package Vendor: Keil
                http://www.keil.com/pack/Keil.STM32F1xx_DFP.2.3.0.pack
                Keil.STM32F1xx_DFP.2.3.0
                STMicroelectronics STM32F1 Series Device Support, Drivers and Examples

<h2>Collection of Component include folders:</h2>
  D:/Keil/ARM/Pack/Keil/STM32F1xx_DFP/2.3.0/Device/Include

<h2>Collection of Component Files used:</h2>
Build Time Elapsed:  00:00:01
</pre>
</body>
</html>
