Component: ARM Compiler 5.05 update 1 (build 106) Tool: armlink [4d0efa]

==============================================================================

Section Cross References

    main.o(i.main) refers to delay.o(i.delay_init) for delay_init
    main.o(i.main) refers to led.o(i.LED_Init) for LED_Init
    main.o(i.main) refers to wifi.o(i.wifi_GPIO_Init) for wifi_GPIO_Init
    main.o(i.main) refers to usart.o(i.uart_init) for uart_init
    main.o(i.main) refers to usart2.o(i.USART2_Init) for USART2_Init
    main.o(i.main) refers to wifi.o(i.rst_wifi) for rst_wifi
    main.o(i.main) refers to wifi.o(i.init_wifi) for init_wifi
    main.o(i.main) refers to timer.o(i.TIM3_Int_Init) for TIM3_Int_Init
    main.o(i.main) refers to strcpy.o(.text) for strcpy
    main.o(i.main) refers to strlen.o(.text) for strlen
    main.o(i.main) refers to memcmp.o(.text) for memcmp
    main.o(i.main) refers to __2printf.o(.text) for __2printf
    main.o(i.main) refers to main.o(i.show_all) for show_all
    main.o(i.main) refers to usart2.o(.data) for USART2_RX_STA
    main.o(i.main) refers to usart2.o(.bss) for USART2_RX_BUF
    main.o(i.main) refers to main.o(.bss) for buf1
    main.o(i.main) refers to main.o(.data) for cmdLEDON
    main.o(i.main) refers to usart.o(.data) for USART_RX_STA
    main.o(i.main) refers to usart.o(.bss) for USART_RX_BUF
    main.o(i.show_all) refers to oled.o(i.OLED_ShowNum) for OLED_ShowNum
    main.o(i.show_all) refers to oled.o(i.OLED_ShowChar) for OLED_ShowChar
    main.o(i.show_all) refers to oled.o(i.OLED_ShowString) for OLED_ShowString
    main.o(i.show_all) refers to main.o(.data) for shidu
    main.o(.data) refers to main.o(.conststring) for .conststring
    system_stm32f10x.o(i.SetSysClock) refers to system_stm32f10x.o(i.SetSysClockTo72) for SetSysClockTo72
    system_stm32f10x.o(i.SystemCoreClockUpdate) refers to system_stm32f10x.o(.data) for SystemCoreClock
    system_stm32f10x.o(i.SystemInit) refers to system_stm32f10x.o(i.SetSysClock) for SetSysClock
    led.o(i.LED_Init) refers to stm32f10x_rcc.o(i.RCC_APB2PeriphClockCmd) for RCC_APB2PeriphClockCmd
    led.o(i.LED_Init) refers to stm32f10x_gpio.o(i.GPIO_Init) for GPIO_Init
    led.o(i.LED_Init) refers to stm32f10x_gpio.o(i.GPIO_ResetBits) for GPIO_ResetBits
    dht11.o(i.DHT11_Check) refers to delay.o(i.delay_us) for delay_us
    dht11.o(i.DHT11_Check) refers to stm32f10x_gpio.o(i.GPIO_ReadInputDataBit) for GPIO_ReadInputDataBit
    dht11.o(i.DHT11_Init) refers to stm32f10x_rcc.o(i.RCC_APB2PeriphClockCmd) for RCC_APB2PeriphClockCmd
    dht11.o(i.DHT11_Init) refers to stm32f10x_gpio.o(i.GPIO_Init) for GPIO_Init
    dht11.o(i.DHT11_Init) refers to dht11.o(i.DHT11_Rst) for DHT11_Rst
    dht11.o(i.DHT11_Init) refers to dht11.o(i.DHT11_Check) for DHT11_Check
    dht11.o(i.DHT11_Read_Bit) refers to delay.o(i.delay_us) for delay_us
    dht11.o(i.DHT11_Read_Bit) refers to stm32f10x_gpio.o(i.GPIO_ReadInputDataBit) for GPIO_ReadInputDataBit
    dht11.o(i.DHT11_Read_Byte) refers to dht11.o(i.DHT11_Read_Bit) for DHT11_Read_Bit
    dht11.o(i.DHT11_Read_Data) refers to dht11.o(i.DHT11_Rst) for DHT11_Rst
    dht11.o(i.DHT11_Read_Data) refers to dht11.o(i.DHT11_Check) for DHT11_Check
    dht11.o(i.DHT11_Read_Data) refers to dht11.o(i.DHT11_Read_Byte) for DHT11_Read_Byte
    dht11.o(i.DHT11_Rst) refers to stm32f10x_gpio.o(i.GPIO_WriteBit) for GPIO_WriteBit
    dht11.o(i.DHT11_Rst) refers to delay.o(i.delay_ms) for delay_ms
    dht11.o(i.DHT11_Rst) refers to delay.o(i.delay_us) for delay_us
    wifi.o(i.init_wifi) refers to __2printf.o(.text) for __2printf
    wifi.o(i.init_wifi) refers to wifi.o(i.wifi_send_cmd) for wifi_send_cmd
    wifi.o(i.rst_wifi) refers to stm32f10x_gpio.o(i.GPIO_ResetBits) for GPIO_ResetBits
    wifi.o(i.rst_wifi) refers to delay.o(i.delay_ms) for delay_ms
    wifi.o(i.rst_wifi) refers to stm32f10x_gpio.o(i.GPIO_SetBits) for GPIO_SetBits
    wifi.o(i.wifi_GPIO_Init) refers to stm32f10x_rcc.o(i.RCC_APB2PeriphClockCmd) for RCC_APB2PeriphClockCmd
    wifi.o(i.wifi_GPIO_Init) refers to stm32f10x_gpio.o(i.GPIO_Init) for GPIO_Init
    wifi.o(i.wifi_GPIO_Init) refers to stm32f10x_gpio.o(i.GPIO_SetBits) for GPIO_SetBits
    wifi.o(i.wifi_check_cmd) refers to strstr.o(.text) for strstr
    wifi.o(i.wifi_check_cmd) refers to usart2.o(.data) for USART2_RX_STA
    wifi.o(i.wifi_check_cmd) refers to usart2.o(.bss) for USART2_RX_BUF
    wifi.o(i.wifi_send_cmd) refers to usart2.o(i.u2_printf) for u2_printf
    wifi.o(i.wifi_send_cmd) refers to delay.o(i.delay_ms) for delay_ms
    wifi.o(i.wifi_send_cmd) refers to wifi.o(i.wifi_check_cmd) for wifi_check_cmd
    wifi.o(i.wifi_send_cmd) refers to usart2.o(.data) for USART2_RX_STA
    oled.o(i.OLED_Clear) refers to oled.o(i.OLED_SetCursor) for OLED_SetCursor
    oled.o(i.OLED_Clear) refers to oled.o(i.OLED_WriteData) for OLED_WriteData
    oled.o(i.OLED_I2C_Init) refers to stm32f10x_rcc.o(i.RCC_APB2PeriphClockCmd) for RCC_APB2PeriphClockCmd
[...]
    .ARM.Collect$$_printf_percent$$00000011  0x08000208   Section        6  _printf_llx.o(.ARM.Collect$$_printf_percent$$00000011)
    .ARM.Collect$$_printf_percent$$00000012  0x0800020e   Section       10  _printf_l.o(.ARM.Collect$$_printf_percent$$00000012)
    .ARM.Collect$$_printf_percent$$00000013  0x08000218   Section        6  _printf_c.o(.ARM.Collect$$_printf_percent$$00000013)
    .ARM.Collect$$_printf_percent$$00000014  0x0800021e   Section        6  _printf_s.o(.ARM.Collect$$_printf_percent$$00000014)
    .ARM.Collect$$_printf_percent$$00000015  0x08000224   Section        6  _printf_lc.o(.ARM.Collect$$_printf_percent$$00000015)
    .ARM.Collect$$_printf_percent$$00000016  0x0800022a   Section        6  _printf_ls.o(.ARM.Collect$$_printf_percent$$00000016)
    .ARM.Collect$$_printf_percent$$00000017  0x08000230   Section        4  _printf_percent_end.o(.ARM.Collect$$_printf_percent$$00000017)
    .ARM.Collect$$libinit$$00000000          0x08000234   Section        2  libinit.o(.ARM.Collect$$libinit$$00000000)
    .ARM.Collect$$libinit$$00000002          0x08000236   Section        0  libinit2.o(.ARM.Collect$$libinit$$00000002)
    .ARM.Collect$$libinit$$00000004          0x08000236   Section        0  libinit2.o(.ARM.Collect$$libinit$$00000004)
    .ARM.Collect$$libinit$$0000000A          0x08000236   Section        0  libinit2.o(.ARM.Collect$$libinit$$0000000A)
    .ARM.Collect$$libinit$$0000000C          0x08000236   Section        0  libinit2.o(.ARM.Collect$$libinit$$0000000C)
    .ARM.Collect$$libinit$$0000000E          0x08000236   Section        0  libinit2.o(.ARM.Collect$$libinit$$0000000E)
    .ARM.Collect$$libinit$$0000000F          0x08000236   Section        6  libinit2.o(.ARM.Collect$$libinit$$0000000F)
    .ARM.Collect$$libinit$$00000011          0x0800023c   Section        0  libinit2.o(.ARM.Collect$$libinit$$00000011)
    .ARM.Collect$$libinit$$00000012          0x0800023c   Section       12  libinit2.o(.ARM.Collect$$libinit$$00000012)
    .ARM.Collect$$libinit$$00000013          0x08000248   Section        0  libinit2.o(.ARM.Collect$$libinit$$00000013)
    .ARM.Collect$$libinit$$00000015          0x08000248   Section        0  libinit2.o(.ARM.Collect$$libinit$$00000015)
    .ARM.Collect$$libinit$$00000016          0x08000248   Section       10  libinit2.o(.ARM.Collect$$libinit$$00000016)
    .ARM.Collect$$libinit$$00000017          0x08000252   Section        0  libinit2.o(.ARM.Collect$$libinit$$00000017)
    .ARM.Collect$$libinit$$00000019          0x08000252   Section        0  libinit2.o(.ARM.Collect$$libinit$$00000019)
    .ARM.Collect$$libinit$$0000001B          0x08000252   Section        0  libinit2.o(.ARM.Collect$$libinit$$0000001B)
    .ARM.Collect$$libinit$$0000001D          0x08000252   Section        0  libinit2.o(.ARM.Collect$$libinit$$0000001D)
    .ARM.Collect$$libinit$$0000001F          0x08000252   Section        0  libinit2.o(.ARM.Collect$$libinit$$0000001F)
    .ARM.Collect$$libinit$$00000021          0x08000252   Section        0  libinit2.o(.ARM.Collect$$libinit$$00000021)
    .ARM.Collect$$libinit$$00000023          0x08000252   Section        0  libinit2.o(.ARM.Collect$$libinit$$00000023)
    .ARM.Collect$$libinit$$00000025          0x08000252   Section        0  libinit2.o(.ARM.Collect$$libinit$$00000025)
    .ARM.Collect$$libinit$$0000002C          0x08000252   Section        0  libinit2.o(.ARM.Collect$$libinit$$0000002C)
    .ARM.Collect$$libinit$$0000002E          0x08000252   Section        0  libinit2.o(.ARM.Collect$$libinit$$0000002E)
    .ARM.Collect$$libinit$$00000030          0x08000252   Section        0  libinit2.o(.ARM.Collect$$libinit$$00000030)
    .ARM.Collect$$libinit$$00000032          0x08000252   Section        0  libinit2.o(.ARM.Collect$$libinit$$00000032)
    .ARM.Collect$$libinit$$00000033          0x08000252   Section        2  libinit2.o(.ARM.Collect$$libinit$$00000033)
    .ARM.Collect$$libshutdown$$00000000      0x08000254   Section        2  libshutdown.o(.ARM.Collect$$libshutdown$$00000000)
    .ARM.Collect$$libshutdown$$00000003      0x08000256   Section        0  libshutdown2.o(.ARM.Collect$$libshutdown$$00000003)
    .ARM.Collect$$libshutdown$$00000006      0x08000256   Section        0  libshutdown2.o(.ARM.Collect$$libshutdown$$00000006)
    .ARM.Collect$$libshutdown$$00000009      0x08000256   Section        0  libshutdown2.o(.ARM.Collect$$libshutdown$$00000009)
    .ARM.Collect$$libshutdown$$0000000B      0x08000256   Section        0  libshutdown2.o(.ARM.Collect$$libshutdown$$0000000B)
    .ARM.Collect$$libshutdown$$0000000E      0x08000256   Section        0  libshutdown2.o(.ARM.Collect$$libshutdown$$0000000E)
    .ARM.Collect$$libshutdown$$0000000F      0x08000256   Section        2  libshutdown2.o(.ARM.Collect$$libshutdown$$0000000F)
    .ARM.Collect$$rtentry$$00000000          0x08000258   Section        0  __rtentry.o(.ARM.Collect$$rtentry$$00000000)
    .ARM.Collect$$rtentry$$00000002          0x08000258   Section        0  __rtentry2.o(.ARM.Collect$$rtentry$$00000002)
    .ARM.Collect$$rtentry$$00000004          0x08000258   Section        6  __rtentry4.o(.ARM.Collect$$rtentry$$00000004)
    .ARM.Collect$$rtentry$$00000009          0x0800025e   Section        0  __rtentry2.o(.ARM.Collect$$rtentry$$00000009)
    .ARM.Collect$$rtentry$$0000000A          0x0800025e   Section        4  __rtentry2.o(.ARM.Collect$$rtentry$$0000000A)
    .ARM.Collect$$rtentry$$0000000C          0x08000262   Section        0  __rtentry2.o(.ARM.Collect$$rtentry$$0000000C)
    .ARM.Collect$$rtentry$$0000000D          0x08000262   Section        8  __rtentry2.o(.ARM.Collect$$rtentry$$0000000D)
    .ARM.Collect$$rtexit$$00000000           0x0800026a   Section        2  rtexit.o(.ARM.Collect$$rtexit$$00000000)
    .ARM.Collect$$rtexit$$00000002           0x0800026c   Section        0  rtexit2.o(.ARM.Collect$$rtexit$$00000002)
    .ARM.Collect$$rtexit$$00000003           0x0800026c   Section        4  rtexit2.o(.ARM.Collect$$rtexit$$00000003)
    .ARM.Collect$$rtexit$$00000004           0x08000270   Section        6  rtexit2.o(.ARM.Collect$$rtexit$$00000004)
    .text                                    0x08000278   Section       64  startup_stm32f10x_hd.o(.text)
    .text                                    0x080002b8   Section        2  use_no_semi_2.o(.text)
    .text                                    0x080002bc   Section        0  vsprintf.o(.text)
    .text                                    0x080002e0   Section        0  __2printf.o(.text)
    .text                                    0x080002f8   Section        0  __2sprintf.o(.text)
    .text                                    0x08000324   Section        0  _printf_str.o(.text)
    .text                                    0x08000378   Section        0  _printf_dec.o(.text)
    .text                                    0x080003f0   Section        0  __printf_flags_ss_wp.o(.text)
    .text                                    0x08000578   Section        0  strstr.o(.text)
    .text                                    0x0800059c   Section        0  memcmp.o(.text)
    .text                                    0x080005f4   Section        0  strcpy.o(.text)
    .text                                    0x0800063c   Section        0  strlen.o(.text)
    .text                                    0x0800067a   Section        0  heapauxi.o(.text)
    .text                                    0x08000680   Section        2  use_no_semi.o(.text)
    .text                                    0x08000682   Section        0  _printf_pad.o(.text)
    .text                                    0x080006d0   Section        0  _printf_truncate.o(.text)
    .text                                    0x080006f4   Section        0  _printf_intcommon.o(.text)
    .text                                    0x080007a6   Section        0  _printf_charcount.o(.text)
    .text                                    0x080007d0   Section        0  _printf_char_common.o(.text)
    _printf_input_char                       0x080007d1   Thumb Code    10  _printf_char_common.o(.text)
    .text                                    0x08000800   Section        0  _sputc.o(.text)
    .text                                    0x0800080a   Section        0  _printf_char.o(.text)
    .text                                    0x08000838   Section        0  _printf_char_file.o(.text)
    .text                                    0x0800085c   Section        0  _printf_wctomb.o(.text)
    .text                                    0x08000918   Section        0  _printf_longlong_dec.o(.text)
    .text                                    0x08000994   Section        0  _printf_oct_int_ll.o(.text)
    _printf_longlong_oct_internal            0x08000995   Thumb Code     0  _printf_oct_int_ll.o(.text)
    .text                                    0x08000a04   Section        0  _printf_hex_int_ll_ptr.o(.text)
    _printf_hex_common                       0x08000a05   Thumb Code     0  _printf_hex_int_ll_ptr.o(.text)
    .text                                    0x08000a98   Section      138  lludiv10.o(.text)
    .text                                    0x08000b22   Section        0  _printf_fp_dec.o(.text)
    _fp_digits                               0x08000b25   Thumb Code   428  _printf_fp_dec.o(.text)
    .text                                    0x08000f3c   Section        0  _printf_fp_hex.o(.text)
    .text                                    0x08001238   Section        0  _printf_wchar.o(.text)
    .text                                    0x08001264   Section        0  ferror.o(.text)
    .text                                    0x0800126c   Section        0  _wcrtomb.o(.text)
    .text                                    0x080012ac   Section       74  sys_stackheap_outer.o(.text)
    .text                                    0x080012f8   Section       16  rt_ctype_table.o(.text)
    .text                                    0x08001308   Section        8  rt_locale_intlibspace.o(.text)
    .text                                    0x08001310   Section        0  _printf_fp_infnan.o(.text)
    .text                                    0x08001390   Section        0  bigflt0.o(.text)
    .text                                    0x0800146c   Section        0  exit.o(.text)
    .text                                    0x08001478   Section        8  libspace.o(.text)
    .text                                    0x08001480   Section      128  strcmpv7m.o(.text)
    CL$$btod_d2e                             0x08001500   Section       62  btod.o(CL$$btod_d2e)
    CL$$btod_d2e_denorm_low                  0x0800153e   Section       70  btod.o(CL$$btod_d2e_denorm_low)
    CL$$btod_d2e_norm_op1                    0x08001584   Section       96  btod.o(CL$$btod_d2e_norm_op1)
    CL$$btod_div_common                      0x080015e4   Section      824  btod.o(CL$$btod_div_common)
    CL$$btod_e2e                             0x0800191c   Section      198  btod.o(CL$$btod_e2e)
    CL$$btod_ediv                            0x080019e2   Section       40  btod.o(CL$$btod_ediv)
    CL$$btod_emul                            0x08001a0a   Section       40  btod.o(CL$$btod_emul)
    CL$$btod_mult_common                     0x08001a32   Section      580  btod.o(CL$$btod_mult_common)
    i.BusFault_Handler                       0x08001c76   Section        0  stm32f10x_it.o(i.BusFault_Handler)
    i.DebugMon_Handler                       0x08001c7a   Section        0  stm32f10x_it.o(i.DebugMon_Handler)
    i.GPIO_Init                              0x08001c7c   Section        0  stm32f10x_gpio.o(i.GPIO_Init)
    i.GPIO_ResetBits                         0x08001d92   Section        0  stm32f10x_gpio.o(i.GPIO_ResetBits)
    i.GPIO_SetBits                           0x08001d96   Section        0  stm32f10x_gpio.o(i.GPIO_SetBits)
    i.GPIO_WriteBit                          0x08001d9a   Section        0  stm32f10x_gpio.o(i.GPIO_WriteBit)
    i.HardFault_Handler                      0x08001da4   Section        0  stm32f10x_it.o(i.HardFault_Handler)
    i.LED_Init                               0x08001da8   Section        0  led.o(i.LED_Init)
    i.MemManage_Handler                      0x08001df8   Section        0  stm32f10x_it.o(i.MemManage_Handler)
    i.NMI_Handler                            0x08001dfc   Section        0  stm32f10x_it.o(i.NMI_Handler)
    i.NVIC_Init                              0x08001e00   Section        0  misc.o(i.NVIC_Init)
    i.OLED_I2C_SendByte                      0x08001e70   Section        0  oled.o(i.OLED_I2C_SendByte)
    i.OLED_I2C_Start                         0x08001ec0   Section        0  oled.o(i.OLED_I2C_Start)
    i.OLED_I2C_Stop                          0x08001ef0   Section        0  oled.o(i.OLED_I2C_Stop)
    i.OLED_Pow                               0x08001f18   Section        0  oled.o(i.OLED_Pow)
    i.OLED_SetCursor                         0x08001f2c   Section        0  oled.o(i.OLED_SetCursor)
    i.OLED_ShowChar                          0x08001f50   Section        0  oled.o(i.OLED_ShowChar)
    i.OLED_ShowNum                           0x08001fc4   Section        0  oled.o(i.OLED_ShowNum)
    i.OLED_ShowString                        0x08002008   Section        0  oled.o(i.OLED_ShowString)
    i.OLED_WriteCommand                      0x08002030   Section        0  oled.o(i.OLED_WriteCommand)
    i.OLED_WriteData                         0x08002050   Section        0  oled.o(i.OLED_WriteData)
    i.PendSV_Handler                         0x08002070   Section        0  stm32f10x_it.o(i.PendSV_Handler)
    i.RCC_APB1PeriphClockCmd                 0x08002074   Section        0  stm32f10x_rcc.o(i.RCC_APB1PeriphClockCmd)
    i.RCC_APB1PeriphResetCmd                 0x08002094   Section        0  stm32f10x_rcc.o(i.RCC_APB1PeriphResetCmd)
    i.RCC_APB2PeriphClockCmd                 0x080020b4   Section        0  stm32f10x_rcc.o(i.RCC_APB2PeriphClockCmd)
    i.RCC_APB2PeriphResetCmd                 0x080020d4   Section        0  stm32f10x_rcc.o(i.RCC_APB2PeriphResetCmd)
    i.RCC_GetClocksFreq                      0x080020f4   Section        0  stm32f10x_rcc.o(i.RCC_GetClocksFreq)
    i.SVC_Handler                            0x080021c8   Section        0  stm32f10x_it.o(i.SVC_Handler)
    i.SetSysClock                            0x080021ca   Section        0  system_stm32f10x.o(i.SetSysClock)
    SetSysClock                              0x080021cb   Thumb Code     8  system_stm32f10x.o(i.SetSysClock)
    i.SetSysClockTo72                        0x080021d4   Section        0  system_stm32f10x.o(i.SetSysClockTo72)
    SetSysClockTo72                          0x080021d5   Thumb Code   214  system_stm32f10x.o(i.SetSysClockTo72)
    i.SysTick_CLKSourceConfig                0x080022b4   Section        0  misc.o(i.SysTick_CLKSourceConfig)
    i.SysTick_Handler                        0x080022dc   Section        0  stm32f10x_it.o(i.SysTick_Handler)
    i.SystemInit                             0x080022e0   Section        0  system_stm32f10x.o(i.SystemInit)
    i.TIM3_IRQHandler                        0x08002340   Section        0  timer.o(i.TIM3_IRQHandler)
    i.TIM3_Int_Init                          0x080023f4   Section        0  timer.o(i.TIM3_Int_Init)
    i.TIM4_IRQHandler                        0x08002454   Section        0  usart2.o(i.TIM4_IRQHandler)
    i.TIM4_Init                              0x08002484   Section        0  usart2.o(i.TIM4_Init)
    i.TIM4_Set                               0x080024dc   Section        0  usart2.o(i.TIM4_Set)
    i.TIM_ClearITPendingBit                  0x08002504   Section        0  stm32f10x_tim.o(i.TIM_ClearITPendingBit)
    i.TIM_Cmd                                0x0800250a   Section        0  stm32f10x_tim.o(i.TIM_Cmd)
    i.TIM_GetITStatus                        0x08002522   Section        0  stm32f10x_tim.o(i.TIM_GetITStatus)
    i.TIM_ITConfig                           0x08002544   Section        0  stm32f10x_tim.o(i.TIM_ITConfig)
    i.TIM_SetCounter                         0x08002556   Section        0  stm32f10x_tim.o(i.TIM_SetCounter)
    i.TIM_TimeBaseInit                       0x0800255c   Section        0  stm32f10x_tim.o(i.TIM_TimeBaseInit)
    i.USART1_IRQHandler                      0x08002600   Section        0  usart.o(i.USART1_IRQHandler)
    i.USART2_IRQHandler                      0x08002688   Section        0  usart2.o(i.USART2_IRQHandler)
    i.USART2_Init                            0x080026ec   Section        0  usart2.o(i.USART2_Init)
    i.USART_Cmd                              0x080027ac   Section        0  stm32f10x_usart.o(i.USART_Cmd)
    i.USART_DeInit                           0x080027c4   Section        0  stm32f10x_usart.o(i.USART_DeInit)
    i.USART_GetITStatus                      0x08002860   Section        0  stm32f10x_usart.o(i.USART_GetITStatus)
    i.USART_ITConfig                         0x080028b4   Section        0  stm32f10x_usart.o(i.USART_ITConfig)
    i.USART_Init                             0x08002900   Section        0  stm32f10x_usart.o(i.USART_Init)
    i.USART_ReceiveData                      0x080029d8   Section        0  stm32f10x_usart.o(i.USART_ReceiveData)
    i.UsageFault_Handler                     0x080029e2   Section        0  stm32f10x_it.o(i.UsageFault_Handler)
    i.__ARM_fpclassify                       0x080029e6   Section        0  fpclassify.o(i.__ARM_fpclassify)
    i._is_digit                              0x08002a0e   Section        0  __printf_wp.o(i._is_digit)
    i._sys_exit                              0x08002a1c   Section        0  usart.o(i._sys_exit)
    i.delay_init                             0x08002a20   Section        0  delay.o(i.delay_init)
    i.delay_ms                               0x08002a64   Section        0  delay.o(i.delay_ms)
    i.fputc                                  0x08002ab0   Section        0  usart.o(i.fputc)
    i.init_wifi                              0x08002acc   Section        0  wifi.o(i.init_wifi)
    i.main                                   0x08002c78   Section        0  main.o(i.main)
    i.rst_wifi                               0x08002db8   Section        0  wifi.o(i.rst_wifi)
    i.show_all                               0x08002dd8   Section        0  main.o(i.show_all)
    i.u2_printf                              0x08002eb4   Section        0  usart2.o(i.u2_printf)
    i.uart_init                              0x08002f10   Section        0  usart.o(i.uart_init)
    i.wifi_GPIO_Init                         0x08002fb0   Section        0  wifi.o(i.wifi_GPIO_Init)
    i.wifi_check_cmd                         0x08002fe4   Section        0  wifi.o(i.wifi_check_cmd)
    i.wifi_send_cmd                          0x08003018   Section        0  wifi.o(i.wifi_send_cmd)
    locale$$code                             0x08003078   Section       44  lc_numeric_c.o(locale$$code)
    locale$$code                             0x080030a4   Section       44  lc_ctype_c.o(locale$$code)
    x$fpl$printf1                            0x080030d0   Section        4  printf1.o(x$fpl$printf1)
    x$fpl$printf2                            0x080030d4   Section        4  printf2.o(x$fpl$printf2)
    .constdata                               0x080030d8   Section     1520  oled.o(.constdata)
    x$fpl$usenofp                            0x080030d8   Section        0  usenofp.o(x$fpl$usenofp)
    .constdata                               0x080036c8   Section       17  __printf_flags_ss_wp.o(.constdata)
    maptable                                 0x080036c8   Data          17  __printf_flags_ss_wp.o(.constdata)
    .constdata                               0x080036dc   Section        8  _printf_wctomb.o(.constdata)
    initial_mbstate                          0x080036dc   Data           8  _printf_wctomb.o(.constdata)
    .constdata                               0x080036e4   Section       40  _printf_hex_int_ll_ptr.o(.constdata)
    uc_hextab                                0x080036e4   Data          20  _printf_hex_int_ll_ptr.o(.constdata)
    lc_hextab                                0x080036f8   Data          20  _printf_hex_int_ll_ptr.o(.constdata)
    .constdata                               0x0800370c   Section       38  _printf_fp_hex.o(.constdata)
    lc_hextab                                0x0800370c   Data          19  _printf_fp_hex.o(.constdata)
    uc_hextab                                0x0800371f   Data          19  _printf_fp_hex.o(.constdata)
    .constdata                               0x08003734   Section      148  bigflt0.o(.constdata)
    tenpwrs_x                                0x08003734   Data          60  bigflt0.o(.constdata)
    tenpwrs_i                                0x08003770   Data          64  bigflt0.o(.constdata)
    .conststring                             0x080037c8   Section       70  main.o(.conststring)
    .conststring                             0x08003810   Section       83  timer.o(.conststring)
    locale$$data                             0x08003884   Section       28  lc_numeric_c.o(locale$$data)
    __lcnum_c_name                           0x08003888   Data           2  lc_numeric_c.o(locale$$data)
    __lcnum_c_start                          0x08003890   Data           0  lc_numeric_c.o(locale$$data)
    __lcnum_c_point                          0x0800389c   Data           0  lc_numeric_c.o(locale$$data)
    __lcnum_c_thousands                      0x0800389e   Data           0  lc_numeric_c.o(locale$$data)
    __lcnum_c_grouping                       0x0800389f   Data           0  lc_numeric_c.o(locale$$data)
    locale$$data                             0x080038a0   Section      272  lc_ctype_c.o(locale$$data)
    __lcnum_c_end                            0x080038a0   Data           0  lc_numeric_c.o(locale$$data)
    __lcctype_c_name                         0x080038a4   Data           2  lc_ctype_c.o(locale$$data)
    __lcctype_c_start                        0x080038ac   Data           0  lc_ctype_c.o(locale$$data)
    __lcctype_c_end                          0x080039b0   Data           0  lc_ctype_c.o(locale$$data)
    .data                                    0x20000000   Section       36  main.o(.data)
    .data                                    0x20000024   Section       20  system_stm32f10x.o(.data)
    .data                                    0x20000038   Section        4  delay.o(.data)
    fac_us                                   0x20000038   Data           1  delay.o(.data)
    fac_ms                                   0x2000003a   Data           2  delay.o(.data)
    .data                                    0x2000003c   Section        6  usart.o(.data)
    .data                                    0x20000042   Section        2  usart2.o(.data)
    .data                                    0x20000044   Section       20  stm32f10x_rcc.o(.data)
    APBAHBPrescTable                         0x20000044   Data          16  stm32f10x_rcc.o(.data)
    ADCPrescTable                            0x20000054   Data           4  stm32f10x_rcc.o(.data)
    .bss                                     0x20000058   Section      100  main.o(.bss)
    .bss                                     0x200000bc   Section      200  usart.o(.bss)
    .bss                                     0x20000188   Section     2048  usart2.o(.bss)
    .bss                                     0x20000988   Section       50  timer.o(.bss)
    .bss                                     0x200009bc   Section       96  libspace.o(.bss)
    HEAP                                     0x20000a20   Section      512  startup_stm32f10x_hd.o(HEAP)
    Heap_Mem                                 0x20000a20   Data         512  startup_stm32f10x_hd.o(HEAP)
    STACK                                    0x20000c20   Section     1024  startup_stm32f10x_hd.o(STACK)
    Stack_Mem                                0x20000c20   Data        1024  startup_stm32f10x_hd.o(STACK)
    __initial_sp                             0x20001020   Data           0  startup_stm32f10x_hd.o(STACK)

    Global Symbols

    Symbol Name                              Value     Ov Type        Size  Object(Section)

    BuildAttributes$$THM_ISAv4$P$D$K$B$S$PE$A:L22UL41UL21$X:L11$S22US41US21$IEEE1$IW$USESV6$~STKCKD$USESV7$~SHL$OTIME$ROPI$IEEEJ$EBA8$UX$STANDARDLIB$REQ8$PRES8$EABIv2 0x00000000   Number         0  anon$$obj.o ABSOLUTE
    __ARM_use_no_argv                        0x00000000   Number         0  main.o ABSOLUTE
    _printf_flags                            0x00000000   Number         0  printf_stubs.o ABSOLUTE
    _printf_return_value                     0x00000000   Number         0  printf_stubs.o ABSOLUTE
    _printf_sizespec                         0x00000000   Number         0  printf_stubs.o ABSOLUTE
    _printf_widthprec                        0x00000000   Number         0  printf_stubs.o ABSOLUTE
    __ARM_exceptions_init                     - Undefined Weak Reference
    __alloca_initialize                       - Undefined Weak Reference
    __arm_preinit_                            - Undefined Weak Reference
    __cpp_initialize__aeabi_                  - Undefined Weak Reference
    __cxa_finalize                            - Undefined Weak Reference
    __sigvec_lookup                           - Undefined Weak Reference
    _atexit_init                              - Undefined Weak Reference
    _call_atexit_fns                          - Undefined Weak Reference
    _clock_init                               - Undefined Weak Reference
    _fp_trap_init                             - Undefined Weak Reference
    _fp_trap_shutdown                         - Undefined Weak Reference
    _get_lc_collate                           - Undefined Weak Reference
    _get_lc_monetary                          - Undefined Weak Reference
    _get_lc_time                              - Undefined Weak Reference
    _getenv_init                              - Undefined Weak Reference
    _handle_redirection                       - Undefined Weak Reference
    _init_alloc                               - Undefined Weak Reference
    _init_user_alloc                          - Undefined Weak Reference
    _initio                                   - Undefined Weak Reference
    _mutex_acquire                            - Undefined Weak Reference
    _mutex_release                            - Undefined Weak Reference
    _printf_mbtowc                            - Undefined Weak Reference
    _printf_wc                                - Undefined Weak Reference
    _rand_init                                - Undefined Weak Reference
    _signal_finish                            - Undefined Weak Reference
    _signal_init                              - Undefined Weak Reference
    _terminate_alloc                          - Undefined Weak Reference
    _terminate_user_alloc                     - Undefined Weak Reference
    _terminateio                              - Undefined Weak Reference
    __Vectors_Size                           0x00000130   Number         0  startup_stm32f10x_hd.o ABSOLUTE
    __Vectors                                0x08000000   Data           4  startup_stm32f10x_hd.o(RESET)
    __Vectors_End                            0x08000130   Data           0  startup_stm32f10x_hd.o(RESET)
    __main                                   0x08000131   Thumb Code     8  __main.o(!!!main)
    __scatterload                            0x08000139   Thumb Code     0  __scatter.o(!!!scatter)
    __scatterload_rt2                        0x08000139   Thumb Code    44  __scatter.o(!!!scatter)
    __scatterload_rt2_thumb_only             0x08000139   Thumb Code     0  __scatter.o(!!!scatter)
    __scatterload_null                       0x08000147   Thumb Code     0  __scatter.o(!!!scatter)
    __scatterload_copy                       0x0800016d   Thumb Code    26  __scatter_copy.o(!!handler_copy)
    __scatterload_zeroinit                   0x08000189   Thumb Code    28  __scatter_zi.o(!!handler_zi)
    _printf_n                                0x080001a5   Thumb Code     0  _printf_n.o(.ARM.Collect$$_printf_percent$$00000001)
    _printf_percent                          0x080001a5   Thumb Code     0  _printf_percent.o(.ARM.Collect$$_printf_percent$$00000000)
    _printf_p                                0x080001ab   Thumb Code     0  _printf_p.o(.ARM.Collect$$_printf_percent$$00000002)
    _printf_f                                0x080001b1   Thumb Code     0  _printf_f.o(.ARM.Collect$$_printf_percent$$00000003)
    _printf_e                                0x080001b7   Thumb Code     0  _printf_e.o(.ARM.Collect$$_printf_percent$$00000004)
    _printf_g                                0x080001bd   Thumb Code     0  _printf_g.o(.ARM.Collect$$_printf_percent$$00000005)
    _printf_a                                0x080001c3   Thumb Code     0  _printf_a.o(.ARM.Collect$$_printf_percent$$00000006)
    _printf_ll                               0x080001c9   Thumb Code     0  _printf_ll.o(.ARM.Collect$$_printf_percent$$00000007)
    _printf_i                                0x080001d3   Thumb Code     0  _printf_i.o(.ARM.Collect$$_printf_percent$$00000008)
    _printf_d                                0x080001d9   Thumb Code     0  _printf_d.o(.ARM.Collect$$_printf_percent$$00000009)
    _printf_u                                0x080001df   Thumb Code     0  _printf_u.o(.ARM.Collect$$_printf_percent$$0000000A)
    _printf_o                                0x080001e5   Thumb Code     0  _printf_o.o(.ARM.Collect$$_printf_percent$$0000000B)
    _printf_x                                0x080001eb   Thumb Code     0  _printf_x.o(.ARM.Collect$$_printf_percent$$0000000C)
    _printf_lli                              0x080001f1   Thumb Code     0  _printf_lli.o(.ARM.Collect$$_printf_percent$$0000000D)
    _printf_lld                              0x080001f7   Thumb Code     0  _printf_lld.o(.ARM.Collect$$_printf_percent$$0000000E)
    _printf_llu                              0x080001fd   Thumb Code     0  _printf_llu.o(.ARM.Collect$$_printf_percent$$0000000F)
    _printf_llo                              0x08000203   Thumb Code     0  _printf_llo.o(.ARM.Collect$$_printf_percent$$00000010)
    _printf_llx                              0x08000209   Thumb Code     0  _printf_llx.o(.ARM.Collect$$_printf_percent$$00000011)
    _printf_l                                0x0800020f   Thumb Code     0  _printf_l.o(.ARM.Collect$$_printf_percent$$00000012)
    _printf_c                                0x08000219   Thumb Code     0  _printf_c.o(.ARM.Collect$$_printf_percent$$00000013)
    _printf_s                                0x0800021f   Thumb Code     0  _printf_s.o(.ARM.Collect$$_printf_percent$$00000014)
    _printf_lc                               0x08000225   Thumb Code     0  _printf_lc.o(.ARM.Collect$$_printf_percent$$00000015)
    _printf_ls                               0x0800022b   Thumb Code     0  _printf_ls.o(.ARM.Collect$$_printf_percent$$00000016)
    _printf_percent_end                      0x08000231   Thumb Code     0  _printf_percent_end.o(.ARM.Collect$$_printf_percent$$00000017)
    __rt_lib_init                            0x08000235   Thumb Code     0  libinit.o(.ARM.Collect$$libinit$$00000000)
    __rt_lib_init_fp_1                       0x08000237   Thumb Code     0  libinit2.o(.ARM.Collect$$libinit$$00000002)
    __rt_lib_init_heap_1                     0x08000237   Thumb Code     0  libinit2.o(.ARM.Collect$$libinit$$0000000A)
    __rt_lib_init_lc_common                  0x08000237   Thumb Code     0  libinit2.o(.ARM.Collect$$libinit$$0000000F)
    __rt_lib_init_preinit_1                  0x08000237   Thumb Code     0  libinit2.o(.ARM.Collect$$libinit$$00000004)
    __rt_lib_init_rand_1                     0x08000237   Thumb Code     0  libinit2.o(.ARM.Collect$$libinit$$0000000E)
    __rt_lib_init_user_alloc_1               0x08000237   Thumb Code     0  libinit2.o(.ARM.Collect$$libinit$$0000000C)
    __rt_lib_init_lc_collate_1               0x0800023d   Thumb Code     0  libinit2.o(.ARM.Collect$$libinit$$00000011)
    __rt_lib_init_lc_ctype_2                 0x0800023d   Thumb Code     0  libinit2.o(.ARM.Collect$$libinit$$00000012)
    __rt_lib_init_lc_ctype_1                 0x08000249   Thumb Code     0  libinit2.o(.ARM.Collect$$libinit$$00000013)
    __rt_lib_init_lc_monetary_1              0x08000249   Thumb Code     0  libinit2.o(.ARM.Collect$$libinit$$00000015)
    __rt_lib_init_lc_numeric_2               0x08000249   Thumb Code     0  libinit2.o(.ARM.Collect$$libinit$$00000016)
    __rt_lib_init_alloca_1                   0x08000253   Thumb Code     0  libinit2.o(.ARM.Collect$$libinit$$0000002E)
    __rt_lib_init_argv_1                     0x08000253   Thumb Code     0  libinit2.o(.ARM.Collect$$libinit$$0000002C)
    __rt_lib_init_atexit_1                   0x08000253   Thumb Code     0  libinit2.o(.ARM.Collect$$libinit$$0000001B)
    __rt_lib_init_clock_1                    0x08000253   Thumb Code     0  libinit2.o(.ARM.Collect$$libinit$$00000021)
    __rt_lib_init_cpp_1                      0x08000253   Thumb Code     0  libinit2.o(.ARM.Collect$$libinit$$00000032)
    __rt_lib_init_exceptions_1               0x08000253   Thumb Code     0  libinit2.o(.ARM.Collect$$libinit$$00000030)
    __rt_lib_init_fp_trap_1                  0x08000253   Thumb Code     0  libinit2.o(.ARM.Collect$$libinit$$0000001F)
    __rt_lib_init_getenv_1                   0x08000253   Thumb Code     0  libinit2.o(.ARM.Collect$$libinit$$00000023)
    __rt_lib_init_lc_numeric_1               0x08000253   Thumb Code     0  libinit2.o(.ARM.Collect$$libinit$$00000017)
    __rt_lib_init_lc_time_1                  0x08000253   Thumb Code     0  libinit2.o(.ARM.Collect$$libinit$$00000019)
    __rt_lib_init_return                     0x08000253   Thumb Code     0  libinit2.o(.ARM.Collect$$libinit$$00000033)
    __rt_lib_init_signal_1                   0x08000253   Thumb Code     0  libinit2.o(.ARM.Collect$$libinit$$0000001D)
    __rt_lib_init_stdio_1                    0x08000253   Thumb Code     0  libinit2.o(.ARM.Collect$$libinit$$00000025)
    __rt_lib_shutdown                        0x08000255   Thumb Code     0  libshutdown.o(.ARM.Collect$$libshutdown$$00000000)
    __rt_lib_shutdown_fp_trap_1              0x08000257   Thumb Code     0  libshutdown2.o(.ARM.Collect$$libshutdown$$00000006)
    __rt_lib_shutdown_heap_1                 0x08000257   Thumb Code     0  libshutdown2.o(.ARM.Collect$$libshutdown$$0000000E)
    __rt_lib_shutdown_return                 0x08000257   Thumb Code     0  libshutdown2.o(.ARM.Collect$$libshutdown$$0000000F)
    __rt_lib_shutdown_signal_1               0x08000257   Thumb Code     0  libshutdown2.o(.ARM.Collect$$libshutdown$$00000009)
    __rt_lib_shutdown_stdio_1                0x08000257   Thumb Code     0  libshutdown2.o(.ARM.Collect$$libshutdown$$00000003)
    __rt_lib_shutdown_user_alloc_1           0x08000257   Thumb Code     0  libshutdown2.o(.ARM.Collect$$libshutdown$$0000000B)
    __rt_entry                               0x08000259   Thumb Code     0  __rtentry.o(.ARM.Collect$$rtentry$$00000000)
    __rt_entry_presh_1                       0x08000259   Thumb Code     0  __rtentry2.o(.ARM.Collect$$rtentry$$00000002)
    __rt_entry_sh                            0x08000259   Thumb Code     0  __rtentry4.o(.ARM.Collect$$rtentry$$00000004)
    __rt_entry_li                            0x0800025f   Thumb Code     0  __rtentry2.o(.ARM.Collect$$rtentry$$0000000A)
    __rt_entry_postsh_1                      0x0800025f   Thumb Code     0  __rtentry2.o(.ARM.Collect$$rtentry$$00000009)
    __rt_entry_main                          0x08000263   Thumb Code     0  __rtentry2.o(.ARM.Collect$$rtentry$$0000000D)
    __rt_entry_postli_1                      0x08000263   Thumb Code     0  __rtentry2.o(.ARM.Collect$$rtentry$$0000000C)
    __rt_exit                                0x0800026b   Thumb Code     0  rtexit.o(.ARM.Collect$$rtexit$$00000000)
    __rt_exit_ls                             0x0800026d   Thumb Code     0  rtexit2.o(.ARM.Collect$$rtexit$$00000003)
    __rt_exit_prels_1                        0x0800026d   Thumb Code     0  rtexit2.o(.ARM.Collect$$rtexit$$00000002)
    __rt_exit_exit                           0x08000271   Thumb Code     0  rtexit2.o(.ARM.Collect$$rtexit$$00000004)
    Reset_Handler                            0x08000279   Thumb Code     8  startup_stm32f10x_hd.o(.text)
    ADC1_2_IRQHandler                        0x08000293   Thumb Code     0  startup_stm32f10x_hd.o(.text)
    ADC3_IRQHandler                          0x08000293   Thumb Code     0  startup_stm32f10x_hd.o(.text)
    CAN1_RX1_IRQHandler                      0x08000293   Thumb Code     0  startup_stm32f10x_hd.o(.text)
    CAN1_SCE_IRQHandler                      0x08000293   Thumb Code     0  startup_stm32f10x_hd.o(.text)
    DMA1_Channel1_IRQHandler                 0x08000293   Thumb Code     0  startup_stm32f10x_hd.o(.text)
    DMA1_Channel2_IRQHandler                 0x08000293   Thumb Code     0  startup_stm32f10x_hd.o(.text)
    DMA1_Channel3_IRQHandler                 0x08000293   Thumb Code     0  startup_stm32f10x_hd.o(.text)
    DMA1_Channel4_IRQHandler                 0x08000293   Thumb Code     0  startup_stm32f10x_hd.o(.text)
    DMA1_Channel5_IRQHandler                 0x08000293   Thumb Code     0  startup_stm32f10x_hd.o(.text)
    DMA1_Channel6_IRQHandler                 0x08000293   Thumb Code     0  startup_stm32f10x_hd.o(.text)
    DMA1_Channel7_IRQHandler                 0x08000293   Thumb Code     0  startup_stm32f10x_hd.o(.text)
    DMA2_Channel1_IRQHandler                 0x08000293   Thumb Code     0  startup_stm32f10x_hd.o(.text)
    DMA2_Channel2_IRQHandler                 0x08000293   Thumb Code     0  startup_stm32f10x_hd.o(.text)
    DMA2_Channel3_IRQHandler                 0x08000293   Thumb Code     0  startup_stm32f10x_hd.o(.text)
    DMA2_Channel4_5_IRQHandler               0x08000293   Thumb Code     0  startup_stm32f10x_hd.o(.text)
    EXTI0_IRQHandler                         0x08000293   Thumb Code     0  startup_stm32f10x_hd.o(.text)
    EXTI15_10_IRQHandler                     0x08000293   Thumb Code     0  startup_stm32f10x_hd.o(.text)
    EXTI1_IRQHandler                         0x08000293   Thumb Code     0  startup_stm32f10x_hd.o(.text)
    EXTI2_IRQHandler                         0x08000293   Thumb Code     0  startup_stm32f10x_hd.o(.text)
    EXTI3_IRQHandler                         0x08000293   Thumb Code     0  startup_stm32f10x_hd.o(.text)
    EXTI4_IRQHandler                         0x08000293   Thumb Code     0  startup_stm32f10x_hd.o(.text)
    EXTI9_5_IRQHandler                       0x08000293   Thumb Code     0  startup_stm32f10x_hd.o(.text)
    FLASH_IRQHandler                         0x08000293   Thumb Code     0  startup_stm32f10x_hd.o(.text)
    FSMC_IRQHandler                          0x08000293   Thumb Code     0  startup_stm32f10x_hd.o(.text)
    I2C1_ER_IRQHandler                       0x08000293   Thumb Code     0  startup_stm32f10x_hd.o(.text)
    I2C1_EV_IRQHandler                       0x08000293   Thumb Code     0  startup_stm32f10x_hd.o(.text)
    I2C2_ER_IRQHandler                       0x08000293   Thumb Code     0  startup_stm32f10x_hd.o(.text)
    I2C2_EV_IRQHandler                       0x08000293   Thumb Code     0  startup_stm32f10x_hd.o(.text)
    PVD_IRQHandler                           0x08000293   Thumb Code     0  startup_stm32f10x_hd.o(.text)
    RCC_IRQHandler                           0x08000293   Thumb Code     0  startup_stm32f10x_hd.o(.text)
    RTCAlarm_IRQHandler                      0x08000293   Thumb Code     0  startup_stm32f10x_hd.o(.text)
    RTC_IRQHandler                           0x08000293   Thumb Code     0  startup_stm32f10x_hd.o(.text)
    SDIO_IRQHandler                          0x08000293   Thumb Code     0  startup_stm32f10x_hd.o(.text)
    SPI1_IRQHandler                          0x08000293   Thumb Code     0  startup_stm32f10x_hd.o(.text)
    SPI2_IRQHandler                          0x08000293   Thumb Code     0  startup_stm32f10x_hd.o(.text)
    SPI3_IRQHandler                          0x08000293   Thumb Code     0  startup_stm32f10x_hd.o(.text)
    TAMPER_IRQHandler                        0x08000293   Thumb Code     0  startup_stm32f10x_hd.o(.text)
    TIM1_BRK_IRQHandler                      0x08000293   Thumb Code     0  startup_stm32f10x_hd.o(.text)
    TIM1_CC_IRQHandler                       0x08000293   Thumb Code     0  startup_stm32f10x_hd.o(.text)
    TIM1_TRG_COM_IRQHandler                  0x08000293   Thumb Code     0  startup_stm32f10x_hd.o(.text)
    TIM1_UP_IRQHandler                       0x08000293   Thumb Code     0  startup_stm32f10x_hd.o(.text)
    TIM2_IRQHandler                          0x08000293   Thumb Code     0  startup_stm32f10x_hd.o(.text)
    TIM5_IRQHandler                          0x08000293   Thumb Code     0  startup_stm32f10x_hd.o(.text)
    TIM6_IRQHandler                          0x08000293   Thumb Code     0  startup_stm32f10x_hd.o(.text)
    TIM7_IRQHandler                          0x08000293   Thumb Code     0  startup_stm32f10x_hd.o(.text)
    TIM8_BRK_IRQHandler                      0x08000293   Thumb Code     0  startup_stm32f10x_hd.o(.text)
    TIM8_CC_IRQHandler                       0x08000293   Thumb Code     0  startup_stm32f10x_hd.o(.text)
    TIM8_TRG_COM_IRQHandler                  0x08000293   Thumb Code     0  startup_stm32f10x_hd.o(.text)
    TIM8_UP_IRQHandler                       0x08000293   Thumb Code     0  startup_stm32f10x_hd.o(.text)
    UART4_IRQHandler                         0x08000293   Thumb Code     0  startup_stm32f10x_hd.o(.text)
    UART5_IRQHandler                         0x08000293   Thumb Code     0  startup_stm32f10x_hd.o(.text)
    USART3_IRQHandler                        0x08000293   Thumb Code     0  startup_stm32f10x_hd.o(.text)
    USBWakeUp_IRQHandler                     0x08000293   Thumb Code     0  startup_stm32f10x_hd.o(.text)
    USB_HP_CAN1_TX_IRQHandler                0x08000293   Thumb Code     0  startup_stm32f10x_hd.o(.text)
    USB_LP_CAN1_RX0_IRQHandler               0x08000293   Thumb Code     0  startup_stm32f10x_hd.o(.text)
    WWDG_IRQHandler                          0x08000293   Thumb Code     0  startup_stm32f10x_hd.o(.text)
    __user_initial_stackheap                 0x08000295   Thumb Code     0  startup_stm32f10x_hd.o(.text)
    __use_no_semihosting                     0x080002b9   Thumb Code     2  use_no_semi_2.o(.text)
    vsprintf                                 0x080002bd   Thumb Code    32  vsprintf.o(.text)
    __2printf                                0x080002e1   Thumb Code    20  __2printf.o(.text)
    __2sprintf                               0x080002f9   Thumb Code    38  __2sprintf.o(.text)
    _printf_str                              0x08000325   Thumb Code    82  _printf_str.o(.text)
    _printf_int_dec                          0x08000379   Thumb Code   104  _printf_dec.o(.text)
    __printf                                 0x080003f1   Thumb Code   388  __printf_flags_ss_wp.o(.text)
    strstr                                   0x08000579   Thumb Code    36  strstr.o(.text)
    memcmp                                   0x0800059d   Thumb Code    88  memcmp.o(.text)
    strcpy                                   0x080005f5   Thumb Code    72  strcpy.o(.text)
    strlen                                   0x0800063d   Thumb Code    62  strlen.o(.text)
    __use_two_region_memory                  0x0800067b   Thumb Code     2  heapauxi.o(.text)
    __rt_heap_escrow$2region                 0x0800067d   Thumb Code     2  heapauxi.o(.text)
    __rt_heap_expand$2region                 0x0800067f   Thumb Code     2  heapauxi.o(.text)
    __I$use$semihosting                      0x08000681   Thumb Code     0  use_no_semi.o(.text)
    __use_no_semihosting_swi                 0x08000681   Thumb Code     2  use_no_semi.o(.text)
    _printf_pre_padding                      0x08000683   Thumb Code    44  _printf_pad.o(.text)
    _printf_post_padding                     0x080006af   Thumb Code    34  _printf_pad.o(.text)
    _printf_truncate_signed                  0x080006d1   Thumb Code    18  _printf_truncate.o(.text)
    _printf_truncate_unsigned                0x080006e3   Thumb Code    18  _printf_truncate.o(.text)
    _printf_int_common                       0x080006f5   Thumb Code   178  _printf_intcommon.o(.text)
    _printf_charcount                        0x080007a7   Thumb Code    40  _printf_charcount.o(.text)
    _printf_char_common                      0x080007db   Thumb Code    32  _printf_char_common.o(.text)
    _sputc                                   0x08000801   Thumb Code    10  _sputc.o(.text)
    _printf_cs_common                        0x0800080b   Thumb Code    20  _printf_char.o(.text)
    _printf_char                             0x0800081f   Thumb Code    16  _printf_char.o(.text)
    _printf_string                           0x0800082f   Thumb Code     8  _printf_char.o(.text)
    _printf_char_file                        0x08000839   Thumb Code    32  _printf_char_file.o(.text)
    _printf_wctomb                           0x0800085d   Thumb Code   182  _printf_wctomb.o(.text)
    _printf_longlong_dec                     0x08000919   Thumb Code   108  _printf_longlong_dec.o(.text)
    _printf_longlong_oct                     0x08000995   Thumb Code    68  _printf_oct_int_ll.o(.text)
    _printf_int_oct                          0x080009d9   Thumb Code    24  _printf_oct_int_ll.o(.text)
    _printf_ll_oct                           0x080009f1   Thumb Code    12  _printf_oct_int_ll.o(.text)
    _printf_longlong_hex                     0x08000a05   Thumb Code    86  _printf_hex_int_ll_ptr.o(.text)
    _printf_int_hex                          0x08000a5b   Thumb Code    28  _printf_hex_int_ll_ptr.o(.text)
    _printf_ll_hex                           0x08000a77   Thumb Code    12  _printf_hex_int_ll_ptr.o(.text)
    _printf_hex_ptr                          0x08000a83   Thumb Code    18  _printf_hex_int_ll_ptr.o(.text)
    _ll_udiv10                               0x08000a99   Thumb Code   138  lludiv10.o(.text)
    __lib_sel_fp_printf                      0x08000b23   Thumb Code     2  _printf_fp_dec.o(.text)
    _printf_fp_dec_real                      0x08000cd1   Thumb Code   620  _printf_fp_dec.o(.text)
    _printf_fp_hex_real                      0x08000f3d   Thumb Code   754  _printf_fp_hex.o(.text)
    _printf_lcs_common                       0x08001239   Thumb Code    20  _printf_wchar.o(.text)
    _printf_wchar                            0x0800124d   Thumb Code    16  _printf_wchar.o(.text)
    _printf_wstring                          0x0800125d   Thumb Code     8  _printf_wchar.o(.text)
    ferror                                   0x08001265   Thumb Code     8  ferror.o(.text)
    _wcrtomb                                 0x0800126d   Thumb Code    64  _wcrtomb.o(.text)
    __user_setup_stackheap                   0x080012ad   Thumb Code    74  sys_stackheap_outer.o(.text)
    __rt_ctype_table                         0x080012f9   Thumb Code    16  rt_ctype_table.o(.text)
    __rt_locale                              0x08001309   Thumb Code     8  rt_locale_intlibspace.o(.text)
    _printf_fp_infnan                        0x08001311   Thumb Code   112  _printf_fp_infnan.o(.text)
    _btod_etento                             0x08001391   Thumb Code   216  bigflt0.o(.text)
    exit                                     0x0800146d   Thumb Code    12  exit.o(.text)
    __user_libspace                          0x08001479   Thumb Code     8  libspace.o(.text)
    __user_perproc_libspace                  0x08001479   Thumb Code     0  libspace.o(.text)
    __user_perthread_libspace                0x08001479   Thumb Code     0  libspace.o(.text)
    strcmp                                   0x08001481   Thumb Code   128  strcmpv7m.o(.text)
    _btod_d2e                                0x08001501   Thumb Code    62  btod.o(CL$$btod_d2e)
    _d2e_denorm_low                          0x0800153f   Thumb Code    70  btod.o(CL$$btod_d2e_denorm_low)
    _d2e_norm_op1                            0x08001585   Thumb Code    96  btod.o(CL$$btod_d2e_norm_op1)
    __btod_div_common                        0x080015e5   Thumb Code   696  btod.o(CL$$btod_div_common)
    _e2e                                     0x0800191d   Thumb Code   198  btod.o(CL$$btod_e2e)
    _btod_ediv                               0x080019e3   Thumb Code    40  btod.o(CL$$btod_ediv)
    _btod_emul                               0x08001a0b   Thumb Code    40  btod.o(CL$$btod_emul)
    __btod_mult_common                       0x08001a33   Thumb Code   580  btod.o(CL$$btod_mult_common)
    BusFault_Handler                         0x08001c77   Thumb Code     4  stm32f10x_it.o(i.BusFault_Handler)
    DebugMon_Handler                         0x08001c7b   Thumb Code     2  stm32f10x_it.o(i.DebugMon_Handler)
    GPIO_Init                                0x08001c7d   Thumb Code   278  stm32f10x_gpio.o(i.GPIO_Init)
    GPIO_ResetBits                           0x08001d93   Thumb Code     4  stm32f10x_gpio.o(i.GPIO_ResetBits)
    GPIO_SetBits                             0x08001d97   Thumb Code     4  stm32f10x_gpio.o(i.GPIO_SetBits)
    GPIO_WriteBit                            0x08001d9b   Thumb Code    10  stm32f10x_gpio.o(i.GPIO_WriteBit)
    HardFault_Handler                        0x08001da5   Thumb Code     4  stm32f10x_it.o(i.HardFault_Handler)
    LED_Init                                 0x08001da9   Thumb Code    72  led.o(i.LED_Init)
    MemManage_Handler                        0x08001df9   Thumb Code     4  stm32f10x_it.o(i.MemManage_Handler)
    NMI_Handler                              0x08001dfd   Thumb Code     2  stm32f10x_it.o(i.NMI_Handler)
    NVIC_Init                                0x08001e01   Thumb Code   100  misc.o(i.NVIC_Init)
    OLED_I2C_SendByte                        0x08001e71   Thumb Code    74  oled.o(i.OLED_I2C_SendByte)
    OLED_I2C_Start                           0x08001ec1   Thumb Code    44  oled.o(i.OLED_I2C_Start)
    OLED_I2C_Stop                            0x08001ef1   Thumb Code    34  oled.o(i.OLED_I2C_Stop)
    OLED_Pow                                 0x08001f19   Thumb Code    20  oled.o(i.OLED_Pow)
    OLED_SetCursor                           0x08001f2d   Thumb Code    34  oled.o(i.OLED_SetCursor)
    OLED_ShowChar                            0x08001f51   Thumb Code   110  oled.o(i.OLED_ShowChar)
    OLED_ShowNum                             0x08001fc5   Thumb Code    68  oled.o(i.OLED_ShowNum)
    OLED_ShowString                          0x08002009   Thumb Code    40  oled.o(i.OLED_ShowString)
    OLED_WriteCommand                        0x08002031   Thumb Code    32  oled.o(i.OLED_WriteCommand)
    OLED_WriteData                           0x08002051   Thumb Code    32  oled.o(i.OLED_WriteData)
    PendSV_Handler                           0x08002071   Thumb Code     2  stm32f10x_it.o(i.PendSV_Handler)
    RCC_APB1PeriphClockCmd                   0x08002075   Thumb Code    26  stm32f10x_rcc.o(i.RCC_APB1PeriphClockCmd)
    RCC_APB1PeriphResetCmd                   0x08002095   Thumb Code    26  stm32f10x_rcc.o(i.RCC_APB1PeriphResetCmd)
    RCC_APB2PeriphClockCmd                   0x080020b5   Thumb Code    26  stm32f10x_rcc.o(i.RCC_APB2PeriphClockCmd)
    RCC_APB2PeriphResetCmd                   0x080020d5   Thumb Code    26  stm32f10x_rcc.o(i.RCC_APB2PeriphResetCmd)
    RCC_GetClocksFreq                        0x080020f5   Thumb Code   192  stm32f10x_rcc.o(i.RCC_GetClocksFreq)
    SVC_Handler                              0x080021c9   Thumb Code     2  stm32f10x_it.o(i.SVC_Handler)
    SysTick_CLKSourceConfig                  0x080022b5   Thumb Code    40  misc.o(i.SysTick_CLKSourceConfig)
    SysTick_Handler                          0x080022dd   Thumb Code     2  stm32f10x_it.o(i.SysTick_Handler)
    SystemInit                               0x080022e1   Thumb Code    78  system_stm32f10x.o(i.SystemInit)
    TIM3_IRQHandler                          0x08002341   Thumb Code   126  timer.o(i.TIM3_IRQHandler)
    TIM3_Int_Init                            0x080023f5   Thumb Code    90  timer.o(i.TIM3_Int_Init)
    TIM4_IRQHandler                          0x08002455   Thumb Code    40  usart2.o(i.TIM4_IRQHandler)
    TIM4_Init                                0x08002485   Thumb Code    82  usart2.o(i.TIM4_Init)
    TIM4_Set                                 0x080024dd   Thumb Code    34  usart2.o(i.TIM4_Set)
    TIM_ClearITPendingBit                    0x08002505   Thumb Code     6  stm32f10x_tim.o(i.TIM_ClearITPendingBit)
    TIM_Cmd                                  0x0800250b   Thumb Code    24  stm32f10x_tim.o(i.TIM_Cmd)
    TIM_GetITStatus                          0x08002523   Thumb Code    34  stm32f10x_tim.o(i.TIM_GetITStatus)
    TIM_ITConfig                             0x08002545   Thumb Code    18  stm32f10x_tim.o(i.TIM_ITConfig)
    TIM_SetCounter                           0x08002557   Thumb Code     4  stm32f10x_tim.o(i.TIM_SetCounter)
    TIM_TimeBaseInit                         0x0800255d   Thumb Code   122  stm32f10x_tim.o(i.TIM_TimeBaseInit)
    USART1_IRQHandler                        0x08002601   Thumb Code   122  usart.o(i.USART1_IRQHandler)
    USART2_IRQHandler                        0x08002689   Thumb Code    84  usart2.o(i.USART2_IRQHandler)
    USART2_Init                              0x080026ed   Thumb Code   180  usart2.o(i.USART2_Init)
    USART_Cmd                                0x080027ad   Thumb Code    24  stm32f10x_usart.o(i.USART_Cmd)
    USART_DeInit                             0x080027c5   Thumb Code   134  stm32f10x_usart.o(i.USART_DeInit)
    USART_GetITStatus                        0x08002861   Thumb Code    84  stm32f10x_usart.o(i.USART_GetITStatus)
    USART_ITConfig                           0x080028b5   Thumb Code    74  stm32f10x_usart.o(i.USART_ITConfig)
    USART_Init                               0x08002901   Thumb Code   210  stm32f10x_usart.o(i.USART_Init)
    USART_ReceiveData                        0x080029d9   Thumb Code    10  stm32f10x_usart.o(i.USART_ReceiveData)
    UsageFault_Handler                       0x080029e3   Thumb Code     4  stm32f10x_it.o(i.UsageFault_Handler)
    __ARM_fpclassify                         0x080029e7   Thumb Code    40  fpclassify.o(i.__ARM_fpclassify)
    _is_digit                                0x08002a0f   Thumb Code    14  __printf_wp.o(i._is_digit)
    _sys_exit                                0x08002a1d   Thumb Code     4  usart.o(i._sys_exit)
    delay_init                               0x08002a21   Thumb Code    50  delay.o(i.delay_init)
    delay_ms                                 0x08002a65   Thumb Code    72  delay.o(i.delay_ms)
    fputc                                    0x08002ab1   Thumb Code    24  usart.o(i.fputc)
    init_wifi                                0x08002acd   Thumb Code   152  wifi.o(i.init_wifi)
    main                                     0x08002c79   Thumb Code   244  main.o(i.main)
    rst_wifi                                 0x08002db9   Thumb Code    28  wifi.o(i.rst_wifi)
    show_all                                 0x08002dd9   Thumb Code   180  main.o(i.show_all)
    u2_printf                                0x08002eb5   Thumb Code    84  usart2.o(i.u2_printf)
    uart_init                                0x08002f11   Thumb Code   152  usart.o(i.uart_init)
    wifi_GPIO_Init                           0x08002fb1   Thumb Code    46  wifi.o(i.wifi_GPIO_Init)
    wifi_check_cmd                           0x08002fe5   Thumb Code    44  wifi.o(i.wifi_check_cmd)
    wifi_send_cmd                            0x08003019   Thumb Code    82  wifi.o(i.wifi_send_cmd)
    _get_lc_numeric                          0x08003079   Thumb Code    44  lc_numeric_c.o(locale$$code)
    _get_lc_ctype                            0x080030a5   Thumb Code    44  lc_ctype_c.o(locale$$code)
    _printf_fp_dec                           0x080030d1   Thumb Code     4  printf1.o(x$fpl$printf1)
    _printf_fp_hex                           0x080030d5   Thumb Code     4  printf2.o(x$fpl$printf2)
    OLED_F8x16                               0x080030d8   Data        1520  oled.o(.constdata)
    __I$use$fp                               0x080030d8   Number         0  usenofp.o(x$fpl$usenofp)
    Region$$Table$$Base                      0x08003864   Number         0  anon$$obj.o(Region$$Table)
    Region$$Table$$Limit                     0x08003884   Number         0  anon$$obj.o(Region$$Table)
    __ctype                                  0x080038ad   Data           0  lc_ctype_c.o(locale$$data)
    cmdLEDON                                 0x20000000   Data           4  main.o(.data)
    cmdLEDOFF                                0x20000004   Data           4  main.o(.data)
    tiwen                                    0x20000008   Data           8  main.o(.data)
    xl                                       0x20000010   Data           1  main.o(.data)
    xy                                       0x20000011   Data           1  main.o(.data)
    shidu                                    0x20000014   Data           8  main.o(.data)
    qiwen                                    0x2000001c   Data           8  main.o(.data)
    SystemCoreClock                          0x20000024   Data           4  system_stm32f10x.o(.data)
    AHBPrescTable                            0x20000028   Data          16  system_stm32f10x.o(.data)
    __stdout                                 0x2000003c   Data           4  usart.o(.data)
    USART_RX_STA                             0x20000040   Data           2  usart.o(.data)
    USART2_RX_STA                            0x20000042   Data           2  usart2.o(.data)
    buf1                                     0x20000058   Data         100  main.o(.bss)
    USART_RX_BUF                             0x200000bc   Data         200  usart.o(.bss)
    USART2_TX_BUF                            0x20000188   Data        1024  usart2.o(.bss)
    USART2_RX_BUF                            0x20000588   Data        1024  usart2.o(.bss)
    buf2                                     0x20000988   Data          50  timer.o(.bss)
    __libspace_start                         0x200009bc   Data          96  libspace.o(.bss)
    __temporary_stack_top$libspace           0x20000a1c   Data           0  libspace.o(.bss)



==============================================================================

Memory Map of the image

  Image Entry point : 0x08000131

  Load Region LR_IROM1 (Base: 0x08000000, Size: 0x00003a08, Max: 0x00040000, ABSOLUTE)

    Execution Region ER_IROM1 (Exec base: 0x08000000, Load base: 0x08000000, Size: 0x000039b0, Max: 0x00040000, ABSOLUTE)

    Exec Addr    Load Addr    Size         Type   Attr      Idx    E Section Name        Object

    0x08000000   0x08000000   0x00000130   Data   RO          660    RESET               startup_stm32f10x_hd.o
    0x08000130   0x08000130   0x00000008   Code   RO         1796  * !!!main             c_w.l(__main.o)
    0x08000138   0x08000138   0x00000034   Code   RO         2091    !!!scatter          c_w.l(__scatter.o)
    0x0800016c   0x0800016c   0x0000001a   Code   RO         2093    !!handler_copy      c_w.l(__scatter_copy.o)
    0x08000186   0x08000186   0x00000002   PAD
    0x08000188   0x08000188   0x0000001c   Code   RO         2095    !!handler_zi        c_w.l(__scatter_zi.o)
    0x080001a4   0x080001a4   0x00000000   Code   RO         1785    .ARM.Collect$$_printf_percent$$00000000  c_w.l(_printf_percent.o)
    0x080001a4   0x080001a4   0x00000006   Code   RO         1850    .ARM.Collect$$_printf_percent$$00000001  c_w.l(_printf_n.o)
    0x080001aa   0x080001aa   0x00000006   Code   RO         1852    .ARM.Collect$$_printf_percent$$00000002  c_w.l(_printf_p.o)
    0x080001b0   0x080001b0   0x00000006   Code   RO         1856    .ARM.Collect$$_printf_percent$$00000003  c_w.l(_printf_f.o)
    0x080001b6   0x080001b6   0x00000006   Code   RO         1857    .ARM.Collect$$_printf_percent$$00000004  c_w.l(_printf_e.o)
    0x080001bc   0x080001bc   0x00000006   Code   RO         1858    .ARM.Collect$$_printf_percent$$00000005  c_w.l(_printf_g.o)
    0x080001c2   0x080001c2   0x00000006   Code   RO         1859    .ARM.Collect$$_printf_percent$$00000006  c_w.l(_printf_a.o)
    0x080001c8   0x080001c8   0x0000000a   Code   RO         1864    .ARM.Collect$$_printf_percent$$00000007  c_w.l(_printf_ll.o)
    0x080001d2   0x080001d2   0x00000006   Code   RO         1854    .ARM.Collect$$_printf_percent$$00000008  c_w.l(_printf_i.o)
    0x080001d8   0x080001d8   0x00000006   Code   RO         1784    .ARM.Collect$$_printf_percent$$00000009  c_w.l(_printf_d.o)
    0x080001de   0x080001de   0x00000006   Code   RO         1855    .ARM.Collect$$_printf_percent$$0000000A  c_w.l(_printf_u.o)
    0x080001e4   0x080001e4   0x00000006   Code   RO         1853    .ARM.Collect$$_printf_percent$$0000000B  c_w.l(_printf_o.o)
    0x080001ea   0x080001ea   0x00000006   Code   RO         1851    .ARM.Collect$$_printf_percent$$0000000C  c_w.l(_printf_x.o)
    0x080001f0   0x080001f0   0x00000006   Code   RO         1861    .ARM.Collect$$_printf_percent$$0000000D  c_w.l(_printf_lli.o)
    0x080001f6   0x080001f6   0x00000006   Code   RO         1862    .ARM.Collect$$_printf_percent$$0000000E  c_w.l(_printf_lld.o)
    0x080001fc   0x080001fc   0x00000006   Code   RO         1863    .ARM.Collect$$_printf_percent$$0000000F  c_w.l(_printf_llu.o)
    0x08000202   0x08000202   0x00000006   Code   RO         1868    .ARM.Collect$$_printf_percent$$00000010  c_w.l(_printf_llo.o)
    0x08000208   0x08000208   0x00000006   Code   RO         1869    .ARM.Collect$$_printf_percent$$00000011  c_w.l(_printf_llx.o)
    0x0800020e   0x0800020e   0x0000000a   Code   RO         1865    .ARM.Collect$$_printf_percent$$00000012  c_w.l(_printf_l.o)
    0x08000218   0x08000218   0x00000006   Code   RO         1849    .ARM.Collect$$_printf_percent$$00000013  c_w.l(_printf_c.o)
    0x0800021e   0x0800021e   0x00000006   Code   RO         1783    .ARM.Collect$$_printf_percent$$00000014  c_w.l(_printf_s.o)
    0x08000224   0x08000224   0x00000006   Code   RO         1866    .ARM.Collect$$_printf_percent$$00000015  c_w.l(_printf_lc.o)
    0x0800022a   0x0800022a   0x00000006   Code   RO         1867    .ARM.Collect$$_printf_percent$$00000016  c_w.l(_printf_ls.o)
    0x08000230   0x08000230   0x00000004   Code   RO         1860    .ARM.Collect$$_printf_percent$$00000017  c_w.l(_printf_percent_end.o)
    0x08000234   0x08000234   0x00000002   Code   RO         1956    .ARM.Collect$$libinit$$00000000  c_w.l(libinit.o)
    0x08000236   0x08000236   0x00000000   Code   RO         1973    .ARM.Collect$$libinit$$00000002  c_w.l(libinit2.o)
    0x08000236   0x08000236   0x00000000   Code   RO         1975    .ARM.Collect$$libinit$$00000004  c_w.l(libinit2.o)
    0x08000236   0x08000236   0x00000000   Code   RO         1978    .ARM.Collect$$libinit$$0000000A  c_w.l(libinit2.o)
    0x08000236   0x08000236   0x00000000   Code   RO         1980    .ARM.Collect$$libinit$$0000000C  c_w.l(libinit2.o)
    0x08000236   0x08000236   0x00000000   Code   RO         1982    .ARM.Collect$$libinit$$0000000E  c_w.l(libinit2.o)
    0x08000236   0x08000236   0x00000006   Code   RO         1983    .ARM.Collect$$libinit$$0000000F  c_w.l(libinit2.o)
    0x0800023c   0x0800023c   0x00000000   Code   RO         1985    .ARM.Collect$$libinit$$00000011  c_w.l(libinit2.o)
    0x0800023c   0x0800023c   0x0000000c   Code   RO         1986    .ARM.Collect$$libinit$$00000012  c_w.l(libinit2.o)
    0x08000248   0x08000248   0x00000000   Code   RO         1987    .ARM.Collect$$libinit$$00000013  c_w.l(libinit2.o)
    0x08000248   0x08000248   0x00000000   Code   RO         1989    .ARM.Collect$$libinit$$00000015  c_w.l(libinit2.o)
    0x08000248   0x08000248   0x0000000a   Code   RO         1990    .ARM.Collect$$libinit$$00000016  c_w.l(libinit2.o)
    0x08000252   0x08000252   0x00000000   Code   RO         1991    .ARM.Collect$$libinit$$00000017  c_w.l(libinit2.o)
    0x08000252   0x08000252   0x00000000   Code   RO         1993    .ARM.Collect$$libinit$$00000019  c_w.l(libinit2.o)
    0x08000252   0x08000252   0x00000000   Code   RO         1995    .ARM.Collect$$libinit$$0000001B  c_w.l(libinit2.o)
    0x08000252   0x08000252   0x00000000   Code   RO         1997    .ARM.Collect$$libinit$$0000001D  c_w.l(libinit2.o)
    0x08000252   0x08000252   0x00000000   Code   RO         1999    .ARM.Collect$$libinit$$0000001F  c_w.l(libinit2.o)
    0x08000252   0x08000252   0x00000000   Code   RO         2001    .ARM.Collect$$libinit$$00000021  c_w.l(libinit2.o)
    0x08000252   0x08000252   0x00000000   Code   RO         2003    .ARM.Collect$$libinit$$00000023  c_w.l(libinit2.o)
    0x08000252   0x08000252   0x00000000   Code   RO         2005    .ARM.Collect$$libinit$$00000025  c_w.l(libinit2.o)
    0x08000252   0x08000252   0x00000000   Code   RO         2009    .ARM.Collect$$libinit$$0000002C  c_w.l(libinit2.o)
    0x08000252   0x08000252   0x00000000   Code   RO         2011    .ARM.Collect$$libinit$$0000002E  c_w.l(libinit2.o)
    0x08000252   0x08000252   0x00000000   Code   RO         2013    .ARM.Collect$$libinit$$00000030  c_w.l(libinit2.o)
    0x08000252   0x08000252   0x00000000   Code   RO         2015    .ARM.Collect$$libinit$$00000032  c_w.l(libinit2.o)
    0x08000252   0x08000252   0x00000002   Code   RO         2016    .ARM.Collect$$libinit$$00000033  c_w.l(libinit2.o)
    0x08000254   0x08000254   0x00000002   Code   RO         2034    .ARM.Collect$$libshutdown$$00000000  c_w.l(libshutdown.o)
    0x08000256   0x08000256   0x00000000   Code   RO         2045    .ARM.Collect$$libshutdown$$00000003  c_w.l(libshutdown2.o)
    0x08000256   0x08000256   0x00000000   Code   RO         2048    .ARM.Collect$$libshutdown$$00000006  c_w.l(libshutdown2.o)
    0x08000256   0x08000256   0x00000000   Code   RO         2051    .ARM.Collect$$libshutdown$$00000009  c_w.l(libshutdown2.o)
    0x08000256   0x08000256   0x00000000   Code   RO         2053    .ARM.Collect$$libshutdown$$0000000B  c_w.l(libshutdown2.o)
    0x08000256   0x08000256   0x00000000   Code   RO         2056    .ARM.Collect$$libshutdown$$0000000E  c_w.l(libshutdown2.o)
    0x08000256   0x08000256   0x00000002   Code   RO         2057    .ARM.Collect$$libshutdown$$0000000F  c_w.l(libshutdown2.o)
    0x08000258   0x08000258   0x00000000   Code   RO         1800    .ARM.Collect$$rtentry$$00000000  c_w.l(__rtentry.o)
    0x08000258   0x08000258   0x00000000   Code   RO         1879    .ARM.Collect$$rtentry$$00000002  c_w.l(__rtentry2.o)
    0x08000258   0x08000258   0x00000006   Code   RO         1891    .ARM.Collect$$rtentry$$00000004  c_w.l(__rtentry4.o)
    0x0800025e   0x0800025e   0x00000000   Code   RO         1881    .ARM.Collect$$rtentry$$00000009  c_w.l(__rtentry2.o)
    0x0800025e   0x0800025e   0x00000004   Code   RO         1882    .ARM.Collect$$rtentry$$0000000A  c_w.l(__rtentry2.o)
    0x08000262   0x08000262   0x00000000   Code   RO         1884    .ARM.Collect$$rtentry$$0000000C  c_w.l(__rtentry2.o)
    0x08000262   0x08000262   0x00000008   Code   RO         1885    .ARM.Collect$$rtentry$$0000000D  c_w.l(__rtentry2.o)
    0x0800026a   0x0800026a   0x00000002   Code   RO         1965    .ARM.Collect$$rtexit$$00000000  c_w.l(rtexit.o)
    0x0800026c   0x0800026c   0x00000000   Code   RO         2018    .ARM.Collect$$rtexit$$00000002  c_w.l(rtexit2.o)
    0x0800026c   0x0800026c   0x00000004   Code   RO         2019    .ARM.Collect$$rtexit$$00000003  c_w.l(rtexit2.o)
    0x08000270   0x08000270   0x00000006   Code   RO         2020    .ARM.Collect$$rtexit$$00000004  c_w.l(rtexit2.o)
    0x08000276   0x08000276   0x00000002   PAD
    0x08000278   0x08000278   0x00000040   Code   RO          661    .text               startup_stm32f10x_hd.o
    0x080002b8   0x080002b8   0x00000002   Code   RO         1745    .text               c_w.l(use_no_semi_2.o)
    0x080002ba   0x080002ba   0x00000002   PAD
    0x080002bc   0x080002bc   0x00000024   Code   RO         1747    .text               c_w.l(vsprintf.o)
    0x080002e0   0x080002e0   0x00000018   Code   RO         1749    .text               c_w.l(__2printf.o)
    0x080002f8   0x080002f8   0x0000002c   Code   RO         1751    .text               c_w.l(__2sprintf.o)
    0x08000324   0x08000324   0x00000052   Code   RO         1759    .text               c_w.l(_printf_str.o)
    0x08000376   0x08000376   0x00000002   PAD
    0x08000378   0x08000378   0x00000078   Code   RO         1761    .text               c_w.l(_printf_dec.o)
    0x080003f0   0x080003f0   0x00000188   Code   RO         1780    .text               c_w.l(__printf_flags_ss_wp.o)
    0x08000578   0x08000578   0x00000024   Code   RO         1786    .text               c_w.l(strstr.o)
    0x0800059c   0x0800059c   0x00000058   Code   RO         1788    .text               c_w.l(memcmp.o)
    0x080005f4   0x080005f4   0x00000048   Code   RO         1790    .text               c_w.l(strcpy.o)
    0x0800063c   0x0800063c   0x0000003e   Code   RO         1792    .text               c_w.l(strlen.o)
    0x0800067a   0x0800067a   0x00000006   Code   RO         1794    .text               c_w.l(heapauxi.o)
    0x08000680   0x08000680   0x00000002   Code   RO         1798    .text               c_w.l(use_no_semi.o)
    0x08000682   0x08000682   0x0000004e   Code   RO         1801    .text               c_w.l(_printf_pad.o)
    0x080006d0   0x080006d0   0x00000024   Code   RO         1803    .text               c_w.l(_printf_truncate.o)
    0x080006f4   0x080006f4   0x000000b2   Code   RO         1805    .text               c_w.l(_printf_intcommon.o)
    0x080007a6   0x080007a6   0x00000028   Code   RO         1807    .text               c_w.l(_printf_charcount.o)
    0x080007ce   0x080007ce   0x00000002   PAD
    0x080007d0   0x080007d0   0x00000030   Code   RO         1809    .text               c_w.l(_printf_char_common.o)
    0x08000800   0x08000800   0x0000000a   Code   RO         1811    .text               c_w.l(_sputc.o)
    0x0800080a   0x0800080a   0x0000002c   Code   RO         1813    .text               c_w.l(_printf_char.o)
    0x08000836   0x08000836   0x00000002   PAD
    0x08000838   0x08000838   0x00000024   Code   RO         1815    .text               c_w.l(_printf_char_file.o)
    0x0800085c   0x0800085c   0x000000bc   Code   RO         1817    .text               c_w.l(_printf_wctomb.o)
    0x08000918   0x08000918   0x0000007c   Code   RO         1820    .text               c_w.l(_printf_longlong_dec.o)
    0x08000994   0x08000994   0x00000070   Code   RO         1826    .text               c_w.l(_printf_oct_int_ll.o)
    0x08000a04   0x08000a04   0x00000094   Code   RO         1846    .text               c_w.l(_printf_hex_int_ll_ptr.o)
    0x08000a98   0x08000a98   0x0000008a   Code   RO         1893    .text               c_w.l(lludiv10.o)
    0x08000b22   0x08000b22   0x0000041a   Code   RO         1895    .text               c_w.l(_printf_fp_dec.o)
    0x08000f3c   0x08000f3c   0x000002fc   Code   RO         1897    .text               c_w.l(_printf_fp_hex.o)
    0x08001238   0x08001238   0x0000002c   Code   RO         1902    .text               c_w.l(_printf_wchar.o)
    0x08001264   0x08001264   0x00000008   Code   RO         1904    .text               c_w.l(ferror.o)
    0x0800126c   0x0800126c   0x00000040   Code   RO         1908    .text               c_w.l(_wcrtomb.o)
    0x080012ac   0x080012ac   0x0000004a   Code   RO         1910    .text               c_w.l(sys_stackheap_outer.o)
    0x080012f6   0x080012f6   0x00000002   PAD
    0x080012f8   0x080012f8   0x00000010   Code   RO         1912    .text               c_w.l(rt_ctype_table.o)
    0x08001308   0x08001308   0x00000008   Code   RO         1917    .text               c_w.l(rt_locale_intlibspace.o)
    0x08001310   0x08001310   0x00000080   Code   RO         1919    .text               c_w.l(_printf_fp_infnan.o)
    0x08001390   0x08001390   0x000000dc   Code   RO         1921    .text               c_w.l(bigflt0.o)
    0x0800146c   0x0800146c   0x0000000c   Code   RO         1949    .text               c_w.l(exit.o)
    0x08001478   0x08001478   0x00000008   Code   RO         1962    .text               c_w.l(libspace.o)
    0x08001480   0x08001480   0x00000080   Code   RO         1970    .text               c_w.l(strcmpv7m.o)
    0x08001500   0x08001500   0x0000003e   Code   RO         1924    CL$$btod_d2e        c_w.l(btod.o)
    0x0800153e   0x0800153e   0x00000046   Code   RO         1926    CL$$btod_d2e_denorm_low  c_w.l(btod.o)
    0x08001584   0x08001584   0x00000060   Code   RO         1925    CL$$btod_d2e_norm_op1  c_w.l(btod.o)
    0x080015e4   0x080015e4   0x00000338   Code   RO         1934    CL$$btod_div_common  c_w.l(btod.o)
    0x0800191c   0x0800191c   0x000000c6   Code   RO         1931    CL$$btod_e2e        c_w.l(btod.o)
    0x080019e2   0x080019e2   0x00000028   Code   RO         1928    CL$$btod_ediv       c_w.l(btod.o)
    0x08001a0a   0x08001a0a   0x00000028   Code   RO         1927    CL$$btod_emul       c_w.l(btod.o)
    0x08001a32   0x08001a32   0x00000244   Code   RO         1933    CL$$btod_mult_common  c_w.l(btod.o)
    0x08001c76   0x08001c76   0x00000004   Code   RO          145    i.BusFault_Handler  stm32f10x_it.o
    0x08001c7a   0x08001c7a   0x00000002   Code   RO          146    i.DebugMon_Handler  stm32f10x_it.o
    0x08001c7c   0x08001c7c   0x00000116   Code   RO          671    i.GPIO_Init         stm32f10x_gpio.o
    0x08001d92   0x08001d92   0x00000004   Code   RO          678    i.GPIO_ResetBits    stm32f10x_gpio.o
    0x08001d96   0x08001d96   0x00000004   Code   RO          679    i.GPIO_SetBits      stm32f10x_gpio.o
    0x08001d9a   0x08001d9a   0x0000000a   Code   RO          682    i.GPIO_WriteBit     stm32f10x_gpio.o
    0x08001da4   0x08001da4   0x00000004   Code   RO          147    i.HardFault_Handler  stm32f10x_it.o
    0x08001da8   0x08001da8   0x00000050   Code   RO          268    i.LED_Init          led.o
    0x08001df8   0x08001df8   0x00000004   Code   RO          148    i.MemManage_Handler  stm32f10x_it.o
    0x08001dfc   0x08001dfc   0x00000002   Code   RO          149    i.NMI_Handler       stm32f10x_it.o
    0x08001dfe   0x08001dfe   0x00000002   PAD
    0x08001e00   0x08001e00   0x00000070   Code   RO         1159    i.NVIC_Init         misc.o
    0x08001e70   0x08001e70   0x00000050   Code   RO          360    i.OLED_I2C_SendByte  oled.o
    0x08001ec0   0x08001ec0   0x00000030   Code   RO          361    i.OLED_I2C_Start    oled.o
    0x08001ef0   0x08001ef0   0x00000028   Code   RO          362    i.OLED_I2C_Stop     oled.o
    0x08001f18   0x08001f18   0x00000014   Code   RO          364    i.OLED_Pow          oled.o
    0x08001f2c   0x08001f2c   0x00000022   Code   RO          365    i.OLED_SetCursor    oled.o
    0x08001f4e   0x08001f4e   0x00000002   PAD
    0x08001f50   0x08001f50   0x00000074   Code   RO          367    i.OLED_ShowChar     oled.o
    0x08001fc4   0x08001fc4   0x00000044   Code   RO          369    i.OLED_ShowNum      oled.o
    0x08002008   0x08002008   0x00000028   Code   RO          371    i.OLED_ShowString   oled.o
    0x08002030   0x08002030   0x00000020   Code   RO          372    i.OLED_WriteCommand  oled.o
    0x08002050   0x08002050   0x00000020   Code   RO          373    i.OLED_WriteData    oled.o
    0x08002070   0x08002070   0x00000002   Code   RO          150    i.PendSV_Handler    stm32f10x_it.o
    0x08002072   0x08002072   0x00000002   PAD
    0x08002074   0x08002074   0x00000020   Code   RO          781    i.RCC_APB1PeriphClockCmd  stm32f10x_rcc.o
    0x08002094   0x08002094   0x00000020   Code   RO          782    i.RCC_APB1PeriphResetCmd  stm32f10x_rcc.o
    0x080020b4   0x080020b4   0x00000020   Code   RO          783    i.RCC_APB2PeriphClockCmd  stm32f10x_rcc.o
    0x080020d4   0x080020d4   0x00000020   Code   RO          784    i.RCC_APB2PeriphResetCmd  stm32f10x_rcc.o
    0x080020f4   0x080020f4   0x000000d4   Code   RO          791    i.RCC_GetClocksFreq  stm32f10x_rcc.o
    0x080021c8   0x080021c8   0x00000002   Code   RO          151    i.SVC_Handler       stm32f10x_it.o
    0x080021ca   0x080021ca   0x00000008   Code   RO          234    i.SetSysClock       system_stm32f10x.o
    0x080021d2   0x080021d2   0x00000002   PAD
    0x080021d4   0x080021d4   0x000000e0   Code   RO          235    i.SetSysClockTo72   system_stm32f10x.o
    0x080022b4   0x080022b4   0x00000028   Code   RO         1163    i.SysTick_CLKSourceConfig  misc.o
    0x080022dc   0x080022dc   0x00000002   Code   RO          152    i.SysTick_Handler   stm32f10x_it.o
    0x080022de   0x080022de   0x00000002   PAD
    0x080022e0   0x080022e0   0x00000060   Code   RO          237    i.SystemInit        system_stm32f10x.o
    0x08002340   0x08002340   0x000000b4   Code   RO          624    i.TIM3_IRQHandler   timer.o
    0x080023f4   0x080023f4   0x00000060   Code   RO          625    i.TIM3_Int_Init     timer.o
    0x08002454   0x08002454   0x00000030   Code   RO          568    i.TIM4_IRQHandler   usart2.o
    0x08002484   0x08002484   0x00000058   Code   RO          569    i.TIM4_Init         usart2.o
    0x080024dc   0x080024dc   0x00000028   Code   RO          570    i.TIM4_Set          usart2.o
    0x08002504   0x08002504   0x00000006   Code   RO         1206    i.TIM_ClearITPendingBit  stm32f10x_tim.o
    0x0800250a   0x0800250a   0x00000018   Code   RO         1211    i.TIM_Cmd           stm32f10x_tim.o
    0x08002522   0x08002522   0x00000022   Code   RO         1232    i.TIM_GetITStatus   stm32f10x_tim.o
    0x08002544   0x08002544   0x00000012   Code   RO         1236    i.TIM_ITConfig      stm32f10x_tim.o
    0x08002556   0x08002556   0x00000004   Code   RO         1276    i.TIM_SetCounter    stm32f10x_tim.o
    0x0800255a   0x0800255a   0x00000002   PAD
    0x0800255c   0x0800255c   0x000000a4   Code   RO         1282    i.TIM_TimeBaseInit  stm32f10x_tim.o
    0x08002600   0x08002600   0x00000088   Code   RO          521    i.USART1_IRQHandler  usart.o
    0x08002688   0x08002688   0x00000064   Code   RO          571    i.USART2_IRQHandler  usart2.o
    0x080026ec   0x080026ec   0x000000c0   Code   RO          572    i.USART2_Init       usart2.o
    0x080027ac   0x080027ac   0x00000018   Code   RO          983    i.USART_Cmd         stm32f10x_usart.o
    0x080027c4   0x080027c4   0x0000009c   Code   RO          985    i.USART_DeInit      stm32f10x_usart.o
    0x08002860   0x08002860   0x00000054   Code   RO          987    i.USART_GetITStatus  stm32f10x_usart.o
    0x080028b4   0x080028b4   0x0000004a   Code   RO          989    i.USART_ITConfig    stm32f10x_usart.o
    0x080028fe   0x080028fe   0x00000002   PAD
    0x08002900   0x08002900   0x000000d8   Code   RO          990    i.USART_Init        stm32f10x_usart.o
    0x080029d8   0x080029d8   0x0000000a   Code   RO          997    i.USART_ReceiveData  stm32f10x_usart.o
    0x080029e2   0x080029e2   0x00000004   Code   RO          153    i.UsageFault_Handler  stm32f10x_it.o
    0x080029e6   0x080029e6   0x00000028   Code   RO         1960    i.__ARM_fpclassify  m_ws.l(fpclassify.o)
    0x08002a0e   0x08002a0e   0x0000000e   Code   RO         1773    i._is_digit         c_w.l(__printf_wp.o)
    0x08002a1c   0x08002a1c   0x00000004   Code   RO          522    i._sys_exit         usart.o
    0x08002a20   0x08002a20   0x00000044   Code   RO          466    i.delay_init        delay.o
    0x08002a64   0x08002a64   0x0000004c   Code   RO          467    i.delay_ms          delay.o
    0x08002ab0   0x08002ab0   0x0000001c   Code   RO          523    i.fputc             usart.o
    0x08002acc   0x08002acc   0x000001ac   Code   RO          322    i.init_wifi         wifi.o
    0x08002c78   0x08002c78   0x00000140   Code   RO            1    i.main              main.o
    0x08002db8   0x08002db8   0x00000020   Code   RO          323    i.rst_wifi          wifi.o
    0x08002dd8   0x08002dd8   0x000000dc   Code   RO            2    i.show_all          main.o
    0x08002eb4   0x08002eb4   0x0000005c   Code   RO          573    i.u2_printf         usart2.o
    0x08002f10   0x08002f10   0x000000a0   Code   RO          525    i.uart_init         usart.o
    0x08002fb0   0x08002fb0   0x00000034   Code   RO          324    i.wifi_GPIO_Init    wifi.o
    0x08002fe4   0x08002fe4   0x00000034   Code   RO          325    i.wifi_check_cmd    wifi.o
    0x08003018   0x08003018   0x00000060   Code   RO          326    i.wifi_send_cmd     wifi.o
    0x08003078   0x08003078   0x0000002c   Code   RO         1947    locale$$code        c_w.l(lc_numeric_c.o)
    0x080030a4   0x080030a4   0x0000002c   Code   RO         1968    locale$$code        c_w.l(lc_ctype_c.o)
    0x080030d0   0x080030d0   0x00000004   Code   RO         1870    x$fpl$printf1       fz_ws.l(printf1.o)
    0x080030d4   0x080030d4   0x00000004   Code   RO         1872    x$fpl$printf2       fz_ws.l(printf2.o)
    0x080030d8   0x080030d8   0x00000000   Code   RO         1959    x$fpl$usenofp       fz_ws.l(usenofp.o)
    0x080030d8   0x080030d8   0x000005f0   Data   RO          374    .constdata          oled.o
    0x080036c8   0x080036c8   0x00000011   Data   RO         1781    .constdata          c_w.l(__printf_flags_ss_wp.o)
    0x080036d9   0x080036d9   0x00000003   PAD
    0x080036dc   0x080036dc   0x00000008   Data   RO         1818    .constdata          c_w.l(_printf_wctomb.o)
    0x080036e4   0x080036e4   0x00000028   Data   RO         1847    .constdata          c_w.l(_printf_hex_int_ll_ptr.o)
    0x0800370c   0x0800370c   0x00000026   Data   RO         1898    .constdata          c_w.l(_printf_fp_hex.o)
    0x08003732   0x08003732   0x00000002   PAD
    0x08003734   0x08003734   0x00000094   Data   RO         1922    .constdata          c_w.l(bigflt0.o)
    0x080037c8   0x080037c8   0x00000046   Data   RO            4    .conststring        main.o
    0x0800380e   0x0800380e   0x00000002   PAD
    0x08003810   0x08003810   0x00000053   Data   RO          627    .conststring        timer.o
    0x08003863   0x08003863   0x00000001   PAD
    0x08003864   0x08003864   0x00000020   Data   RO         2089    Region$$Table       anon$$obj.o
    0x08003884   0x08003884   0x0000001c   Data   RO         1946    locale$$data        c_w.l(lc_numeric_c.o)
    0x080038a0   0x080038a0   0x00000110   Data   RO         1967    locale$$data        c_w.l(lc_ctype_c.o)


    Execution Region RW_IRAM1 (Exec base: 0x20000000, Load base: 0x080039b0, Size: 0x00001020, Max: 0x0000c000, ABSOLUTE)

    Exec Addr    Load Addr    Size         Type   Attr      Idx    E Section Name        Object

    0x20000000   0x080039b0   0x00000024   Data   RW            5    .data               main.o
    0x20000024   0x080039d4   0x00000014   Data   RW          238    .data               system_stm32f10x.o
    0x20000038   0x080039e8   0x00000004   Data   RW          469    .data               delay.o
    0x2000003c   0x080039ec   0x00000006   Data   RW          527    .data               usart.o
    0x20000042   0x080039f2   0x00000002   Data   RW          575    .data               usart2.o
    0x20000044   0x080039f4   0x00000014   Data   RW          811    .data               stm32f10x_rcc.o
    0x20000058        -       0x00000064   Zero   RW            3    .bss                main.o
    0x200000bc        -       0x000000c8   Zero   RW          526    .bss                usart.o
    0x20000184   0x08003a08   0x00000004   PAD
    0x20000188        -       0x00000800   Zero   RW          574    .bss                usart2.o
    0x20000988        -       0x00000032   Zero   RW          626    .bss                timer.o
    0x200009ba   0x08003a08   0x00000002   PAD
    0x200009bc        -       0x00000060   Zero   RW         1963    .bss                c_w.l(libspace.o)
    0x20000a1c   0x08003a08   0x00000004   PAD
    0x20000a20        -       0x00000200   Zero   RW          659    HEAP                startup_stm32f10x_hd.o
    0x20000c20        -       0x00000400   Zero   RW          658    STACK               startup_stm32f10x_hd.o


==============================================================================

Image component sizes


      Code (inc. data)   RO Data    RW Data    ZI Data      Debug   Object Name

       144         22          0          4          0       1136   delay.o
        80          8          0          0          0        479   led.o
       540        116         70         36        100     254680   main.o
       152         12          0          0          0       1490   misc.o
       510         22       1520          0          0       5852   oled.o
        64         26        304          0       1536        780   startup_stm32f10x_hd.o
       296          0          0          0          0       3520   stm32f10x_gpio.o
        26          0          0          0          0       3550   stm32f10x_it.o
       340         44          0         20          0       5456   stm32f10x_rcc.o
       250         42          0          0          0       3955   stm32f10x_tim.o
       564         28          0          0          0       5429   stm32f10x_usart.o
         0          0          0          0          0         32   sys.o
       328         28          0         20          0       1997   system_stm32f10x.o
       276         60         83          0         50       2005   timer.o
       328         26          0          6        200       3988   usart.o
       560         56          0          2       2048       4771   usart2.o
       660        308          0          0          0       3169   wifi.o

    ----------------------------------------------------------------------
      5132        798       2012         88       3940     302289   Object Totals
         0          0         32          0          0          0   (incl. Generated)
        14          0          3          0          6          0   (incl. Padding)

    ----------------------------------------------------------------------

      Code (inc. data)   RO Data    RW Data    ZI Data      Debug   Library Member Name

        24          4          0          0          0         84   __2printf.o
        44          6          0          0          0         84   __2sprintf.o
         8          0          0          0          0         68   __main.o
       392          4         17          0          0         92   __printf_flags_ss_wp.o
        14          0          0          0          0         68   __printf_wp.o
         0          0          0          0          0          0   __rtentry.o
        12          0          0          0          0          0   __rtentry2.o
         6          0          0          0          0          0   __rtentry4.o
        52          8          0          0          0          0   __scatter.o
        26          0          0          0          0          0   __scatter_copy.o
        28          0          0          0          0          0   __scatter_zi.o
         6          0          0          0          0          0   _printf_a.o
         6          0          0          0          0          0   _printf_c.o
        44          0          0          0          0        108   _printf_char.o
        48          6          0          0          0         96   _printf_char_common.o
        36          4          0          0          0         80   _printf_char_file.o
        40          0          0          0          0         68   _printf_charcount.o
         6          0          0          0          0          0   _printf_d.o
       120         16          0          0          0         92   _printf_dec.o
         6          0          0          0          0          0   _printf_e.o
         6          0          0          0          0          0   _printf_f.o
      1050          0          0          0          0        216   _printf_fp_dec.o
       764         10         38          0          0        100   _printf_fp_hex.o
       128         16          0          0          0         84   _printf_fp_infnan.o
         6          0          0          0          0          0   _printf_g.o
       148          4         40          0          0        160   _printf_hex_int_ll_ptr.o
         6          0          0          0          0          0   _printf_i.o
       178          0          0          0          0         88   _printf_intcommon.o
        10          0          0          0          0          0   _printf_l.o
         6          0          0          0          0          0   _printf_lc.o
        10          0          0          0          0          0   _printf_ll.o
         6          0          0          0          0          0   _printf_lld.o
         6          0          0          0          0          0   _printf_lli.o
         6          0          0          0          0          0   _printf_llo.o
         6          0          0          0          0          0   _printf_llu.o
         6          0          0          0          0          0   _printf_llx.o
       124         16          0          0          0         92   _printf_longlong_dec.o
         6          0          0          0          0          0   _printf_ls.o
         6          0          0          0          0          0   _printf_n.o
         6          0          0          0          0          0   _printf_o.o
       112          8          0          0          0        124   _printf_oct_int_ll.o
         6          0          0          0          0          0   _printf_p.o
        78          0          0          0          0        108   _printf_pad.o
         0          0          0          0          0          0   _printf_percent.o
         4          0          0          0          0          0   _printf_percent_end.o
         6          0          0          0          0          0   _printf_s.o
        82          0          0          0          0         80   _printf_str.o
        36          0          0          0          0         84   _printf_truncate.o
         6          0          0          0          0          0   _printf_u.o
        44          0          0          0          0        108   _printf_wchar.o
       188          6          8          0          0         92   _printf_wctomb.o
         6          0          0          0          0          0   _printf_x.o
        10          0          0          0          0         68   _sputc.o
        64          0          0          0          0         92   _wcrtomb.o
       220          4        148          0          0         96   bigflt0.o
      1910        128          0          0          0        672   btod.o
        12          0          0          0          0         72   exit.o
         8          0          0          0          0         68   ferror.o
         6          0          0          0          0        152   heapauxi.o
        44         10        272          0          0         76   lc_ctype_c.o
        44         10         28          0          0         76   lc_numeric_c.o
         2          0          0          0          0          0   libinit.o
        30          0          0          0          0          0   libinit2.o
         2          0          0          0          0          0   libshutdown.o
         2          0          0          0          0          0   libshutdown2.o
         8          4          0          0         96         68   libspace.o
       138          0          0          0          0         80   lludiv10.o
        88          0          0          0          0         76   memcmp.o
        16          4          0          0          0         76   rt_ctype_table.o
         8          4          0          0          0         68   rt_locale_intlibspace.o
         2          0          0          0          0          0   rtexit.o
        10          0          0          0          0          0   rtexit2.o
       128          0          0          0          0         68   strcmpv7m.o
        72          0          0          0          0         80   strcpy.o
        62          0          0          0          0         76   strlen.o
        36          0          0          0          0         80   strstr.o
        74          0          0          0          0         80   sys_stackheap_outer.o
         2          0          0          0          0         68   use_no_semi.o
         2          0          0          0          0         68   use_no_semi_2.o
        36          4          0          0          0         76   vsprintf.o
         4          0          0          0          0         68   printf1.o
         4          0          0          0          0         68   printf2.o
         0          0          0          0          0          0   usenofp.o
        40          0          0          0          0         68   fpclassify.o

    ----------------------------------------------------------------------
      7068        276        556          0        100       4716   Library Totals
        14          0          5          0          4          0   (incl. Padding)

    ----------------------------------------------------------------------

      Code (inc. data)   RO Data    RW Data    ZI Data      Debug   Library Name

      7006        276        551          0         96       4512   c_w.l
         8          0          0          0          0        136   fz_ws.l
        40          0          0          0          0         68   m_ws.l

    ----------------------------------------------------------------------
      7068        276        556          0        100       4716   Library Totals

    ----------------------------------------------------------------------

==============================================================================


      Code (inc. data)   RO Data    RW Data    ZI Data      Debug   

     12200       1074       2568         88       4040     301125   Grand Totals
     12200       1074       2568         88       4040     301125   ELF Image Totals
     12200       1074       2568         88          0          0   ROM Totals

==============================================================================

    Total RO  Size (Code + RO Data)                14768 (  14.42kB)
    Total RW  Size (RW Data + ZI Data)              4128 (   4.03kB)
    Total ROM Size (Code + RO Data + RW Data)      14856 (  14.51kB)

==============================================================================

